******************************************************************************
                  MSP430 Linker PC v20.2.1                     
******************************************************************************
>> Linked Sun Mar 28 16:25:04 2021

OUTPUT FILE NAME:   <ecen4620_firmware.out>
ENTRY POINT SYMBOL: "_c_int00_noargs"  address: 000047de


MEMORY CONFIGURATION

         name            origin    length      used     unused   attr    fill
----------------------  --------  ---------  --------  --------  ----  --------
  SFR                   00000000   00000010  00000000  00000010  RWIX
  PERIPHERALS_8BIT      00000010   000000f0  00000000  000000f0  RWIX
  PERIPHERALS_16BIT     00000100   00000100  00000000  00000100  RWIX
  INFOD                 00001800   00000080  00000000  00000080  RWIX
  INFOC                 00001880   00000080  00000000  00000080  RWIX
  INFOB                 00001900   00000080  00000000  00000080  RWIX
  INFOA                 00001980   00000080  00000000  00000080  RWIX
  USBRAM                00001c00   00000800  00000000  00000800  RWIX
  RAM                   00002400   00002000  0000189f  00000761  RWIX
  FLASH                 00004400   0000bb80  000017ca  0000a3b6  RWIX
  INT00                 0000ff80   00000002  00000000  00000002  RWIX
  INT01                 0000ff82   00000002  00000000  00000002  RWIX
  INT02                 0000ff84   00000002  00000000  00000002  RWIX
  INT03                 0000ff86   00000002  00000000  00000002  RWIX
  INT04                 0000ff88   00000002  00000000  00000002  RWIX
  INT05                 0000ff8a   00000002  00000000  00000002  RWIX
  INT06                 0000ff8c   00000002  00000000  00000002  RWIX
  INT07                 0000ff8e   00000002  00000000  00000002  RWIX
  INT08                 0000ff90   00000002  00000000  00000002  RWIX
  INT09                 0000ff92   00000002  00000000  00000002  RWIX
  INT10                 0000ff94   00000002  00000000  00000002  RWIX
  INT11                 0000ff96   00000002  00000000  00000002  RWIX
  INT12                 0000ff98   00000002  00000000  00000002  RWIX
  INT13                 0000ff9a   00000002  00000000  00000002  RWIX
  INT14                 0000ff9c   00000002  00000000  00000002  RWIX
  INT15                 0000ff9e   00000002  00000000  00000002  RWIX
  INT16                 0000ffa0   00000002  00000000  00000002  RWIX
  INT17                 0000ffa2   00000002  00000000  00000002  RWIX
  INT18                 0000ffa4   00000002  00000000  00000002  RWIX
  INT19                 0000ffa6   00000002  00000000  00000002  RWIX
  INT20                 0000ffa8   00000002  00000000  00000002  RWIX
  INT21                 0000ffaa   00000002  00000000  00000002  RWIX
  INT22                 0000ffac   00000002  00000000  00000002  RWIX
  INT23                 0000ffae   00000002  00000000  00000002  RWIX
  INT24                 0000ffb0   00000002  00000000  00000002  RWIX
  INT25                 0000ffb2   00000002  00000000  00000002  RWIX
  INT26                 0000ffb4   00000002  00000000  00000002  RWIX
  INT27                 0000ffb6   00000002  00000000  00000002  RWIX
  INT28                 0000ffb8   00000002  00000000  00000002  RWIX
  INT29                 0000ffba   00000002  00000000  00000002  RWIX
  INT30                 0000ffbc   00000002  00000000  00000002  RWIX
  INT31                 0000ffbe   00000002  00000000  00000002  RWIX
  INT32                 0000ffc0   00000002  00000000  00000002  RWIX
  INT33                 0000ffc2   00000002  00000000  00000002  RWIX
  INT34                 0000ffc4   00000002  00000000  00000002  RWIX
  INT35                 0000ffc6   00000002  00000000  00000002  RWIX
  INT36                 0000ffc8   00000002  00000000  00000002  RWIX
  INT37                 0000ffca   00000002  00000000  00000002  RWIX
  INT38                 0000ffcc   00000002  00000000  00000002  RWIX
  INT39                 0000ffce   00000002  00000000  00000002  RWIX
  INT40                 0000ffd0   00000002  00000000  00000002  RWIX
  INT41                 0000ffd2   00000002  00000002  00000000  RWIX
  INT42                 0000ffd4   00000002  00000002  00000000  RWIX
  INT43                 0000ffd6   00000002  00000002  00000000  RWIX
  INT44                 0000ffd8   00000002  00000002  00000000  RWIX
  INT45                 0000ffda   00000002  00000002  00000000  RWIX
  INT46                 0000ffdc   00000002  00000002  00000000  RWIX
  INT47                 0000ffde   00000002  00000002  00000000  RWIX
  INT48                 0000ffe0   00000002  00000002  00000000  RWIX
  INT49                 0000ffe2   00000002  00000002  00000000  RWIX
  INT50                 0000ffe4   00000002  00000002  00000000  RWIX
  INT51                 0000ffe6   00000002  00000002  00000000  RWIX
  INT52                 0000ffe8   00000002  00000002  00000000  RWIX
  INT53                 0000ffea   00000002  00000002  00000000  RWIX
  INT54                 0000ffec   00000002  00000002  00000000  RWIX
  INT55                 0000ffee   00000002  00000002  00000000  RWIX
  INT56                 0000fff0   00000002  00000002  00000000  RWIX
  INT57                 0000fff2   00000002  00000002  00000000  RWIX
  INT58                 0000fff4   00000002  00000002  00000000  RWIX
  INT59                 0000fff6   00000002  00000002  00000000  RWIX
  INT60                 0000fff8   00000002  00000002  00000000  RWIX
  INT61                 0000fffa   00000002  00000002  00000000  RWIX
  INT62                 0000fffc   00000002  00000002  00000000  RWIX
  RESET                 0000fffe   00000002  00000002  00000000  RWIX
  FLASH2                00010000   000143f8  0000733c  0000d0bc  RWIX


SECTION ALLOCATION MAP

 output                                  attributes/
section   page    origin      length       input sections
--------  ----  ----------  ----------   ----------------
.bss       0    00002400    00001659     UNINITIALIZED
                  00002400    00000200     control_motors.obj (.bss:phi_align_task_stack_buffer$17)
                  00002600    00000200     control_motors.obj (.bss:phi_turnsteps_task_stack_buffer$13)
                  00002800    00000200     interface.obj (.bss:rx_task_stack_buffer$3)
                  00002a00    00000200     check_alignment.obj (.bss:task_stack_buffer)
                  00002c00    00000200     control_motors.obj (.bss:theta_align_task_stack_buffer$15)
                  00002e00    00000200     control_motors.obj (.bss:theta_turnsteps_task_stack_buffer$11)
                  00003000    00000200     main.obj (.bss:uxIdleTaskStack$2)
                  00003200    00000100     interface.obj (.bss:pending_cmds)
                  00003300    00000084     interface.obj (.bss:done_str$14)
                  00003384    00000062     control_motors.obj (.bss:phi_align_task_task_buffer$18)
                  000033e6    00000062     control_motors.obj (.bss:phi_turnsteps_task_task_buffer$14)
                  00003448    00000062     interface.obj (.bss:rx_task_task_buffer$4)
                  000034aa    00000062     check_alignment.obj (.bss:task_task_buffer)
                  0000350c    00000062     control_motors.obj (.bss:theta_align_task_task_buffer$16)
                  0000356e    00000062     control_motors.obj (.bss:theta_turnsteps_task_task_buffer$12)
                  000035d0    00000062     main.obj (.bss:xIdleTaskTCB$1)
                  00003632    00000040     interface.obj (.bss:args_mem$7)
                  00003672    00000040     interface.obj (.bss:rx_buffer$6)
                  000036b2    00000038     check_alignment.obj (.bss:item_ownership_buffer)
                  000036ea    00000038     control_motors.obj (.bss:phi_align_command_buffer$10)
                  00003722    00000038     control_motors.obj (.bss:phi_ownership_buffer$2)
                  0000375a    00000038     control_motors.obj (.bss:phi_turnsteps_command_buffer$6)
                  00003792    00000038     interface.obj (.bss:rx_available_buffer$1)
                  000037ca    00000038     control_motors.obj (.bss:theta_align_command_buffer$8)
                  00003802    00000038     control_motors.obj (.bss:theta_ownership_buffer$1)
                  0000383a    00000038     control_motors.obj (.bss:theta_turnsteps_command_buffer$4)
                  00003872    00000038     interface.obj (.bss:tx_available_buffer$2)
                  000038aa    00000030     tasks.obj (.bss:pxReadyTasksLists)
                  000038da    00000022     (.common:abramSerialStringDescriptor)
                  000038fc    0000001a     (.common:CdcReadCtrl)
                  00003916    00000010     usb.obj (.bss)
                  00003926    00000010     tasks.obj (.bss:xDelayedTaskList1)
                  00003936    00000010     tasks.obj (.bss:xDelayedTaskList2)
                  00003946    00000010     tasks.obj (.bss:xPendingReadyList)
                  00003956    00000010     tasks.obj (.bss:xSuspendedTaskList)
                  00003966    00000010     tasks.obj (.bss:xTasksWaitingTermination)
                  00003976    0000000e     control_motors.obj (.bss:phi_turnsteps_command_storage_buffer$5)
                  00003984    0000000e     control_motors.obj (.bss:theta_turnsteps_command_storage_buffer$3)
                  00003992    0000000c     error.obj (.bss:info$1)
                  0000399e    0000000c     interface.obj (.bss:rv_msg$12)
                  000039aa    0000000c     interface.obj (.bss:rv_msg$13)
                  000039b6    0000000c     pwm.obj (.bss:taHandler)
                  000039c2    0000000c     pwm.obj (.bss:ta_const_phase)
                  000039ce    0000000c     pwm.obj (.bss:ta_down_phase)
                  000039da    0000000c     pwm.obj (.bss:ta_up_phase)
                  000039e6    0000000c     (.common:CdcWriteCtrl)
                  000039f2    0000000a     check_alignment.obj (.bss:cmd_struct)
                  000039fc    0000000a     control_motors.obj (.bss:phi_align_command_storage_buffer$9)
                  00003a06    0000000a     control_motors.obj (.bss:theta_align_command_storage_buffer$7)
                  00003a10    00000008     UsbCdc.obj (.bss:CdcControl)
                  00003a18    00000008     tasks.obj (.bss)
                  00003a20    00000008     (.common:abUsbRequestIncomingData)
                  00003a28    00000008     (.common:abUsbRequestReturnData)
                  00003a30    00000006     interface.obj (.bss:id_msg$10)
                  00003a36    00000006     interface.obj (.bss:rv_msg$11)
                  00003a3c    00000006     pwm.obj (.bss:ta_target_period)
                  00003a42    00000004     pwm.obj (.bss:ta_gradual)
                  00003a46    00000004     pwm.obj (.bss:ta_output)
                  00003a4a    00000004     (.common:USB_RX_memcpy)
                  00003a4e    00000004     (.common:USB_TX_memcpy)
                  00003a52    00000002     (.common:wBytesRemainingOnIEP0)
                  00003a54    00000002     (.common:wBytesRemainingOnOEP0)
                  00003a56    00000002     (.common:wUsbEventMask)
                  00003a58    00000001     (.common:bStatusAction)

.data      0    00003a5a    000001a6     UNINITIALIZED
                  00003a5a    00000080     error.obj (.data:to_write$2)
                  00003ada    0000002c     control_motors.obj (.data:Phi)
                  00003b06    0000002c     control_motors.obj (.data:Theta)
                  00003b32    00000028     control_motors.obj (.data)
                  00003b5a    00000020     io_interrupts.obj (.data:p1_handlers)
                  00003b7a    00000020     io_interrupts.obj (.data:p2_handlers)
                  00003b9a    0000001e     tasks.obj (.data)
                  00003bb8    00000014     control_motors.obj (.data:orientation_info)
                  00003bcc    00000012     check_alignment.obj (.data)
                  00003bde    0000000c     interface.obj (.data)
                  00003bea    00000008     ucs.obj (.data)
                  00003bf2    00000008     usb.obj (.data)
                  00003bfa    00000004     interface.obj (.data:pending_cmds_empty)
                  00003bfe    00000002     port.obj (.data)

.stack     0    00004360    000000a0     UNINITIALIZED
                  00004360    00000004     rts430x_lc_rd_eabi.lib : boot.c.obj (.stack)
                  00004364    0000009c     --HOLE--

.text:_isr 
*          0    00004400    00000412     
                  00004400    00000150     UsbIsr.obj (.text:_isr:iUsbInterruptHandler)
                  00004550    00000090     pwm.obj (.text:_isr:ta0IRQHandler)
                  000045e0    00000090     pwm.obj (.text:_isr:ta1IRQHandler)
                  00004670    00000090     pwm.obj (.text:_isr:ta2IRQHandler)
                  00004700    0000004a     main.obj (.text:_isr:UNMI_ISR)
                  0000474a    00000040     io_interrupts.obj (.text:_isr:p2_IRQHandler)
                  0000478a    00000038     io_interrupts.obj (.text:_isr:p1_IRQHandler)
                  000047c2    0000001c     check_alignment.obj (.text:_isr:ADC12_A_IRQHandler)
                  000047de    0000001c     rts430x_lc_rd_eabi.lib : boot.c.obj (.text:_isr:_c_int00_noargs)
                  000047fa    00000010     port.obj (.text:_isr:vTickISREntry)
                  0000480a    00000008     rts430x_lc_rd_eabi.lib : isr_trap.asm.obj (.text:_isr:__TI_ISR_TRAP)

.cinit     0    00005b52    00000078     
                  00005b52    00000055     (.cinit..data.load) [load image, compression = lzss]
                  00005ba7    00000001     --HOLE-- [fill = 0]
                  00005ba8    0000000c     (__TI_handler_table)
                  00005bb4    00000006     (.cinit..bss.load) [load image, compression = zero_init]
                  00005bba    00000010     (__TI_cinit_table)

.binit     0    00004400    00000000     

.init_array 
*          0    00004400    00000000     UNINITIALIZED

.const     0    00004812    00001340     
                  00004812    000003b4     timerb_hal.obj (.const:.string)
                  00004bc6    0000033c     queue.obj (.const:.string)
                  00004f02    000002ee     tasks.obj (.const:.string)
                  000051f0    000002c8     control_motors.obj (.const:.string)
                  000054b8    000001a8     interface.obj (.const:.string)
                  00005660    00000142     check_alignment.obj (.const:.string)
                  000057a2    0000010a     descriptors.obj (.const:tUsbRequestList)
                  000058ac    00000092     descriptors.obj (.const:.string:abromStringDescriptor)
                  0000593e    00000052     pwm.obj (.const:.string)
                  00005990    00000043     descriptors.obj (.const:abromConfigurationDescriptorGroup)
                  000059d3    00000001     --HOLE-- [fill = 0]
                  000059d4    0000002c     timera_hal.obj (.const:.string)
                  00005a00    00000022     io_interrupts.obj (.const:.string)
                  00005a22    00000022     usb.obj (.const:.string)
                  00005a44    0000001c     gpio.obj (.const:GPIO_PORT_TO_BASE)
                  00005a60    00000012     descriptors.obj (.const:.string:abromDeviceDescriptor)
                  00005a72    00000010     main.obj (.const:.string)
                  00005a82    00000010     descriptors.obj (.const:stUsbHandle)
                  00005a92    0000000e     control_motors.obj (.const:$P$T0$19)
                  00005aa0    0000000e     check_alignment.obj (.const:$P$T0$1)
                  00005aae    0000000e     led_hil.obj (.const:$P$T0$1)
                  00005abc    0000000e     error.obj (.const:$P$T0$3)
                  00005aca    0000000e     interface.obj (.const:$P$T0$5)
                  00005ad8    0000000e     check_alignment.obj (.const:$P$T1$2)
                  00005ae6    0000000e     port.obj (.const:$P$T1$2)
                  00005af4    0000000e     check_alignment.obj (.const:$P$T2$3)
                  00005b02    0000000e     pwm.obj (.const:$P$T2$3)
                  00005b10    0000000c     port.obj (.const:$P$T0$1)
                  00005b1c    0000000a     usbdma.obj (.const:$P$T0$1)
                  00005b26    0000000a     pwm.obj (.const:$P$T1$2)
                  00005b30    00000008     pwm.obj (.const:$P$T0$1)
                  00005b38    00000008     control_motors.obj (.const:$P$T1$20)
                  00005b40    00000006     interface.obj (.const:.string:nack_msg$9)
                  00005b46    00000005     check_alignment.obj (.const:$P$T3$4)
                  00005b4b    00000001     --HOLE-- [fill = 0]
                  00005b4c    00000003     interface.obj (.const:.string:ack_msg$8)
                  00005b4f    00000001     --HOLE-- [fill = 0]
                  00005b50    00000002     tasks.obj (.const)

RTC        0    0000ffd2    00000002     
                  0000ffd2    00000002     rts430x_lc_rd_eabi.lib : int41.asm.obj (.int41)

PORT2      0    0000ffd4    00000002     
                  0000ffd4    00000002     io_interrupts.obj (.int42)

TIMER2_A1 
*          0    0000ffd6    00000002     
                  0000ffd6    00000002     rts430x_lc_rd_eabi.lib : int43.asm.obj (.int43)

TIMER2_A0 
*          0    0000ffd8    00000002     
                  0000ffd8    00000002     pwm.obj (.int44)

USCI_B1    0    0000ffda    00000002     
                  0000ffda    00000002     rts430x_lc_rd_eabi.lib : int45.asm.obj (.int45)

USCI_A1    0    0000ffdc    00000002     
                  0000ffdc    00000002     rts430x_lc_rd_eabi.lib : int46.asm.obj (.int46)

PORT1      0    0000ffde    00000002     
                  0000ffde    00000002     io_interrupts.obj (.int47)

TIMER1_A1 
*          0    0000ffe0    00000002     
                  0000ffe0    00000002     rts430x_lc_rd_eabi.lib : int48.asm.obj (.int48)

TIMER1_A0 
*          0    0000ffe2    00000002     
                  0000ffe2    00000002     pwm.obj (.int49)

DMA        0    0000ffe4    00000002     
                  0000ffe4    00000002     rts430x_lc_rd_eabi.lib : int50.asm.obj (.int50)

USB_UBM    0    0000ffe6    00000002     
                  0000ffe6    00000002     UsbIsr.obj (.int51)

TIMER0_A1 
*          0    0000ffe8    00000002     
                  0000ffe8    00000002     rts430x_lc_rd_eabi.lib : int52.asm.obj (.int52)

TIMER0_A0 
*          0    0000ffea    00000002     
                  0000ffea    00000002     pwm.obj (.int53)

ADC12      0    0000ffec    00000002     
                  0000ffec    00000002     check_alignment.obj (.int54)

USCI_B0    0    0000ffee    00000002     
                  0000ffee    00000002     rts430x_lc_rd_eabi.lib : int55.asm.obj (.int55)

USCI_A0    0    0000fff0    00000002     
                  0000fff0    00000002     rts430x_lc_rd_eabi.lib : int56.asm.obj (.int56)

WDT        0    0000fff2    00000002     
                  0000fff2    00000002     rts430x_lc_rd_eabi.lib : int57.asm.obj (.int57)

TIMER0_B1 
*          0    0000fff4    00000002     
                  0000fff4    00000002     rts430x_lc_rd_eabi.lib : int58.asm.obj (.int58)

TIMER0_B0 
*          0    0000fff6    00000002     
                  0000fff6    00000002     port.obj (.int59)

COMP_B     0    0000fff8    00000002     
                  0000fff8    00000002     rts430x_lc_rd_eabi.lib : int60.asm.obj (.int60)

UNMI       0    0000fffa    00000002     
                  0000fffa    00000002     main.obj (.int61)

SYSNMI     0    0000fffc    00000002     
                  0000fffc    00000002     rts430x_lc_rd_eabi.lib : int62.asm.obj (.int62)

.reset     0    0000fffe    00000002     
                  0000fffe    00000002     rts430x_lc_rd_eabi.lib : boot.c.obj (.reset)

.text      0    00010000    0000733c     
                  00010000    000007e6     interface.obj (.text:_parseAndExecuteCmd)
                  000107e6    000005c8     timerb_hal.obj (.text:TB_unitTest)
                  00010dae    000004cc     control_motors.obj (.text:CM_init)
                  0001127a    00000478     UsbCdc.obj (.text:USBCDC_receiveData)
                  000116f2    000002de     UsbCdc.obj (.text:CdcToHostFromBuffer)
                  000119d0    00000246     UsbCdc.obj (.text:CdcToBufferFromHost)
                  00011c16    00000240     pwm.obj (.text:PWM_configure)
                  00011e56    000001f0     usb.obj (.text:USB_reset)
                  00012046    000001b6     queue.obj (.text:xQueueGenericSend)
                  000121fc    0000019a     queue.obj (.text:xQueueReceive)
                  00012396    0000018c     queue.obj (.text:xQueueSemaphoreTake)
                  00012522    00000184     timerb_hal.obj (.text:TB_configureCctl)
                  000126a6    0000016c     timera_hal.obj (.text:TA_configureCctl)
                  00012812    0000016a     tasks.obj (.text:xTaskGenericNotify)
                  0001297c    00000140     interface.obj (.text:IF_init)
                  00012abc    00000140     usb.obj (.text:USB_enable)
                  00012bfc    00000140     check_alignment.obj (.text:_initProbe)
                  00012d3c    0000013e     pwm.obj (.text:PWM_start)
                  00012e7a    00000110     ucs.obj (.text:privateUCSSourceClockFromDCO)
                  00012f8a    0000010a     UsbCdc.obj (.text:CopyUsbToBuff)
                  00013094    00000106     tasks.obj (.text:xTaskIncrementTick)
                  0001319a    000000fe     usb.obj (.text:USB_InitSerialStringDescriptor)
                  00013298    000000fe     control_motors.obj (.text:_turnMotorStepsTask)
                  00013396    000000fa     check_alignment.obj (.text:_initTest)
                  00013490    000000fa     tasks.obj (.text:ulTaskGenericNotifyTake)
                  0001358a    000000f6     tasks.obj (.text:xTaskResumeAll)
                  00013680    000000ec     UsbCdc.obj (.text:USBCDC_getInterfaceStatus)
                  0001376c    000000ec     usb.obj (.text:USB_determineFreq)
                  00013858    000000ec     tasks.obj (.text:prvInitialiseNewTask)
                  00013944    000000e6     ucs.obj (.text:privateUCSComputeCLKFrequency)
                  00013a2a    000000e2     ucs.obj (.text:UCS_initFLL)
                  00013b0c    000000e0     io_hal.obj (.text:IO_configurePin)
                  00013bec    000000e0     pmm.obj (.text:PMM_setVCoreUp)
                  00013ccc    000000d8     control_motors.obj (.text:CM_getOrientationInfo)
                  00013da4    000000d8     tasks.obj (.text:vTaskGenericNotifyGiveFromISR)
                  00013e7c    000000d4     interface.obj (.text:_roinfo)
                  00013f50    000000ca     UsbCdc.obj (.text:USBCDC_getBytesInUSBBuffer)
                  0001401a    000000ca     interface.obj (.text:_rassert)
                  000140e4    000000c0     check_alignment.obj (.text:_measureSensorTask)
                  000141a4    000000bc     control_motors.obj (.text:_alignTask)
                  00014260    000000ba     usb.obj (.text:USB_determineXT2Freq)
                  0001431a    000000ba     usb.obj (.text:USB_init)
                  000143d4    000000b6     queue.obj (.text:xQueueGenericReset)
                  0001448a    000000b4     tasks.obj (.text:xTaskCreateStatic)
                  0001453e    000000b2     UsbCdc.obj (.text:usbGetLineCoding)
                  000145f0    000000ae     interface.obj (.text:_rfreq)
                  0001469e    000000ae     queue.obj (.text:xQueueGiveFromISR)
                  0001474c    000000ac     queue.obj (.text:prvUnlockQueue)
                  000147f8    000000aa     tasks.obj (.text:prvAddNewTaskToReadyList)
                  000148a2    000000a8     usb.obj (.text:usbGetEndpointStatus)
                  0001494a    000000a6     ucs.obj (.text:UCS_initClockSignal)
                  000149f0    000000a6     UsbCdc.obj (.text:USBCDC_sendData)
                  00014a96    000000a6     portext.obj (.text)
                  00014b3c    000000a4     queue.obj (.text:xQueueGenericCreateStatic)
                  00014be0    000000a2     pmm.obj (.text:PMM_setVCoreDown)
                  00014c82    000000a2     tasks.obj (.text:vTaskStartScheduler)
                  00014d24    0000009e     error.obj (.text:_updateLastAssertInfo)
                  00014dc2    0000009c     usb.obj (.text:usbClearEndpointFeature)
                  00014e5e    0000009a     error.obj (.text:_assert_failure)
                  00014ef8    0000009a     tasks.obj (.text:xTaskCheckForTimeOut)
                  00014f92    00000092     control_motors.obj (.text:CM_setAlignedInfo)
                  00015024    00000090     usb.obj (.text:usbDecodeAndProcessUsbRequest)
                  000150b4    0000008e     usb.obj (.text:usbSendNextPacketOnIEP0)
                  00015142    0000008e     tasks.obj (.text:xTaskRemoveFromEventList)
                  000151d0    00000088     UsbCdc.obj (.text:Handler_SetLineCoding)
                  00015258    00000088     tasks.obj (.text:vTaskSwitchContext)
                  000152e0    00000086     UsbIsr.obj (.text:PWRVBUSoffHandler)
                  00015366    00000082     dma.obj (.text:DMA_init)
                  000153e8    00000080     interface.obj (.text:_rsensor)
                  00015468    00000080     queue.obj (.text:prvCopyDataToQueue)
                  000154e8    0000007e     error.obj (.text:ERROR_lastAssertInfo)
                  00015566    00000078     interface.obj (.text:_storePendingCmd)
                  000155de    00000076     rts430x_lc_rd_eabi.lib : copy_decompress_lzss.c.obj (.text:decompress:lzss:__TI_decompress_lzss)
                  00015654    00000074     UsbIsr.obj (.text:PWRVBUSonHandler)
                  000156c8    00000074     timerb_hal.obj (.text:TB_configureCtl)
                  0001573c    00000074     main.obj (.text:init)
                  000157b0    00000074     tasks.obj (.text:prvAddCurrentTaskToDelayedList)
                  00015824    00000074     port.obj (.text:vPortSetupTimerInterrupt)
                  00015898    0000006e     usbConstructs.obj (.text:USBCDC_sendDataInBackground)
                  00015906    0000006e     interface.obj (.text:_rxTask)
                  00015974    00000064     usbdma.obj (.text:memcpyDMA)
                  000159d8    00000062     control_motors.obj (.text:_startTurnSteps)
                  00015a3a    00000060     check_alignment.obj (.text:_laserControlTask)
                  00015a9a    00000060     usb.obj (.text:usbGetStringDescriptor)
                  00015afa    00000060     usb.obj (.text:usbReceiveNextPacketOnOEP0)
                  00015b5a    0000005c     usbdma.obj (.text:USB_initMemcpy)
                  00015bb6    0000005c     interface.obj (.text:_done)
                  00015c12    0000005c     tasks.obj (.text:prvInitialiseTaskLists)
                  00015c6e    00000058     control_motors.obj (.text:CM_setFreq)
                  00015cc6    00000058     UsbIsr.obj (.text:SetupPacketInterruptHandler)
                  00015d1e    00000058     rts430x_lc_rd_eabi.lib : div32u.asm.obj (.text)
                  00015d76    00000056     io_interrupts.obj (.text:IO_attachInterrupt)
                  00015dcc    00000056     usbConstructs.obj (.text:USBCDC_receiveDataInBuffer)
                  00015e22    00000054     rts430x_lc_rd_eabi.lib : autoinit.c.obj (.text:__TI_auto_init_nobinit_nopinit_hold_wdt:__TI_auto_init_nobinit_nopinit_hold_wdt)
                  00015e76    00000052     check_alignment.obj (.text:CA_writeLaser)
                  00015ec8    00000052     pmm.obj (.text:PMM_setVCore)
                  00015f1a    00000052     tasks.obj (.text:prvCheckTasksWaitingTermination)
                  00015f6c    00000052     usb.obj (.text:usbSetEndpointFeature)
                  00015fbe    00000050     adc12_a.obj (.text:ADC12_A_init)
                  0001600e    00000050     timera_hal.obj (.text:TA_configureCtl)
                  0001605e    00000050     tlv.obj (.text:TLV_getInfo)
                  000160ae    00000050     interface.obj (.text:_iden)
                  000160fe    0000004e     timera_hal.obj (.text:TA_reset)
                  0001614c    0000004e     timerb_hal.obj (.text:TB_reset)
                  0001619a    0000004c     interface.obj (.text:_toCaps)
                  000161e6    0000004a     check_alignment.obj (.text:CA_init)
                  00016230    0000004a     check_alignment.obj (.text:CA_measureSensor)
                  0001627a    0000004a     pwm.obj (.text:PWM_stop)
                  000162c4    00000044     UsbIsr.obj (.text:OEP0InterruptHandler)
                  00016308    00000042     control_motors.obj (.text:CM_turnMotorSteps)
                  0001634a    00000042     usb.obj (.text:USB_lookUpPll)
                  0001638c    00000040     adc12_a.obj (.text:ADC12_A_disableInterrupt)
                  000163cc    00000040     adc12_a.obj (.text:ADC12_A_enableInterrupt)
                  0001640c    00000040     UsbCdc.obj (.text:CdcResetData)
                  0001644c    00000040     interface.obj (.text:_strEq)
                  0001648c    00000040     rts430x_lc_rd_eabi.lib : div32s.asm.obj (.text)
                  000164cc    00000040     list.obj (.text:vListInsert)
                  0001650c    0000003e     hal.obj (.text:USBHAL_initClocks)
                  0001654a    0000003e     usb.obj (.text:USB_suspend)
                  00016588    0000003e     rts430x_lc_rd_eabi.lib : lsl32.asm.obj (.text:l_lsl_const)
                  000165c6    0000003e                            : lsr32.asm.obj (.text:l_lsr_const)
                  00016604    0000003c     control_motors.obj (.text:CM_getFreq)
                  00016640    0000003a     ucs.obj (.text:UCS_turnOnXT2WithTimeout)
                  0001667a    0000003a     usb.obj (.text:USB_setup)
                  000166b4    0000003a     list.obj (.text:uxListRemove)
                  000166ee    00000038     usb.obj (.text:USB_getConnectionInformation)
                  00016726    00000038     interface.obj (.text:_strCpy)
                  0001675e    00000036     ucs.obj (.text:UCS_initFLLSettle)
                  00016794    00000036     control_motors.obj (.text:_enableMotor)
                  000167ca    00000036     tasks.obj (.text:vTaskPlaceOnEventList)
                  00016800    00000034     queue.obj (.text:prvIsQueueFull)
                  00016834    00000034     usb.obj (.text:usbGetDeviceStatus)
                  00016868    00000032     adc12_a.obj (.text:ADC12_A_startConversion)
                  0001689a    00000032     led_hil.obj (.text:LEDI_init)
                  000168cc    00000032     interface.obj (.text:_invbsl)
                  000168fe    00000032     interface.obj (.text:_strFind)
                  00016930    00000032     queue.obj (.text:prvCopyDataFromQueue)
                  00016962    00000032     queue.obj (.text:prvIsQueueEmpty)
                  00016994    00000030     dma.obj (.text:DMA_setDstAddress)
                  000169c4    00000030     flashctl.obj (.text:FlashCtl_write8)
                  000169f4    0000002e     control_motors.obj (.text:CM_align)
                  00016a22    0000002e     dma.obj (.text:DMA_setSrcAddress)
                  00016a50    0000002e     usb.obj (.text:USB_disable)
                  00016a7e    0000002e     usb.obj (.text:usbSetConfiguration)
                  00016aac    0000002c     rts430x_lc_rd_eabi.lib : div16s.asm.obj (.text)
                  00016ad8    0000002c     usb.obj (.text:usbSendDataPacketOnEP0)
                  00016b04    00000028     check_alignment.obj (.text:CA_idProbe)
                  00016b2c    00000028     gpio.obj (.text:GPIO_setAsPeripheralModuleFunctionOutputPin)
                  00016b54    00000028     interface.obj (.text:_sendData)
                  00016b7c    00000028     usb.obj (.text:usbDisableInEndpointInterrupt)
                  00016ba4    00000028     usb.obj (.text:usbDisableOutEndpointInterrupt)
                  00016bcc    00000028     list.obj (.text:vListInitialise)
                  00016bf4    00000026     adc12_a.obj (.text:ADC12_A_configureMemory)
                  00016c1a    00000026     adc12_a.obj (.text:ADC12_A_setupSamplingTimer)
                  00016c40    00000026     list.obj (.text:vListInsertEnd)
                  00016c66    00000024     flashctl.obj (.text:FlashCtl_eraseSegment)
                  00016c8a    00000024     UsbIsr.obj (.text:IEP0InterruptHandler)
                  00016cae    00000024     interface.obj (.text:_rmPendingCmd)
                  00016cd2    00000024     control_motors.obj (.text:_storeOrientationInfo)
                  00016cf6    00000024     rts430x_lc_rd_eabi.lib : copy_zero_init.c.obj (.text:decompress:ZI:__TI_zero_init)
                  00016d1a    00000024     port.obj (.text:pxPortInitialiseStack)
                  00016d3e    00000024     rts430x_lc_rd_eabi.lib : mult32_f5hw.asm.obj (.text)
                  00016d62    00000024     usb.obj (.text:usbGetInterface)
                  00016d86    00000024     usb.obj (.text:usbGetInterfaceStatus)
                  00016daa    00000024     usb.obj (.text:usbSetAddress)
                  00016dce    00000022     io_hal.obj (.text:IO_reset)
                  00016df0    00000022     usb.obj (.text:USB_connect)
                  00016e12    00000022     usbdma.obj (.text:memcpyV)
                  00016e34    00000022     tasks.obj (.text:prvResetNextTaskUnblockTime)
                  00016e56    00000020     wdt_a.obj (.text:WDT_A_hold)
                  00016e76    00000020     main.obj (.text:main)
                  00016e96    00000020     queue.obj (.text:prvInitialiseNewQueue)
                  00016eb6    0000001e     ucs.obj (.text:UCS_getACLK)
                  00016ed4    0000001e     usb.obj (.text:USB_resume)
                  00016ef2    0000001e     control_motors.obj (.text:_retrieveOrientationInfo)
                  00016f10    0000001c     usb.obj (.text:usbClearDeviceFeature)
                  00016f2c    0000001c     usb.obj (.text:usbSetDeviceFeature)
                  00016f48    0000001c     tasks.obj (.text:xTaskGetSchedulerState)
                  00016f64    0000001a     UsbCdc.obj (.text:CdcIsReceiveInProgress)
                  00016f7e    0000001a     ucs.obj (.text:UCS_getSMCLK)
                  00016f98    0000001a     main.obj (.text:vApplicationGetIdleTaskMemory)
                  00016fb2    00000018     control_motors.obj (.text:_eventAlignPhi)
                  00016fca    00000018     control_motors.obj (.text:_eventAlignTheta)
                  00016fe2    00000018     rts430x_lc_rd_eabi.lib : mult16_f5hw.asm.obj (.text)
                  00016ffa    00000018     usb.obj (.text:usbGetConfigurationDescriptor)
                  00017012    00000018     usb.obj (.text:usbGetDeviceDescriptor)
                  0001702a    00000018     usb.obj (.text:usbReceiveDataPacketOnEP0)
                  00017042    00000018     UsbCdc.obj (.text:usbSetControlLineState)
                  0001705a    00000016     rts430x_lc_rd_eabi.lib : memset.c.obj (.text:memset)
                  00017070    00000016                            : div16u.asm.obj (.text)
                  00017086    00000016     usb.obj (.text:usbGetConfiguration)
                  0001709c    00000014     usbEventHandling.obj (.text:USB_handleVbusOnEvent)
                  000170b0    00000014     control_motors.obj (.text:_disableMotor)
                  000170c4    00000014     rts430x_lc_rd_eabi.lib : memcpy.c.obj (.text:memcpy)
                  000170d8    00000014     tasks.obj (.text:prvIdleTask)
                  000170ec    00000014     usb.obj (.text:usbSendZeroLengthPacketOnIEP0)
                  00017100    00000014     usb.obj (.text:usbSetInterface)
                  00017114    00000012     io_interrupts.obj (.text:_defaultHandler)
                  00017126    00000012     control_motors.obj (.text:_faultPhi)
                  00017138    00000012     control_motors.obj (.text:_faultTheta)
                  0001714a    00000012     rts430x_lc_rd_eabi.lib : copy_decompress_none.c.obj (.text:decompress:none:__TI_decompress_none)
                  0001715c    00000012     tasks.obj (.text:vTaskInternalSetTimeOutState)
                  0001716e    00000010     adc12_a.obj (.text:ADC12_A_getResults)
                  0001717e    00000010     dma.obj (.text:DMA_disableTransfers)
                  0001718e    00000010     dma.obj (.text:DMA_enableTransfers)
                  0001719e    00000010     usb.obj (.text:usbInvalidRequest)
                  000171ae    0000000e     dma.obj (.text:DMA_getInterruptStatus)
                  000171bc    0000000e     dma.obj (.text:DMA_startTransfer)
                  000171ca    0000000e     control_motors.obj (.text:_eventTurnPhi)
                  000171d8    0000000e     control_motors.obj (.text:_eventTurnTheta)
                  000171e6    0000000e     interface.obj (.text:_nack)
                  000171f4    0000000e     usb.obj (.text:usbStallEndpoint0)
                  00017202    0000000c     adc12_a.obj (.text:ADC12_A_clearInterrupt)
                  0001720e    0000000c     dma.obj (.text:DMA_setTransferSize)
                  0001721a    0000000c     interface.obj (.text:IF_informRx)
                  00017226    0000000c     interface.obj (.text:IF_informTx)
                  00017232    0000000c     interface.obj (.text:_ack)
                  0001723e    0000000c     UsbCdc.obj (.text:usbSetLineCoding)
                  0001724a    0000000a     usb.obj (.text:USB_setEnabledEvents)
                  00017254    0000000a     rts430x_lc_rd_eabi.lib : lsl16.asm.obj (.text)
                  0001725e    0000000a                            : lsr16.asm.obj (.text)
                  00017268    0000000a     main.obj (.text:test)
                  00017272    00000008     adc12_a.obj (.text:ADC12_A_disable)
                  0001727a    00000008     adc12_a.obj (.text:ADC12_A_enable)
                  00017282    00000008     flashctl.obj (.text:FlashCtl_getStatus)
                  0001728a    00000008     ucs.obj (.text:UCS_turnOffXT2)
                  00017292    00000008     usbEventHandling.obj (.text:USBCDC_handleDataReceived)
                  0001729a    00000008     usbEventHandling.obj (.text:USBCDC_handleSendCompleted)
                  000172a2    00000008     usbEventHandling.obj (.text:USB_handleVbusOffEvent)
                  000172aa    00000008     interface.obj (.text:_invbslButton)
                  000172b2    00000008     control_motors.obj (.text:_stopTurn)
                  000172ba    00000008     usb.obj (.text:usbClearOEP0ByteCount)
                  000172c2    00000008     usb.obj (.text:usbRestoreInEndpointInterrupt)
                  000172ca    00000008     usb.obj (.text:usbRestoreOutEndpointInterrupt)
                  000172d2    00000008     usb.obj (.text:usbStallOEP0)
                  000172da    00000008     list.obj (.text:vListInitialiseItem)
                  000172e2    00000008     tasks.obj (.text:vTaskMissedYield)
                  000172ea    00000008     tasks.obj (.text:vTaskSuspendAll)
                  000172f2    00000006     dma.obj (.text:DMA_disableTransferDuringReadModifyWrite)
                  000172f8    00000006     dma.obj (.text:DMA_enableTransferDuringReadModifyWrite)
                  000172fe    00000006     sfr.obj (.text:SFR_clearInterrupt)
                  00017304    00000006     ucs.obj (.text:UCS_clearFaultFlag)
                  0001730a    00000006     usb.obj (.text:USB_getVersion)
                  00017310    00000006     rts430x_lc_rd_eabi.lib : exit.c.obj (.text:abort)
                  00017316    00000004     usbEventHandling.obj (.text:USBCDC_handleReceiveCompleted)
                  0001731a    00000004     usbEventHandling.obj (.text:USBCDC_handleSetControlLineState)
                  0001731e    00000004     usbEventHandling.obj (.text:USBCDC_handleSetLineCoding)
                  00017322    00000004     usbEventHandling.obj (.text:USB_handleClockEvent)
                  00017326    00000004     usbEventHandling.obj (.text:USB_handleEnumerationCompleteEvent)
                  0001732a    00000004     usbEventHandling.obj (.text:USB_handleResetEvent)
                  0001732e    00000004     usbEventHandling.obj (.text:USB_handleResumeEvent)
                  00017332    00000004     usbEventHandling.obj (.text:USB_handleSuspendEvent)
                  00017336    00000004     rts430x_lc_rd_eabi.lib : pre_init.c.obj (.text:_system_pre_init)
                  0001733a    00000002                            : startup.c.obj (.text:_system_post_cinit)

MODULE SUMMARY

       Module                       code    ro data   rw data
       ------                       ----    -------   -------
    .\
       main.obj                     258     18        610    
       hal.obj                      62      0         0      
    +--+----------------------------+-------+---------+---------+
       Total:                       320     18        610    
                                                             
    .\FreeRTOS\Source\
       tasks.obj                    2976    752       166    
       queue.obj                    2248    828       0      
       list.obj                     208     0         0      
    +--+----------------------------+-------+---------+---------+
       Total:                       5432    1580      166    
                                                             
    .\FreeRTOS\Source\portable\CCS\MSP430X\
       port.obj                     168     28        2      
       portext.obj                  166     0         0      
    +--+----------------------------+-------+---------+---------+
       Total:                       334     28        2      
                                                             
    .\USB_API\USB_CDC_API\
       UsbCdc.obj                   3770    0         46     
    +--+----------------------------+-------+---------+---------+
       Total:                       3770    0         46     
                                                             
    .\USB_API\USB_Common\
       usb.obj                      3512    34        81     
       usbdma.obj                   226     10        8      
    +--+----------------------------+-------+---------+---------+
       Total:                       3738    44        89     
                                                             
    .\USB_app\
       usbConstructs.obj            196     0         0      
       usbEventHandling.obj         76      0         0      
    +--+----------------------------+-------+---------+---------+
       Total:                       272     0         0      
                                                             
    .\USB_config\
       UsbIsr.obj                   778     2         0      
       descriptors.obj              0       513       0      
    +--+----------------------------+-------+---------+---------+
       Total:                       778     515       0      
                                                             
    .\app\src\
       control_motors.obj           2650    734       2972   
       interface.obj                3890    447       1290   
       check_alignment.obj          1156    371       694    
       error.obj                    438     14        140    
    +--+----------------------------+-------+---------+---------+
       Total:                       8134    1566      5096   
                                                             
    .\driverlib\MSP430F5xx_6xx\
       ucs.obj                      1076    0         8      
       pmm.obj                      468     0         0      
       adc12_a.obj                  378     0         0      
       dma.obj                      308     0         0      
       flashctl.obj                 92      0         0      
       tlv.obj                      80      0         0      
       gpio.obj                     40      28        0      
       wdt_a.obj                    32      0         0      
       sfr.obj                      6       0         0      
    +--+----------------------------+-------+---------+---------+
       Total:                       2480    28        8      
                                                             
    .\hal\src\
       timerb_hal.obj               2062    948       0      
       timera_hal.obj               522     44        0      
       io_hal.obj                   258     0         0      
    +--+----------------------------+-------+---------+---------+
       Total:                       2842    992       0      
                                                             
    .\hil\src\
       pwm.obj                      1400    120       62     
       io_interrupts.obj            224     38        64     
       led_hil.obj                  50      14        0      
    +--+----------------------------+-------+---------+---------+
       Total:                       1674    172       126    
                                                             
    C:\ti\ccs1011\ccs\tools\compiler\ti-cgt-msp430_20.2.1.LTS\lib\rts430x_lc_rd_eabi.lib
       copy_decompress_lzss.c.obj   118     0         0      
       div32u.asm.obj               88      0         0      
       autoinit.c.obj               84      0         0      
       div32s.asm.obj               64      0         0      
       lsl32.asm.obj                62      0         0      
       lsr32.asm.obj                62      0         0      
       div16s.asm.obj               44      0         0      
       copy_zero_init.c.obj         36      0         0      
       mult32_f5hw.asm.obj          36      0         0      
       boot.c.obj                   28      2         0      
       mult16_f5hw.asm.obj          24      0         0      
       div16u.asm.obj               22      0         0      
       memset.c.obj                 22      0         0      
       memcpy.c.obj                 20      0         0      
       copy_decompress_none.c.obj   18      0         0      
       lsl16.asm.obj                10      0         0      
       lsr16.asm.obj                10      0         0      
       isr_trap.asm.obj             8       0         0      
       exit.c.obj                   6       0         0      
       pre_init.c.obj               4       0         0      
       int41.asm.obj                0       2         0      
       int43.asm.obj                0       2         0      
       int45.asm.obj                0       2         0      
       int46.asm.obj                0       2         0      
       int48.asm.obj                0       2         0      
       int50.asm.obj                0       2         0      
       int52.asm.obj                0       2         0      
       int55.asm.obj                0       2         0      
       int56.asm.obj                0       2         0      
       int57.asm.obj                0       2         0      
       int58.asm.obj                0       2         0      
       int60.asm.obj                0       2         0      
       int62.asm.obj                0       2         0      
       startup.c.obj                2       0         0      
    +--+----------------------------+-------+---------+---------+
       Total:                       768     28        0      
                                                             
       Stack:                       0       0         160    
       Linker Generated:            0       119       0      
    +--+----------------------------+-------+---------+---------+
       Grand Total:                 30542   5090      6303   


LINKER GENERATED COPY TABLES

__TI_cinit_table @ 00005bba records: 2, size/record: 8, table size: 16
	.data: load addr=00005b52, load size=00000055 bytes, run addr=00003a5a, run size=000001a6 bytes, compression=lzss
	.bss: load addr=00005bb4, load size=00000006 bytes, run addr=00002400, run size=00001659 bytes, compression=zero_init


LINKER GENERATED HANDLER TABLE

__TI_handler_table @ 00005ba8 records: 3, size/record: 4, table size: 12
	index: 0, handler: __TI_zero_init
	index: 1, handler: __TI_decompress_lzss
	index: 2, handler: __TI_decompress_none


GLOBAL SYMBOLS: SORTED ALPHABETICALLY BY Name 

address   name                                       
-------   ----                                       
00000700  ADC12CTL0                                  
00000701  ADC12CTL0_H                                
00000700  ADC12CTL0_L                                
00000702  ADC12CTL1                                  
00000703  ADC12CTL1_H                                
00000702  ADC12CTL1_L                                
00000704  ADC12CTL2                                  
00000705  ADC12CTL2_H                                
00000704  ADC12CTL2_L                                
0000070c  ADC12IE                                    
0000070d  ADC12IE_H                                  
0000070c  ADC12IE_L                                  
0000070a  ADC12IFG                                   
0000070b  ADC12IFG_H                                 
0000070a  ADC12IFG_L                                 
0000070e  ADC12IV                                    
0000070f  ADC12IV_H                                  
0000070e  ADC12IV_L                                  
00000710  ADC12MCTL0                                 
00000711  ADC12MCTL1                                 
0000071a  ADC12MCTL10                                
0000071b  ADC12MCTL11                                
0000071c  ADC12MCTL12                                
0000071d  ADC12MCTL13                                
0000071e  ADC12MCTL14                                
0000071f  ADC12MCTL15                                
00000712  ADC12MCTL2                                 
00000713  ADC12MCTL3                                 
00000714  ADC12MCTL4                                 
00000715  ADC12MCTL5                                 
00000716  ADC12MCTL6                                 
00000717  ADC12MCTL7                                 
00000718  ADC12MCTL8                                 
00000719  ADC12MCTL9                                 
00000720  ADC12MEM0                                  
00000721  ADC12MEM0_H                                
00000720  ADC12MEM0_L                                
00000722  ADC12MEM1                                  
00000734  ADC12MEM10                                 
00000735  ADC12MEM10_H                               
00000734  ADC12MEM10_L                               
00000736  ADC12MEM11                                 
00000737  ADC12MEM11_H                               
00000736  ADC12MEM11_L                               
00000738  ADC12MEM12                                 
00000739  ADC12MEM12_H                               
00000738  ADC12MEM12_L                               
0000073a  ADC12MEM13                                 
0000073b  ADC12MEM13_H                               
0000073a  ADC12MEM13_L                               
0000073c  ADC12MEM14                                 
0000073d  ADC12MEM14_H                               
0000073c  ADC12MEM14_L                               
0000073e  ADC12MEM15                                 
0000073f  ADC12MEM15_H                               
0000073e  ADC12MEM15_L                               
00000723  ADC12MEM1_H                                
00000722  ADC12MEM1_L                                
00000724  ADC12MEM2                                  
00000725  ADC12MEM2_H                                
00000724  ADC12MEM2_L                                
00000726  ADC12MEM3                                  
00000727  ADC12MEM3_H                                
00000726  ADC12MEM3_L                                
00000728  ADC12MEM4                                  
00000729  ADC12MEM4_H                                
00000728  ADC12MEM4_L                                
0000072a  ADC12MEM5                                  
0000072b  ADC12MEM5_H                                
0000072a  ADC12MEM5_L                                
0000072c  ADC12MEM6                                  
0000072d  ADC12MEM6_H                                
0000072c  ADC12MEM6_L                                
0000072e  ADC12MEM7                                  
0000072f  ADC12MEM7_H                                
0000072e  ADC12MEM7_L                                
00000730  ADC12MEM8                                  
00000731  ADC12MEM8_H                                
00000730  ADC12MEM8_L                                
00000732  ADC12MEM9                                  
00000733  ADC12MEM9_H                                
00000732  ADC12MEM9_L                                
000047c2  ADC12_A_IRQHandler                         
00017202  ADC12_A_clearInterrupt                     
00016bf4  ADC12_A_configureMemory                    
00017272  ADC12_A_disable                            
0001638c  ADC12_A_disableInterrupt                   
0001727a  ADC12_A_enable                             
000163cc  ADC12_A_enableInterrupt                    
0001716e  ADC12_A_getResults                         
00015fbe  ADC12_A_init                               
00016c1a  ADC12_A_setupSamplingTimer                 
00016868  ADC12_A_startConversion                    
00017310  C$$EXIT                                    
00016b04  CA_idProbe                                 
000161e6  CA_init                                    
00016230  CA_measureSensor                           
00015e76  CA_writeLaser                              
000008c0  CBCTL0                                     
000008c1  CBCTL0_H                                   
000008c0  CBCTL0_L                                   
000008c2  CBCTL1                                     
000008c3  CBCTL1_H                                   
000008c2  CBCTL1_L                                   
000008c4  CBCTL2                                     
000008c5  CBCTL2_H                                   
000008c4  CBCTL2_L                                   
000008c6  CBCTL3                                     
000008c7  CBCTL3_H                                   
000008c6  CBCTL3_L                                   
000008cc  CBINT                                      
000008cd  CBINT_H                                    
000008cc  CBINT_L                                    
000008ce  CBIV                                       
000169f4  CM_align                                   
00016604  CM_getFreq                                 
00013ccc  CM_getOrientationInfo                      
00010dae  CM_init                                    
00014f92  CM_setAlignedInfo                          
00015c6e  CM_setFreq                                 
00016308  CM_turnMotorSteps                          
00000150  CRCDI                                      
00000152  CRCDIRB                                    
00000153  CRCDIRB_H                                  
00000152  CRCDIRB_L                                  
00000151  CRCDI_H                                    
00000150  CRCDI_L                                    
00000154  CRCINIRES                                  
00000155  CRCINIRES_H                                
00000154  CRCINIRES_L                                
00000156  CRCRESR                                    
00000157  CRCRESR_H                                  
00000156  CRCRESR_L                                  
00016f64  CdcIsReceiveInProgress                     
000038fc  CdcReadCtrl                                
0001640c  CdcResetData                               
000119d0  CdcToBufferFromHost                        
000116f2  CdcToHostFromBuffer                        
000039e6  CdcWriteCtrl                               
00012f8a  CopyUsbToBuff                              
00000510  DMA0CTL                                    
00000516  DMA0DA                                     
00000518  DMA0DAH                                    
00000516  DMA0DAL                                    
00000512  DMA0SA                                     
00000514  DMA0SAH                                    
00000512  DMA0SAL                                    
0000051a  DMA0SZ                                     
00000520  DMA1CTL                                    
00000526  DMA1DA                                     
00000528  DMA1DAH                                    
00000526  DMA1DAL                                    
00000522  DMA1SA                                     
00000524  DMA1SAH                                    
00000522  DMA1SAL                                    
0000052a  DMA1SZ                                     
00000530  DMA2CTL                                    
00000536  DMA2DA                                     
00000538  DMA2DAH                                    
00000536  DMA2DAL                                    
00000532  DMA2SA                                     
00000534  DMA2SAH                                    
00000532  DMA2SAL                                    
0000053a  DMA2SZ                                     
00000500  DMACTL0                                    
00000502  DMACTL1                                    
00000504  DMACTL2                                    
00000506  DMACTL3                                    
00000508  DMACTL4                                    
0000050e  DMAIV                                      
000172f2  DMA_disableTransferDuringReadModifyWrite   
0001717e  DMA_disableTransfers                       
000172f8  DMA_enableTransferDuringReadModifyWrite    
0001718e  DMA_enableTransfers                        
000171ae  DMA_getInterruptStatus                     
00015366  DMA_init                                   
00016994  DMA_setDstAddress                          
00016a22  DMA_setSrcAddress                          
0001720e  DMA_setTransferSize                        
000171bc  DMA_startTransfer                          
000154e8  ERROR_lastAssertInfo                       
00000140  FCTL1                                      
00000141  FCTL1_H                                    
00000140  FCTL1_L                                    
00000144  FCTL3                                      
00000145  FCTL3_H                                    
00000144  FCTL3_L                                    
00000146  FCTL4                                      
00000147  FCTL4_H                                    
00000146  FCTL4_L                                    
00016c66  FlashCtl_eraseSegment                      
00017282  FlashCtl_getStatus                         
000169c4  FlashCtl_write8                            
00016b2c  GPIO_setAsPeripheralModuleFunctionOutputPin
000151d0  Handler_SetLineCoding                      
00016c8a  IEP0InterruptHandler                       
0001721a  IF_informRx                                
00017226  IF_informTx                                
0001297c  IF_init                                    
00015d76  IO_attachInterrupt                         
00013b0c  IO_configurePin                            
00016dce  IO_reset                                   
0001689a  LEDI_init                                  
000004c4  MAC                                        
000004da  MAC32H                                     
000004db  MAC32H_H                                   
000004da  MAC32H_L                                   
000004d8  MAC32L                                     
000004d9  MAC32L_H                                   
000004d8  MAC32L_L                                   
000004c6  MACS                                       
000004de  MACS32H                                    
000004df  MACS32H_H                                  
000004de  MACS32H_L                                  
000004dc  MACS32L                                    
000004dd  MACS32L_H                                  
000004dc  MACS32L_L                                  
000004c7  MACS_H                                     
000004c6  MACS_L                                     
000004c5  MAC_H                                      
000004c4  MAC_L                                      
000004c0  MPY                                        
000004ec  MPY32CTL0                                  
000004ed  MPY32CTL0_H                                
000004ec  MPY32CTL0_L                                
000004d2  MPY32H                                     
000004d3  MPY32H_H                                   
000004d2  MPY32H_L                                   
000004d0  MPY32L                                     
000004d1  MPY32L_H                                   
000004d0  MPY32L_L                                   
000004c2  MPYS                                       
000004d6  MPYS32H                                    
000004d7  MPYS32H_H                                  
000004d6  MPYS32H_L                                  
000004d4  MPYS32L                                    
000004d5  MPYS32L_H                                  
000004d4  MPYS32L_L                                  
000004c3  MPYS_H                                     
000004c2  MPYS_L                                     
000004c1  MPY_H                                      
000004c0  MPY_L                                      
000162c4  OEP0InterruptHandler                       
000004c8  OP2                                        
000004e2  OP2H                                       
000004e3  OP2H_H                                     
000004e2  OP2H_L                                     
000004e0  OP2L                                       
000004e1  OP2L_H                                     
000004e0  OP2L_L                                     
000004c9  OP2_H                                      
000004c8  OP2_L                                      
0000020e  P1IV                                       
0000021e  P2IV                                       
000001e0  P4MAP01                                    
000001e1  P4MAP01_H                                  
000001e0  P4MAP01_L                                  
000001e2  P4MAP23                                    
000001e3  P4MAP23_H                                  
000001e2  P4MAP23_L                                  
000001e4  P4MAP45                                    
000001e5  P4MAP45_H                                  
000001e4  P4MAP45_L                                  
000001e6  P4MAP67                                    
000001e7  P4MAP67_H                                  
000001e6  P4MAP67_L                                  
00000204  PADIR                                      
00000205  PADIR_H                                    
00000204  PADIR_L                                    
00000208  PADS                                       
00000209  PADS_H                                     
00000208  PADS_L                                     
0000021a  PAIE                                       
00000218  PAIES                                      
00000219  PAIES_H                                    
00000218  PAIES_L                                    
0000021b  PAIE_H                                     
0000021a  PAIE_L                                     
0000021c  PAIFG                                      
0000021d  PAIFG_H                                    
0000021c  PAIFG_L                                    
00000200  PAIN                                       
00000201  PAIN_H                                     
00000200  PAIN_L                                     
00000202  PAOUT                                      
00000203  PAOUT_H                                    
00000202  PAOUT_L                                    
00000206  PAREN                                      
00000207  PAREN_H                                    
00000206  PAREN_L                                    
0000020a  PASEL                                      
0000020b  PASEL_H                                    
0000020a  PASEL_L                                    
00000224  PBDIR                                      
00000225  PBDIR_H                                    
00000224  PBDIR_L                                    
00000228  PBDS                                       
00000229  PBDS_H                                     
00000228  PBDS_L                                     
00000220  PBIN                                       
00000221  PBIN_H                                     
00000220  PBIN_L                                     
00000222  PBOUT                                      
00000223  PBOUT_H                                    
00000222  PBOUT_L                                    
00000226  PBREN                                      
00000227  PBREN_H                                    
00000226  PBREN_L                                    
0000022a  PBSEL                                      
0000022b  PBSEL_H                                    
0000022a  PBSEL_L                                    
00000244  PCDIR                                      
00000245  PCDIR_H                                    
00000244  PCDIR_L                                    
00000248  PCDS                                       
00000249  PCDS_H                                     
00000248  PCDS_L                                     
00000240  PCIN                                       
00000241  PCIN_H                                     
00000240  PCIN_L                                     
00000242  PCOUT                                      
00000243  PCOUT_H                                    
00000242  PCOUT_L                                    
00000246  PCREN                                      
00000247  PCREN_H                                    
00000246  PCREN_L                                    
0000024a  PCSEL                                      
0000024b  PCSEL_H                                    
0000024a  PCSEL_L                                    
00000264  PDDIR                                      
00000265  PDDIR_H                                    
00000264  PDDIR_L                                    
00000268  PDDS                                       
00000269  PDDS_H                                     
00000268  PDDS_L                                     
00000260  PDIN                                       
00000261  PDIN_H                                     
00000260  PDIN_L                                     
00000262  PDOUT                                      
00000263  PDOUT_H                                    
00000262  PDOUT_L                                    
00000266  PDREN                                      
00000267  PDREN_H                                    
00000266  PDREN_L                                    
0000026a  PDSEL                                      
0000026b  PDSEL_H                                    
0000026a  PDSEL_L                                    
00000324  PJDIR                                      
00000325  PJDIR_H                                    
00000324  PJDIR_L                                    
00000328  PJDS                                       
00000329  PJDS_H                                     
00000328  PJDS_L                                     
00000320  PJIN                                       
00000321  PJIN_H                                     
00000320  PJIN_L                                     
00000322  PJOUT                                      
00000323  PJOUT_H                                    
00000322  PJOUT_L                                    
00000326  PJREN                                      
00000327  PJREN_H                                    
00000326  PJREN_L                                    
00000130  PM5CTL0                                    
00000131  PM5CTL0_H                                  
00000130  PM5CTL0_L                                  
000001c2  PMAPCTL                                    
000001c3  PMAPCTL_H                                  
000001c2  PMAPCTL_L                                  
000001c0  PMAPKEYID                                  
000001c1  PMAPKEYID_H                                
000001c0  PMAPKEYID_L                                
00000120  PMMCTL0                                    
00000121  PMMCTL0_H                                  
00000120  PMMCTL0_L                                  
00000122  PMMCTL1                                    
00000123  PMMCTL1_H                                  
00000122  PMMCTL1_L                                  
0000012c  PMMIFG                                     
0000012d  PMMIFG_H                                   
0000012c  PMMIFG_L                                   
0000012e  PMMRIE                                     
0000012f  PMMRIE_H                                   
0000012e  PMMRIE_L                                   
00015ec8  PMM_setVCore                               
00014be0  PMM_setVCoreDown                           
00013bec  PMM_setVCoreUp                             
00011c16  PWM_configure                              
00012d3c  PWM_start                                  
0001627a  PWM_stop                                   
000152e0  PWRVBUSoffHandler                          
00015654  PWRVBUSonHandler                           
00000158  RCCTL0                                     
00000159  RCCTL0_H                                   
00000158  RCCTL0_L                                   
000001b0  REFCTL0                                    
000001b1  REFCTL0_H                                  
000001b0  REFCTL0_L                                  
000004e4  RES0                                       
000004e5  RES0_H                                     
000004e4  RES0_L                                     
000004e6  RES1                                       
000004e7  RES1_H                                     
000004e6  RES1_L                                     
000004e8  RES2                                       
000004e9  RES2_H                                     
000004e8  RES2_L                                     
000004ea  RES3                                       
000004eb  RES3_H                                     
000004ea  RES3_L                                     
000004cc  RESHI                                      
000004cd  RESHI_H                                    
000004cc  RESHI_L                                    
000004ca  RESLO                                      
000004cb  RESLO_H                                    
000004ca  RESLO_L                                    
000004ba  RTCADOWDAY                                 
000004bb  RTCADOWDAY_H                               
000004ba  RTCADOWDAY_L                               
000004b8  RTCAMINHR                                  
000004b9  RTCAMINHR_H                                
000004b8  RTCAMINHR_L                                
000004a0  RTCCTL01                                   
000004a1  RTCCTL01_H                                 
000004a0  RTCCTL01_L                                 
000004a2  RTCCTL23                                   
000004a3  RTCCTL23_H                                 
000004a2  RTCCTL23_L                                 
000004b4  RTCDATE                                    
000004b5  RTCDATE_H                                  
000004b4  RTCDATE_L                                  
000004ae  RTCIV                                      
000004ac  RTCPS                                      
000004a8  RTCPS0CTL                                  
000004a9  RTCPS0CTL_H                                
000004a8  RTCPS0CTL_L                                
000004aa  RTCPS1CTL                                  
000004ab  RTCPS1CTL_H                                
000004aa  RTCPS1CTL_L                                
000004ad  RTCPS_H                                    
000004ac  RTCPS_L                                    
000004b0  RTCTIM0                                    
000004b1  RTCTIM0_H                                  
000004b0  RTCTIM0_L                                  
000004b2  RTCTIM1                                    
000004b3  RTCTIM1_H                                  
000004b2  RTCTIM1_L                                  
000004b6  RTCYEAR                                    
000004b7  RTCYEAR_H                                  
000004b6  RTCYEAR_L                                  
00000100  SFRIE1                                     
00000101  SFRIE1_H                                   
00000100  SFRIE1_L                                   
00000102  SFRIFG1                                    
00000103  SFRIFG1_H                                  
00000102  SFRIFG1_L                                  
00000104  SFRRPCR                                    
00000105  SFRRPCR_H                                  
00000104  SFRRPCR_L                                  
000172fe  SFR_clearInterrupt                         
000004ce  SUMEXT                                     
000004cf  SUMEXT_H                                   
000004ce  SUMEXT_L                                   
00000124  SVSMHCTL                                   
00000125  SVSMHCTL_H                                 
00000124  SVSMHCTL_L                                 
00000128  SVSMIO                                     
00000129  SVSMIO_H                                   
00000128  SVSMIO_L                                   
00000126  SVSMLCTL                                   
00000127  SVSMLCTL_H                                 
00000126  SVSMLCTL_L                                 
00000198  SYSBERRIV                                  
00000199  SYSBERRIV_H                                
00000198  SYSBERRIV_L                                
00000182  SYSBSLC                                    
00000183  SYSBSLC_H                                  
00000182  SYSBSLC_L                                  
00000180  SYSCTL                                     
00000181  SYSCTL_H                                   
00000180  SYSCTL_L                                   
00000186  SYSJMBC                                    
00000187  SYSJMBC_H                                  
00000186  SYSJMBC_L                                  
00000188  SYSJMBI0                                   
00000189  SYSJMBI0_H                                 
00000188  SYSJMBI0_L                                 
0000018a  SYSJMBI1                                   
0000018b  SYSJMBI1_H                                 
0000018a  SYSJMBI1_L                                 
0000018c  SYSJMBO0                                   
0000018d  SYSJMBO0_H                                 
0000018c  SYSJMBO0_L                                 
0000018e  SYSJMBO1                                   
0000018f  SYSJMBO1_H                                 
0000018e  SYSJMBO1_L                                 
0000019e  SYSRSTIV                                   
0000019f  SYSRSTIV_H                                 
0000019e  SYSRSTIV_L                                 
0000019c  SYSSNIV                                    
0000019d  SYSSNIV_H                                  
0000019c  SYSSNIV_L                                  
0000019a  SYSUNIV                                    
0000019b  SYSUNIV_H                                  
0000019a  SYSUNIV_L                                  
00015cc6  SetupPacketInterruptHandler                
00000352  TA0CCR0                                    
00000354  TA0CCR1                                    
00000356  TA0CCR2                                    
00000358  TA0CCR3                                    
0000035a  TA0CCR4                                    
00000342  TA0CCTL0                                   
00000344  TA0CCTL1                                   
00000346  TA0CCTL2                                   
00000348  TA0CCTL3                                   
0000034a  TA0CCTL4                                   
00000340  TA0CTL                                     
00000360  TA0EX0                                     
0000036e  TA0IV                                      
00000350  TA0R                                       
00000392  TA1CCR0                                    
00000394  TA1CCR1                                    
00000396  TA1CCR2                                    
00000382  TA1CCTL0                                   
00000384  TA1CCTL1                                   
00000386  TA1CCTL2                                   
00000380  TA1CTL                                     
000003a0  TA1EX0                                     
000003ae  TA1IV                                      
00000390  TA1R                                       
00000412  TA2CCR0                                    
00000414  TA2CCR1                                    
00000416  TA2CCR2                                    
00000402  TA2CCTL0                                   
00000404  TA2CCTL1                                   
00000406  TA2CCTL2                                   
00000400  TA2CTL                                     
00000420  TA2EX0                                     
0000042e  TA2IV                                      
00000410  TA2R                                       
000126a6  TA_configureCctl                           
0001600e  TA_configureCtl                            
000160fe  TA_reset                                   
000003d2  TB0CCR0                                    
000003d4  TB0CCR1                                    
000003d6  TB0CCR2                                    
000003d8  TB0CCR3                                    
000003da  TB0CCR4                                    
000003dc  TB0CCR5                                    
000003de  TB0CCR6                                    
000003c2  TB0CCTL0                                   
000003c4  TB0CCTL1                                   
000003c6  TB0CCTL2                                   
000003c8  TB0CCTL3                                   
000003ca  TB0CCTL4                                   
000003cc  TB0CCTL5                                   
000003ce  TB0CCTL6                                   
000003c0  TB0CTL                                     
000003e0  TB0EX0                                     
000003ee  TB0IV                                      
000003d0  TB0R                                       
00012522  TB_configureCctl                           
000156c8  TB_configureCtl                            
0001614c  TB_reset                                   
000107e6  TB_unitTest                                
0001605e  TLV_getInfo                                
000005d0  UCA0ABCTL                                  
000005c6  UCA0BRW                                    
000005c7  UCA0BRW_H                                  
000005c6  UCA0BRW_L                                  
000005c0  UCA0CTLW0                                  
000005c1  UCA0CTLW0_H                                
000005c0  UCA0CTLW0_L                                
000005dc  UCA0ICTL                                   
000005dd  UCA0ICTL_H                                 
[...]
0000239f  USBOEPSIZXY_3                              
000023a0  USBOEPCNF_4                                
000023a1  USBOEPBBAX_4                               
000023a2  USBOEPBCTX_4                               
000023a5  USBOEPBBAY_4                               
000023a6  USBOEPBCTY_4                               
000023a7  USBOEPSIZXY_4                              
000023a8  USBOEPCNF_5                                
000023a9  USBOEPBBAX_5                               
000023aa  USBOEPBCTX_5                               
000023ad  USBOEPBBAY_5                               
000023ae  USBOEPBCTY_5                               
000023af  USBOEPSIZXY_5                              
000023b0  USBOEPCNF_6                                
000023b1  USBOEPBBAX_6                               
000023b2  USBOEPBCTX_6                               
000023b5  USBOEPBBAY_6                               
000023b6  USBOEPBCTY_6                               
000023b7  USBOEPSIZXY_6                              
000023b8  USBOEPCNF_7                                
000023b9  USBOEPBBAX_7                               
000023ba  USBOEPBCTX_7                               
000023bd  USBOEPBBAY_7                               
000023be  USBOEPBCTY_7                               
000023bf  USBOEPSIZXY_7                              
000023c8  USBIEPCNF_1                                
000023c8  tInputEndPointDescriptorBlock              
000023c9  USBIEPBBAX_1                               
000023ca  USBIEPBCTX_1                               
000023cd  USBIEPBBAY_1                               
000023ce  USBIEPBCTY_1                               
000023cf  USBIEPSIZXY_1                              
000023d0  USBIEPCNF_2                                
000023d1  USBIEPBBAX_2                               
000023d2  USBIEPBCTX_2                               
000023d5  USBIEPBBAY_2                               
000023d6  USBIEPBCTY_2                               
000023d7  USBIEPSIZXY_2                              
000023d8  USBIEPCNF_3                                
000023d9  USBIEPBBAX_3                               
000023da  USBIEPBCTX_3                               
000023dd  USBIEPBBAY_3                               
000023de  USBIEPBCTY_3                               
000023df  USBIEPSIZXY_3                              
000023e0  USBIEPCNF_4                                
000023e1  USBIEPBBAX_4                               
000023e2  USBIEPBCTX_4                               
000023e5  USBIEPBBAY_4                               
000023e6  USBIEPBCTY_4                               
000023e7  USBIEPSIZXY_4                              
000023e8  USBIEPCNF_5                                
000023e9  USBIEPBBAX_5                               
000023ea  USBIEPBCTX_5                               
000023ed  USBIEPBBAY_5                               
000023ee  USBIEPBCTY_5                               
000023ef  USBIEPSIZXY_5                              
000023f0  USBIEPCNF_6                                
000023f1  USBIEPBBAX_6                               
000023f2  USBIEPBCTX_6                               
000023f5  USBIEPBBAY_6                               
000023f6  USBIEPBCTY_6                               
000023f7  USBIEPSIZXY_6                              
000023f8  USBIEPCNF_7                                
000023f9  USBIEPBBAX_7                               
000023fa  USBIEPBCTX_7                               
000023fd  USBIEPBBAY_7                               
000023fe  USBIEPBCTY_7                               
000023ff  USBIEPSIZXY_7                              
000038da  abramSerialStringDescriptor                
000038fc  CdcReadCtrl                                
000039e6  CdcWriteCtrl                               
00003a20  abUsbRequestIncomingData                   
00003a28  abUsbRequestReturnData                     
00003a4a  USB_RX_memcpy                              
00003a4e  USB_TX_memcpy                              
00003a52  wBytesRemainingOnIEP0                      
00003a54  wBytesRemainingOnOEP0                      
00003a56  wUsbEventMask                              
00003a58  bStatusAction                              
00003b9a  pxCurrentTCB                               
00003bf3  bFunctionSuspended                         
00003bf4  bEnumerationStatus                         
00003bf6  VERSION                                    
00003bfe  usCriticalNesting                          
00004360  _stack                                     
00004400  __STACK_END                                
00004400  iUsbInterruptHandler                       
00004550  ta0IRQHandler                              
000045e0  ta1IRQHandler                              
00004670  ta2IRQHandler                              
00004700  UNMI_ISR                                   
0000474a  p2_IRQHandler                              
0000478a  p1_IRQHandler                              
000047c2  ADC12_A_IRQHandler                         
000047de  _c_int00_noargs                            
000047fa  vTickISREntry                              
0000480a  __TI_ISR_TRAP                              
000057a2  tUsbRequestList                            
000058ac  abromStringDescriptor                      
00005990  abromConfigurationDescriptorGroup          
00005a60  abromDeviceDescriptor                      
00005a82  stUsbHandle                                
00005b50  uxTopUsedPriority                          
00005ba8  __TI_Handler_Table_Base                    
00005bb4  __TI_Handler_Table_Limit                   
00005bba  __TI_CINIT_Base                            
00005bca  __TI_CINIT_Limit                           
0000ffd2  __TI_int41                                 
0000ffd4  __TI_int42                                 
0000ffd6  __TI_int43                                 
0000ffd8  __TI_int44                                 
0000ffda  __TI_int45                                 
0000ffdc  __TI_int46                                 
0000ffde  __TI_int47                                 
0000ffe0  __TI_int48                                 
0000ffe2  __TI_int49                                 
0000ffe4  __TI_int50                                 
0000ffe6  __TI_int51                                 
0000ffe8  __TI_int52                                 
0000ffea  __TI_int53                                 
0000ffec  __TI_int54                                 
0000ffee  __TI_int55                                 
0000fff0  __TI_int56                                 
0000fff2  __TI_int57                                 
0000fff4  __TI_int58                                 
0000fff6  __TI_int59                                 
0000fff8  __TI_int60                                 
0000fffa  __TI_int61                                 
0000fffc  __TI_int62                                 
0000fffe  _reset_vector                              
000107e6  TB_unitTest                                
00010dae  CM_init                                    
0001127a  USBCDC_receiveData                         
000116f2  CdcToHostFromBuffer                        
000119d0  CdcToBufferFromHost                        
00011c16  PWM_configure                              
00011e56  USB_reset                                  
00012046  xQueueGenericSend                          
000121fc  xQueueReceive                              
00012396  xQueueSemaphoreTake                        
00012522  TB_configureCctl                           
000126a6  TA_configureCctl                           
00012812  xTaskGenericNotify                         
0001297c  IF_init                                    
00012abc  USB_enable                                 
00012d3c  PWM_start                                  
00012f8a  CopyUsbToBuff                              
00013094  xTaskIncrementTick                         
0001319a  USB_InitSerialStringDescriptor             
00013490  ulTaskGenericNotifyTake                    
0001358a  xTaskResumeAll                             
00013680  USBCDC_getInterfaceStatus                  
0001376c  USB_determineFreq                          
00013a2a  UCS_initFLL                                
00013b0c  IO_configurePin                            
00013bec  PMM_setVCoreUp                             
00013ccc  CM_getOrientationInfo                      
00013da4  vTaskGenericNotifyGiveFromISR              
00013f50  USBCDC_getBytesInUSBBuffer                 
00014260  USB_determineXT2Freq                       
0001431a  USB_init                                   
000143d4  xQueueGenericReset                         
0001448a  xTaskCreateStatic                          
0001453e  usbGetLineCoding                           
0001469e  xQueueGiveFromISR                          
000148a2  usbGetEndpointStatus                       
0001494a  UCS_initClockSignal                        
000149f0  USBCDC_sendData                            
00014a96  vPortPreemptiveTickISR                     
00014ac6  vPortCooperativeTickISR                    
00014af2  vPortYield                                 
00014b22  xPortStartScheduler                        
00014b3c  xQueueGenericCreateStatic                  
00014be0  PMM_setVCoreDown                           
00014c82  vTaskStartScheduler                        
00014dc2  usbClearEndpointFeature                    
00014e5e  _assert_failure                            
00014ef8  xTaskCheckForTimeOut                       
00014f92  CM_setAlignedInfo                          
00015024  usbDecodeAndProcessUsbRequest              
000150b4  usbSendNextPacketOnIEP0                    
00015142  xTaskRemoveFromEventList                   
000151d0  Handler_SetLineCoding                      
00015258  vTaskSwitchContext                         
000152e0  PWRVBUSoffHandler                          
00015366  DMA_init                                   
000154e8  ERROR_lastAssertInfo                       
000155de  __TI_decompress_lzss                       
00015654  PWRVBUSonHandler                           
000156c8  TB_configureCtl                            
0001573c  init                                       
00015824  vPortSetupTimerInterrupt                   
00015898  USBCDC_sendDataInBackground                
00015974  memcpyDMA                                  
00015a9a  usbGetStringDescriptor                     
00015afa  usbReceiveNextPacketOnOEP0                 
00015b5a  USB_initMemcpy                             
00015c6e  CM_setFreq                                 
00015cc6  SetupPacketInterruptHandler                
00015d1e  __mspabi_divul                             
00015d1e  __mspabi_remul                             
00015d76  IO_attachInterrupt                         
00015dcc  USBCDC_receiveDataInBuffer                 
00015e22  __TI_auto_init_nobinit_nopinit_hold_wdt    
00015e76  CA_writeLaser                              
00015ec8  PMM_setVCore                               
00015f6c  usbSetEndpointFeature                      
00015fbe  ADC12_A_init                               
0001600e  TA_configureCtl                            
0001605e  TLV_getInfo                                
000160fe  TA_reset                                   
0001614c  TB_reset                                   
000161e6  CA_init                                    
00016230  CA_measureSensor                           
0001627a  PWM_stop                                   
000162c4  OEP0InterruptHandler                       
00016308  CM_turnMotorSteps                          
0001634a  USB_lookUpPll                              
0001638c  ADC12_A_disableInterrupt                   
000163cc  ADC12_A_enableInterrupt                    
0001640c  CdcResetData                               
0001648c  __mspabi_divli                             
0001648c  __mspabi_remli                             
000164cc  vListInsert                                
0001650c  USBHAL_initClocks                          
0001654a  USB_suspend                                
00016588  __mspabi_slll_15                           
0001658c  __mspabi_slll_14                           
00016590  __mspabi_slll_13                           
00016594  __mspabi_slll_12                           
00016598  __mspabi_slll_11                           
0001659c  __mspabi_slll_10                           
000165a0  __mspabi_slll_9                            
000165a4  __mspabi_slll_8                            
000165a8  __mspabi_slll_7                            
000165ac  __mspabi_slll_6                            
000165b0  __mspabi_slll_5                            
000165b4  __mspabi_slll_4                            
000165b8  __mspabi_slll_3                            
000165bc  __mspabi_slll_2                            
000165c0  __mspabi_slll_1                            
000165c6  __mspabi_srll_15                           
000165ca  __mspabi_srll_14                           
000165ce  __mspabi_srll_13                           
000165d2  __mspabi_srll_12                           
000165d6  __mspabi_srll_11                           
000165da  __mspabi_srll_10                           
000165de  __mspabi_srll_9                            
000165e2  __mspabi_srll_8                            
000165e6  __mspabi_srll_7                            
000165ea  __mspabi_srll_6                            
000165ee  __mspabi_srll_5                            
000165f2  __mspabi_srll_4                            
000165f6  __mspabi_srll_3                            
000165fa  __mspabi_srll_2                            
000165fe  __mspabi_srll_1                            
00016604  CM_getFreq                                 
00016640  UCS_turnOnXT2WithTimeout                   
0001667a  USB_setup                                  
000166b4  uxListRemove                               
000166ee  USB_getConnectionInformation               
0001675e  UCS_initFLLSettle                          
000167ca  vTaskPlaceOnEventList                      
00016834  usbGetDeviceStatus                         
00016868  ADC12_A_startConversion                    
0001689a  LEDI_init                                  
00016994  DMA_setDstAddress                          
000169c4  FlashCtl_write8                            
000169f4  CM_align                                   
00016a22  DMA_setSrcAddress                          
00016a50  USB_disable                                
00016a7e  usbSetConfiguration                        
00016aac  __mspabi_divi                              
00016aac  __mspabi_remi                              
00016ad8  usbSendDataPacketOnEP0                     
00016b04  CA_idProbe                                 
00016b2c  GPIO_setAsPeripheralModuleFunctionOutputPin
00016b7c  usbDisableInEndpointInterrupt              
00016ba4  usbDisableOutEndpointInterrupt             
00016bcc  vListInitialise                            
00016bf4  ADC12_A_configureMemory                    
00016c1a  ADC12_A_setupSamplingTimer                 
00016c40  vListInsertEnd                             
00016c66  FlashCtl_eraseSegment                      
00016c8a  IEP0InterruptHandler                       
00016cf6  __TI_zero_init                             
00016d1a  pxPortInitialiseStack                      
00016d3e  __mspabi_mpyl_f5hw                         
00016d62  usbGetInterface                            
00016d86  usbGetInterfaceStatus                      
00016daa  usbSetAddress                              
00016dce  IO_reset                                   
00016df0  USB_connect                                
00016e12  memcpyV                                    
00016e56  WDT_A_hold                                 
00016e76  main                                       
00016eb6  UCS_getACLK                                
00016ed4  USB_resume                                 
00016f10  usbClearDeviceFeature                      
00016f2c  usbSetDeviceFeature                        
00016f48  xTaskGetSchedulerState                     
00016f64  CdcIsReceiveInProgress                     
00016f7e  UCS_getSMCLK                               
00016f98  vApplicationGetIdleTaskMemory              
00016fe2  __mspabi_mpyi_f5hw                         
00016ffa  usbGetConfigurationDescriptor              
00017012  usbGetDeviceDescriptor                     
0001702a  usbReceiveDataPacketOnEP0                  
00017042  usbSetControlLineState                     
0001705a  memset                                     
00017070  __mspabi_divu                              
00017070  __mspabi_remu                              
00017086  usbGetConfiguration                        
0001709c  USB_handleVbusOnEvent                      
000170c4  memcpy                                     
000170ec  usbSendZeroLengthPacketOnIEP0              
00017100  usbSetInterface                            
0001714a  __TI_decompress_none                       
0001715c  vTaskInternalSetTimeOutState               
0001716e  ADC12_A_getResults                         
0001717e  DMA_disableTransfers                       
0001718e  DMA_enableTransfers                        
0001719e  usbInvalidRequest                          
000171ae  DMA_getInterruptStatus                     
000171bc  DMA_startTransfer                          
000171f4  usbStallEndpoint0                          
00017202  ADC12_A_clearInterrupt                     
0001720e  DMA_setTransferSize                        
0001721a  IF_informRx                                
00017226  IF_informTx                                
0001723e  usbSetLineCoding                           
0001724a  USB_setEnabledEvents                       
00017254  __mspabi_slli                              
0001725e  __mspabi_srli                              
00017268  test                                       
00017272  ADC12_A_disable                            
0001727a  ADC12_A_enable                             
00017282  FlashCtl_getStatus                         
0001728a  UCS_turnOffXT2                             
00017292  USBCDC_handleDataReceived                  
0001729a  USBCDC_handleSendCompleted                 
000172a2  USB_handleVbusOffEvent                     
000172ba  usbClearOEP0ByteCount                      
000172c2  usbRestoreInEndpointInterrupt              
000172ca  usbRestoreOutEndpointInterrupt             
000172d2  usbStallOEP0                               
000172da  vListInitialiseItem                        
000172e2  vTaskMissedYield                           
000172ea  vTaskSuspendAll                            
000172f2  DMA_disableTransferDuringReadModifyWrite   
000172f8  DMA_enableTransferDuringReadModifyWrite    
000172fe  SFR_clearInterrupt                         
00017304  UCS_clearFaultFlag                         
0001730a  USB_getVersion                             
00017310  C$$EXIT                                    
00017310  abort                                      
00017316  USBCDC_handleReceiveCompleted              
0001731a  USBCDC_handleSetControlLineState           
0001731e  USBCDC_handleSetLineCoding                 
00017322  USB_handleClockEvent                       
00017326  USB_handleEnumerationCompleteEvent         
0001732a  USB_handleResetEvent                       
0001732e  USB_handleResumeEvent                      
00017332  USB_handleSuspendEvent                     
00017336  _system_pre_init                           
0001733a  _system_post_cinit                         
ffffffff  __TI_pprof_out_hndl                        
ffffffff  __TI_prof_data_size                        
ffffffff  __TI_prof_data_start                       
ffffffff  __c_args__                                 

[1067 symbols]
