<?xml version="1.0" encoding="ISO-8859-1" ?>
<link_info>
   <banner>MSP430 Linker PC v20.2.1.LTS</banner>
   <copyright>Copyright (c) 2003-2018 Texas Instruments Incorporated</copyright>
   <link_time>0x6037f97a</link_time>
   <link_errors>0x0</link_errors>
   <output_file>ecen4620_firmware.out</output_file>
   <entry_point>
      <name>_c_int00_noargs</name>
      <address>0x4696</address>
   </entry_point>
   <input_file_list>
      <input_file id="fl-2">
         <path>.\</path>
         <kind>object</kind>
         <file>hal.obj</file>
         <name>hal.obj</name>
      </input_file>
      <input_file id="fl-3">
         <path>.\</path>
         <kind>object</kind>
         <file>main.obj</file>
         <name>main.obj</name>
      </input_file>
      <input_file id="fl-4">
         <path>.\FreeRTOS\Source\</path>
         <kind>object</kind>
         <file>list.obj</file>
         <name>list.obj</name>
      </input_file>
      <input_file id="fl-5">
         <path>.\FreeRTOS\Source\</path>
         <kind>object</kind>
         <file>queue.obj</file>
         <name>queue.obj</name>
      </input_file>
      <input_file id="fl-6">
         <path>.\FreeRTOS\Source\</path>
         <kind>object</kind>
         <file>tasks.obj</file>
         <name>tasks.obj</name>
      </input_file>
      <input_file id="fl-7">
         <path>.\FreeRTOS\Source\</path>
         <kind>object</kind>
         <file>timers.obj</file>
         <name>timers.obj</name>
      </input_file>
      <input_file id="fl-8">
         <path>.\FreeRTOS\Source\portable\CCS\MSP430X\</path>
         <kind>object</kind>
         <file>port.obj</file>
         <name>port.obj</name>
      </input_file>
      <input_file id="fl-9">
         <path>.\FreeRTOS\Source\portable\CCS\MSP430X\</path>
         <kind>object</kind>
         <file>portext.obj</file>
         <name>portext.obj</name>
      </input_file>
      <input_file id="fl-a">
         <path>.\USB_API\USB_CDC_API\</path>
         <kind>object</kind>
         <file>UsbCdc.obj</file>
         <name>UsbCdc.obj</name>
      </input_file>
      <input_file id="fl-b">
         <path>.\USB_API\USB_Common\</path>
         <kind>object</kind>
         <file>usb.obj</file>
         <name>usb.obj</name>
      </input_file>
      <input_file id="fl-c">
         <path>.\USB_API\USB_Common\</path>
         <kind>object</kind>
         <file>usbdma.obj</file>
         <name>usbdma.obj</name>
      </input_file>
      <input_file id="fl-d">
         <path>.\USB_API\USB_HID_API\</path>
         <kind>object</kind>
         <file>UsbHid.obj</file>
         <name>UsbHid.obj</name>
      </input_file>
      <input_file id="fl-e">
         <path>.\USB_API\USB_HID_API\</path>
         <kind>object</kind>
         <file>UsbHidReq.obj</file>
         <name>UsbHidReq.obj</name>
      </input_file>
      <input_file id="fl-f">
         <path>.\USB_API\USB_MSC_API\</path>
         <kind>object</kind>
         <file>UsbMscReq.obj</file>
         <name>UsbMscReq.obj</name>
      </input_file>
      <input_file id="fl-10">
         <path>.\USB_API\USB_MSC_API\</path>
         <kind>object</kind>
         <file>UsbMscScsi.obj</file>
         <name>UsbMscScsi.obj</name>
      </input_file>
      <input_file id="fl-11">
         <path>.\USB_API\USB_MSC_API\</path>
         <kind>object</kind>
         <file>UsbMscStateMachine.obj</file>
         <name>UsbMscStateMachine.obj</name>
      </input_file>
      <input_file id="fl-12">
         <path>.\USB_API\USB_PHDC_API\</path>
         <kind>object</kind>
         <file>UsbPHDC.obj</file>
         <name>UsbPHDC.obj</name>
      </input_file>
      <input_file id="fl-13">
         <path>.\USB_app\</path>
         <kind>object</kind>
         <file>usbConstructs.obj</file>
         <name>usbConstructs.obj</name>
      </input_file>
      <input_file id="fl-14">
         <path>.\USB_app\</path>
         <kind>object</kind>
         <file>usbEventHandling.obj</file>
         <name>usbEventHandling.obj</name>
      </input_file>
      <input_file id="fl-15">
         <path>.\USB_config\</path>
         <kind>object</kind>
         <file>UsbIsr.obj</file>
         <name>UsbIsr.obj</name>
      </input_file>
      <input_file id="fl-16">
         <path>.\USB_config\</path>
         <kind>object</kind>
         <file>descriptors.obj</file>
         <name>descriptors.obj</name>
      </input_file>
      <input_file id="fl-17">
         <path>.\app\src\</path>
         <kind>object</kind>
         <file>control_motors.obj</file>
         <name>control_motors.obj</name>
      </input_file>
      <input_file id="fl-18">
         <path>.\app\src\</path>
         <kind>object</kind>
         <file>error.obj</file>
         <name>error.obj</name>
      </input_file>
      <input_file id="fl-19">
         <path>.\app\src\</path>
         <kind>object</kind>
         <file>interface.obj</file>
         <name>interface.obj</name>
      </input_file>
      <input_file id="fl-1a">
         <path>.\driverlib\MSP430F5xx_6xx\</path>
         <kind>object</kind>
         <file>adc10_a.obj</file>
         <name>adc10_a.obj</name>
      </input_file>
      <input_file id="fl-1b">
         <path>.\driverlib\MSP430F5xx_6xx\</path>
         <kind>object</kind>
         <file>adc12_a.obj</file>
         <name>adc12_a.obj</name>
      </input_file>
      <input_file id="fl-1c">
         <path>.\driverlib\MSP430F5xx_6xx\</path>
         <kind>object</kind>
         <file>aes.obj</file>
         <name>aes.obj</name>
      </input_file>
      <input_file id="fl-1d">
         <path>.\driverlib\MSP430F5xx_6xx\</path>
         <kind>object</kind>
         <file>battbak.obj</file>
         <name>battbak.obj</name>
      </input_file>
      <input_file id="fl-1e">
         <path>.\driverlib\MSP430F5xx_6xx\</path>
         <kind>object</kind>
         <file>comp_b.obj</file>
         <name>comp_b.obj</name>
      </input_file>
      <input_file id="fl-1f">
         <path>.\driverlib\MSP430F5xx_6xx\</path>
         <kind>object</kind>
         <file>crc.obj</file>
         <name>crc.obj</name>
      </input_file>
      <input_file id="fl-20">
         <path>.\driverlib\MSP430F5xx_6xx\</path>
         <kind>object</kind>
         <file>ctsd16.obj</file>
         <name>ctsd16.obj</name>
      </input_file>
      <input_file id="fl-21">
         <path>.\driverlib\MSP430F5xx_6xx\</path>
         <kind>object</kind>
         <file>dac12_a.obj</file>
         <name>dac12_a.obj</name>
      </input_file>
      <input_file id="fl-22">
         <path>.\driverlib\MSP430F5xx_6xx\</path>
         <kind>object</kind>
         <file>dma.obj</file>
         <name>dma.obj</name>
      </input_file>
      <input_file id="fl-23">
         <path>.\driverlib\MSP430F5xx_6xx\</path>
         <kind>object</kind>
         <file>eusci_a_spi.obj</file>
         <name>eusci_a_spi.obj</name>
      </input_file>
      <input_file id="fl-24">
         <path>.\driverlib\MSP430F5xx_6xx\</path>
         <kind>object</kind>
         <file>eusci_a_uart.obj</file>
         <name>eusci_a_uart.obj</name>
      </input_file>
      <input_file id="fl-25">
         <path>.\driverlib\MSP430F5xx_6xx\</path>
         <kind>object</kind>
         <file>eusci_b_i2c.obj</file>
         <name>eusci_b_i2c.obj</name>
      </input_file>
      <input_file id="fl-26">
         <path>.\driverlib\MSP430F5xx_6xx\</path>
         <kind>object</kind>
         <file>eusci_b_spi.obj</file>
         <name>eusci_b_spi.obj</name>
      </input_file>
      <input_file id="fl-27">
         <path>.\driverlib\MSP430F5xx_6xx\</path>
         <kind>object</kind>
         <file>flashctl.obj</file>
         <name>flashctl.obj</name>
      </input_file>
      <input_file id="fl-28">
         <path>.\driverlib\MSP430F5xx_6xx\</path>
         <kind>object</kind>
         <file>gpio.obj</file>
         <name>gpio.obj</name>
      </input_file>
      <input_file id="fl-29">
         <path>.\driverlib\MSP430F5xx_6xx\</path>
         <kind>object</kind>
         <file>lcd_b.obj</file>
         <name>lcd_b.obj</name>
      </input_file>
      <input_file id="fl-2a">
         <path>.\driverlib\MSP430F5xx_6xx\</path>
         <kind>object</kind>
         <file>lcd_c.obj</file>
         <name>lcd_c.obj</name>
      </input_file>
      <input_file id="fl-2b">
         <path>.\driverlib\MSP430F5xx_6xx\</path>
         <kind>object</kind>
         <file>ldopwr.obj</file>
         <name>ldopwr.obj</name>
      </input_file>
      <input_file id="fl-2c">
         <path>.\driverlib\MSP430F5xx_6xx\</path>
         <kind>object</kind>
         <file>mpy32.obj</file>
         <name>mpy32.obj</name>
      </input_file>
      <input_file id="fl-2d">
         <path>.\driverlib\MSP430F5xx_6xx\</path>
         <kind>object</kind>
         <file>oa.obj</file>
         <name>oa.obj</name>
      </input_file>
      <input_file id="fl-2e">
         <path>.\driverlib\MSP430F5xx_6xx\</path>
         <kind>object</kind>
         <file>pmap.obj</file>
         <name>pmap.obj</name>
      </input_file>
      <input_file id="fl-2f">
         <path>.\driverlib\MSP430F5xx_6xx\</path>
         <kind>object</kind>
         <file>pmm.obj</file>
         <name>pmm.obj</name>
      </input_file>
      <input_file id="fl-30">
         <path>.\driverlib\MSP430F5xx_6xx\</path>
         <kind>object</kind>
         <file>ram.obj</file>
         <name>ram.obj</name>
      </input_file>
      <input_file id="fl-31">
         <path>.\driverlib\MSP430F5xx_6xx\</path>
         <kind>object</kind>
         <file>ref.obj</file>
         <name>ref.obj</name>
      </input_file>
      <input_file id="fl-32">
         <path>.\driverlib\MSP430F5xx_6xx\</path>
         <kind>object</kind>
         <file>rtc_a.obj</file>
         <name>rtc_a.obj</name>
      </input_file>
      <input_file id="fl-33">
         <path>.\driverlib\MSP430F5xx_6xx\</path>
         <kind>object</kind>
         <file>rtc_b.obj</file>
         <name>rtc_b.obj</name>
      </input_file>
      <input_file id="fl-34">
         <path>.\driverlib\MSP430F5xx_6xx\</path>
         <kind>object</kind>
         <file>rtc_c.obj</file>
         <name>rtc_c.obj</name>
      </input_file>
      <input_file id="fl-35">
         <path>.\driverlib\MSP430F5xx_6xx\</path>
         <kind>object</kind>
         <file>sd24_b.obj</file>
         <name>sd24_b.obj</name>
      </input_file>
      <input_file id="fl-36">
         <path>.\driverlib\MSP430F5xx_6xx\</path>
         <kind>object</kind>
         <file>sfr.obj</file>
         <name>sfr.obj</name>
      </input_file>
      <input_file id="fl-37">
         <path>.\driverlib\MSP430F5xx_6xx\</path>
         <kind>object</kind>
         <file>sysctl.obj</file>
         <name>sysctl.obj</name>
      </input_file>
      <input_file id="fl-38">
         <path>.\driverlib\MSP430F5xx_6xx\</path>
         <kind>object</kind>
         <file>tec.obj</file>
         <name>tec.obj</name>
      </input_file>
      <input_file id="fl-39">
         <path>.\driverlib\MSP430F5xx_6xx\</path>
         <kind>object</kind>
         <file>timer_a.obj</file>
         <name>timer_a.obj</name>
      </input_file>
      <input_file id="fl-3a">
         <path>.\driverlib\MSP430F5xx_6xx\</path>
         <kind>object</kind>
         <file>timer_b.obj</file>
         <name>timer_b.obj</name>
      </input_file>
      <input_file id="fl-3b">
         <path>.\driverlib\MSP430F5xx_6xx\</path>
         <kind>object</kind>
         <file>timer_d.obj</file>
         <name>timer_d.obj</name>
      </input_file>
      <input_file id="fl-3c">
         <path>.\driverlib\MSP430F5xx_6xx\</path>
         <kind>object</kind>
         <file>tlv.obj</file>
         <name>tlv.obj</name>
      </input_file>
      <input_file id="fl-3d">
         <path>.\driverlib\MSP430F5xx_6xx\</path>
         <kind>object</kind>
         <file>ucs.obj</file>
         <name>ucs.obj</name>
      </input_file>
      <input_file id="fl-3e">
         <path>.\driverlib\MSP430F5xx_6xx\</path>
         <kind>object</kind>
         <file>usci_a_spi.obj</file>
         <name>usci_a_spi.obj</name>
      </input_file>
      <input_file id="fl-3f">
         <path>.\driverlib\MSP430F5xx_6xx\</path>
         <kind>object</kind>
         <file>usci_a_uart.obj</file>
         <name>usci_a_uart.obj</name>
      </input_file>
      <input_file id="fl-40">
         <path>.\driverlib\MSP430F5xx_6xx\</path>
         <kind>object</kind>
         <file>usci_b_i2c.obj</file>
         <name>usci_b_i2c.obj</name>
      </input_file>
      <input_file id="fl-41">
         <path>.\driverlib\MSP430F5xx_6xx\</path>
         <kind>object</kind>
         <file>usci_b_spi.obj</file>
         <name>usci_b_spi.obj</name>
      </input_file>
      <input_file id="fl-42">
         <path>.\driverlib\MSP430F5xx_6xx\</path>
         <kind>object</kind>
         <file>wdt_a.obj</file>
         <name>wdt_a.obj</name>
      </input_file>
      <input_file id="fl-43">
         <path>.\hal\src\</path>
         <kind>object</kind>
         <file>io_hal.obj</file>
         <name>io_hal.obj</name>
      </input_file>
      <input_file id="fl-44">
         <path>.\hal\src\</path>
         <kind>object</kind>
         <file>pmm_hal.obj</file>
         <name>pmm_hal.obj</name>
      </input_file>
      <input_file id="fl-45">
         <path>.\hal\src\</path>
         <kind>object</kind>
         <file>timera_hal.obj</file>
         <name>timera_hal.obj</name>
      </input_file>
      <input_file id="fl-46">
         <path>.\hal\src\</path>
         <kind>object</kind>
         <file>timerb_hal.obj</file>
         <name>timerb_hal.obj</name>
      </input_file>
      <input_file id="fl-47">
         <path>.\hal\src\</path>
         <kind>object</kind>
         <file>ucs_hal.obj</file>
         <name>ucs_hal.obj</name>
      </input_file>
      <input_file id="fl-48">
         <path>.\hil\src\</path>
         <kind>object</kind>
         <file>io_interrupts.obj</file>
         <name>io_interrupts.obj</name>
      </input_file>
      <input_file id="fl-49">
         <path>.\hil\src\</path>
         <kind>object</kind>
         <file>led_hil.obj</file>
         <name>led_hil.obj</name>
      </input_file>
      <input_file id="fl-4a">
         <path>.\hil\src\</path>
         <kind>object</kind>
         <file>pwm.obj</file>
         <name>pwm.obj</name>
      </input_file>
      <input_file id="fl-51">
         <kind>object</kind>
         <file>&lt;internal&gt;</file>
         <name>&lt;internal&gt;</name>
      </input_file>
      <input_file id="fl-6c">
         <path>C:\ti\ccs1011\ccs\tools\compiler\ti-cgt-msp430_20.2.1.LTS\lib\</path>
         <kind>archive</kind>
         <file>rts430x_lc_rd_eabi.lib</file>
         <name>div16s.asm.obj</name>
      </input_file>
      <input_file id="fl-6d">
         <path>C:\ti\ccs1011\ccs\tools\compiler\ti-cgt-msp430_20.2.1.LTS\lib\</path>
         <kind>archive</kind>
         <file>rts430x_lc_rd_eabi.lib</file>
         <name>div16u.asm.obj</name>
      </input_file>
      <input_file id="fl-6e">
         <path>C:\ti\ccs1011\ccs\tools\compiler\ti-cgt-msp430_20.2.1.LTS\lib\</path>
         <kind>archive</kind>
         <file>rts430x_lc_rd_eabi.lib</file>
         <name>div32s.asm.obj</name>
      </input_file>
      <input_file id="fl-6f">
         <path>C:\ti\ccs1011\ccs\tools\compiler\ti-cgt-msp430_20.2.1.LTS\lib\</path>
         <kind>archive</kind>
         <file>rts430x_lc_rd_eabi.lib</file>
         <name>div32u.asm.obj</name>
      </input_file>
      <input_file id="fl-70">
         <path>C:\ti\ccs1011\ccs\tools\compiler\ti-cgt-msp430_20.2.1.LTS\lib\</path>
         <kind>archive</kind>
         <file>rts430x_lc_rd_eabi.lib</file>
         <name>int41.asm.obj</name>
      </input_file>
      <input_file id="fl-71">
         <path>C:\ti\ccs1011\ccs\tools\compiler\ti-cgt-msp430_20.2.1.LTS\lib\</path>
         <kind>archive</kind>
         <file>rts430x_lc_rd_eabi.lib</file>
         <name>int43.asm.obj</name>
      </input_file>
      <input_file id="fl-72">
         <path>C:\ti\ccs1011\ccs\tools\compiler\ti-cgt-msp430_20.2.1.LTS\lib\</path>
         <kind>archive</kind>
         <file>rts430x_lc_rd_eabi.lib</file>
         <name>int45.asm.obj</name>
      </input_file>
      <input_file id="fl-73">
         <path>C:\ti\ccs1011\ccs\tools\compiler\ti-cgt-msp430_20.2.1.LTS\lib\</path>
         <kind>archive</kind>
         <file>rts430x_lc_rd_eabi.lib</file>
         <name>int46.asm.obj</name>
      </input_file>
      <input_file id="fl-74">
         <path>C:\ti\ccs1011\ccs\tools\compiler\ti-cgt-msp430_20.2.1.LTS\lib\</path>
         <kind>archive</kind>
         <file>rts430x_lc_rd_eabi.lib</file>
         <name>int48.asm.obj</name>
      </input_file>
      <input_file id="fl-75">
         <path>C:\ti\ccs1011\ccs\tools\compiler\ti-cgt-msp430_20.2.1.LTS\lib\</path>
         <kind>archive</kind>
         <file>rts430x_lc_rd_eabi.lib</file>
         <name>int50.asm.obj</name>
      </input_file>
      <input_file id="fl-76">
         <path>C:\ti\ccs1011\ccs\tools\compiler\ti-cgt-msp430_20.2.1.LTS\lib\</path>
         <kind>archive</kind>
         <file>rts430x_lc_rd_eabi.lib</file>
         <name>int52.asm.obj</name>
      </input_file>
      <input_file id="fl-77">
         <path>C:\ti\ccs1011\ccs\tools\compiler\ti-cgt-msp430_20.2.1.LTS\lib\</path>
         <kind>archive</kind>
         <file>rts430x_lc_rd_eabi.lib</file>
         <name>int54.asm.obj</name>
      </input_file>
      <input_file id="fl-78">
         <path>C:\ti\ccs1011\ccs\tools\compiler\ti-cgt-msp430_20.2.1.LTS\lib\</path>
         <kind>archive</kind>
         <file>rts430x_lc_rd_eabi.lib</file>
         <name>int55.asm.obj</name>
      </input_file>
      <input_file id="fl-79">
         <path>C:\ti\ccs1011\ccs\tools\compiler\ti-cgt-msp430_20.2.1.LTS\lib\</path>
         <kind>archive</kind>
         <file>rts430x_lc_rd_eabi.lib</file>
         <name>int56.asm.obj</name>
      </input_file>
      <input_file id="fl-7a">
         <path>C:\ti\ccs1011\ccs\tools\compiler\ti-cgt-msp430_20.2.1.LTS\lib\</path>
         <kind>archive</kind>
         <file>rts430x_lc_rd_eabi.lib</file>
         <name>int57.asm.obj</name>
      </input_file>
      <input_file id="fl-7b">
         <path>C:\ti\ccs1011\ccs\tools\compiler\ti-cgt-msp430_20.2.1.LTS\lib\</path>
         <kind>archive</kind>
         <file>rts430x_lc_rd_eabi.lib</file>
         <name>int58.asm.obj</name>
      </input_file>
      <input_file id="fl-7c">
         <path>C:\ti\ccs1011\ccs\tools\compiler\ti-cgt-msp430_20.2.1.LTS\lib\</path>
         <kind>archive</kind>
         <file>rts430x_lc_rd_eabi.lib</file>
         <name>int60.asm.obj</name>
      </input_file>
      <input_file id="fl-7d">
         <path>C:\ti\ccs1011\ccs\tools\compiler\ti-cgt-msp430_20.2.1.LTS\lib\</path>
         <kind>archive</kind>
         <file>rts430x_lc_rd_eabi.lib</file>
         <name>int62.asm.obj</name>
      </input_file>
      <input_file id="fl-7e">
         <path>C:\ti\ccs1011\ccs\tools\compiler\ti-cgt-msp430_20.2.1.LTS\lib\</path>
         <kind>archive</kind>
         <file>rts430x_lc_rd_eabi.lib</file>
         <name>isr_trap.asm.obj</name>
      </input_file>
      <input_file id="fl-7f">
         <path>C:\ti\ccs1011\ccs\tools\compiler\ti-cgt-msp430_20.2.1.LTS\lib\</path>
         <kind>archive</kind>
         <file>rts430x_lc_rd_eabi.lib</file>
         <name>lsl16.asm.obj</name>
      </input_file>
      <input_file id="fl-80">
         <path>C:\ti\ccs1011\ccs\tools\compiler\ti-cgt-msp430_20.2.1.LTS\lib\</path>
         <kind>archive</kind>
         <file>rts430x_lc_rd_eabi.lib</file>
         <name>lsl32.asm.obj</name>
      </input_file>
      <input_file id="fl-81">
         <path>C:\ti\ccs1011\ccs\tools\compiler\ti-cgt-msp430_20.2.1.LTS\lib\</path>
         <kind>archive</kind>
         <file>rts430x_lc_rd_eabi.lib</file>
         <name>lsr16.asm.obj</name>
      </input_file>
      <input_file id="fl-82">
         <path>C:\ti\ccs1011\ccs\tools\compiler\ti-cgt-msp430_20.2.1.LTS\lib\</path>
         <kind>archive</kind>
         <file>rts430x_lc_rd_eabi.lib</file>
         <name>lsr32.asm.obj</name>
      </input_file>
      <input_file id="fl-83">
         <path>C:\ti\ccs1011\ccs\tools\compiler\ti-cgt-msp430_20.2.1.LTS\lib\</path>
         <kind>archive</kind>
         <file>rts430x_lc_rd_eabi.lib</file>
         <name>mult16.asm.obj</name>
      </input_file>
      <input_file id="fl-84">
         <path>C:\ti\ccs1011\ccs\tools\compiler\ti-cgt-msp430_20.2.1.LTS\lib\</path>
         <kind>archive</kind>
         <file>rts430x_lc_rd_eabi.lib</file>
         <name>mult16_f5hw.asm.obj</name>
      </input_file>
      <input_file id="fl-85">
         <path>C:\ti\ccs1011\ccs\tools\compiler\ti-cgt-msp430_20.2.1.LTS\lib\</path>
         <kind>archive</kind>
         <file>rts430x_lc_rd_eabi.lib</file>
         <name>mult1632_f5hw.asm.obj</name>
      </input_file>
      <input_file id="fl-86">
         <path>C:\ti\ccs1011\ccs\tools\compiler\ti-cgt-msp430_20.2.1.LTS\lib\</path>
         <kind>archive</kind>
         <file>rts430x_lc_rd_eabi.lib</file>
         <name>mult32.asm.obj</name>
      </input_file>
      <input_file id="fl-87">
         <path>C:\ti\ccs1011\ccs\tools\compiler\ti-cgt-msp430_20.2.1.LTS\lib\</path>
         <kind>archive</kind>
         <file>rts430x_lc_rd_eabi.lib</file>
         <name>mult32_f5hw.asm.obj</name>
      </input_file>
      <input_file id="fl-88">
         <path>C:\ti\ccs1011\ccs\tools\compiler\ti-cgt-msp430_20.2.1.LTS\lib\</path>
         <kind>archive</kind>
         <file>rts430x_lc_rd_eabi.lib</file>
         <name>mult3264_f5hw.asm.obj</name>
      </input_file>
      <input_file id="fl-89">
         <path>C:\ti\ccs1011\ccs\tools\compiler\ti-cgt-msp430_20.2.1.LTS\lib\</path>
         <kind>archive</kind>
         <file>rts430x_lc_rd_eabi.lib</file>
         <name>mult64_f5hw.asm.obj</name>
      </input_file>
      <input_file id="fl-8a">
         <path>C:\ti\ccs1011\ccs\tools\compiler\ti-cgt-msp430_20.2.1.LTS\lib\</path>
         <kind>archive</kind>
         <file>rts430x_lc_rd_eabi.lib</file>
         <name>boot.c.obj</name>
      </input_file>
      <input_file id="fl-8b">
         <path>C:\ti\ccs1011\ccs\tools\compiler\ti-cgt-msp430_20.2.1.LTS\lib\</path>
         <kind>archive</kind>
         <file>rts430x_lc_rd_eabi.lib</file>
         <name>autoinit.c.obj</name>
      </input_file>
      <input_file id="fl-8c">
         <path>C:\ti\ccs1011\ccs\tools\compiler\ti-cgt-msp430_20.2.1.LTS\lib\</path>
         <kind>archive</kind>
         <file>rts430x_lc_rd_eabi.lib</file>
         <name>copy_zero_init.c.obj</name>
      </input_file>
      <input_file id="fl-8d">
         <path>C:\ti\ccs1011\ccs\tools\compiler\ti-cgt-msp430_20.2.1.LTS\lib\</path>
         <kind>archive</kind>
         <file>rts430x_lc_rd_eabi.lib</file>
         <name>cpy_tbl.c.obj</name>
      </input_file>
      <input_file id="fl-8e">
         <path>C:\ti\ccs1011\ccs\tools\compiler\ti-cgt-msp430_20.2.1.LTS\lib\</path>
         <kind>archive</kind>
         <file>rts430x_lc_rd_eabi.lib</file>
         <name>mpu_init.c.obj</name>
      </input_file>
      <input_file id="fl-8f">
         <path>C:\ti\ccs1011\ccs\tools\compiler\ti-cgt-msp430_20.2.1.LTS\lib\</path>
         <kind>archive</kind>
         <file>rts430x_lc_rd_eabi.lib</file>
         <name>pre_init.c.obj</name>
      </input_file>
      <input_file id="fl-90">
         <path>C:\ti\ccs1011\ccs\tools\compiler\ti-cgt-msp430_20.2.1.LTS\lib\</path>
         <kind>archive</kind>
         <file>rts430x_lc_rd_eabi.lib</file>
         <name>startup.c.obj</name>
      </input_file>
      <input_file id="fl-91">
         <path>C:\ti\ccs1011\ccs\tools\compiler\ti-cgt-msp430_20.2.1.LTS\lib\</path>
         <kind>archive</kind>
         <file>rts430x_lc_rd_eabi.lib</file>
         <name>copy_decompress_none.c.obj</name>
      </input_file>
      <input_file id="fl-92">
         <path>C:\ti\ccs1011\ccs\tools\compiler\ti-cgt-msp430_20.2.1.LTS\lib\</path>
         <kind>archive</kind>
         <file>rts430x_lc_rd_eabi.lib</file>
         <name>copy_decompress_lzss.c.obj</name>
      </input_file>
      <input_file id="fl-93">
         <path>C:\ti\ccs1011\ccs\tools\compiler\ti-cgt-msp430_20.2.1.LTS\lib\</path>
         <kind>archive</kind>
         <file>rts430x_lc_rd_eabi.lib</file>
         <name>exit.c.obj</name>
      </input_file>
      <input_file id="fl-94">
         <path>C:\ti\ccs1011\ccs\tools\compiler\ti-cgt-msp430_20.2.1.LTS\lib\</path>
         <kind>archive</kind>
         <file>rts430x_lc_rd_eabi.lib</file>
         <name>_lock.c.obj</name>
      </input_file>
      <input_file id="fl-95">
         <path>C:\ti\ccs1011\ccs\tools\compiler\ti-cgt-msp430_20.2.1.LTS\lib\</path>
         <kind>archive</kind>
         <file>rts430x_lc_rd_eabi.lib</file>
         <name>args_main.c.obj</name>
      </input_file>
      <input_file id="fl-96">
         <path>C:\ti\ccs1011\ccs\tools\compiler\ti-cgt-msp430_20.2.1.LTS\lib\</path>
         <kind>archive</kind>
         <file>rts430x_lc_rd_eabi.lib</file>
         <name>memcpy.c.obj</name>
      </input_file>
      <input_file id="fl-97">
         <path>C:\ti\ccs1011\ccs\tools\compiler\ti-cgt-msp430_20.2.1.LTS\lib\</path>
         <kind>archive</kind>
         <file>rts430x_lc_rd_eabi.lib</file>
         <name>memset.c.obj</name>
      </input_file>
      <input_file id="fl-98">
         <path>C:\ti\ccs1011\ccs\tools\compiler\ti-cgt-msp430_20.2.1.LTS\lib\</path>
         <kind>archive</kind>
         <file>rts430x_lc_rd_eabi.lib</file>
         <name>exit_gvars.c.obj</name>
      </input_file>
   </input_file_list>
   <object_component_list>
      <object_component id="oc-928">
         <name>.bss:xIdleTaskTCB$1</name>
         <uninitialized>true</uninitialized>
         <run_address>0x31ea</run_address>
         <size>0x62</size>
         <input_file_ref idref="fl-3"/>
      </object_component>
      <object_component id="oc-929">
         <name>.bss:uxIdleTaskStack$2</name>
         <uninitialized>true</uninitialized>
         <run_address>0x2e00</run_address>
         <size>0x200</size>
         <input_file_ref idref="fl-3"/>
      </object_component>
      <object_component id="oc-713">
         <name>.bss:pxReadyTasksLists</name>
         <uninitialized>true</uninitialized>
         <run_address>0x33d4</run_address>
         <size>0x30</size>
         <input_file_ref idref="fl-6"/>
      </object_component>
      <object_component id="oc-b95">
         <name>.bss:xDelayedTaskList1</name>
         <uninitialized>true</uninitialized>
         <run_address>0x3468</run_address>
         <size>0x10</size>
         <input_file_ref idref="fl-6"/>
      </object_component>
      <object_component id="oc-b98">
         <name>.bss:xDelayedTaskList2</name>
         <uninitialized>true</uninitialized>
         <run_address>0x3478</run_address>
         <size>0x10</size>
         <input_file_ref idref="fl-6"/>
      </object_component>
      <object_component id="oc-703">
         <name>.bss</name>
         <uninitialized>true</uninitialized>
         <run_address>0x34e0</run_address>
         <size>0x8</size>
         <input_file_ref idref="fl-6"/>
      </object_component>
      <object_component id="oc-9b0">
         <name>.bss:xPendingReadyList</name>
         <uninitialized>true</uninitialized>
         <run_address>0x3488</run_address>
         <size>0x10</size>
         <input_file_ref idref="fl-6"/>
      </object_component>
      <object_component id="oc-aa7">
         <name>.bss:xTasksWaitingTermination</name>
         <uninitialized>true</uninitialized>
         <run_address>0x34a8</run_address>
         <size>0x10</size>
         <input_file_ref idref="fl-6"/>
      </object_component>
      <object_component id="oc-b9b">
         <name>.bss:xSuspendedTaskList</name>
         <uninitialized>true</uninitialized>
         <run_address>0x3498</run_address>
         <size>0x10</size>
         <input_file_ref idref="fl-6"/>
      </object_component>
      <object_component id="oc-6c5">
         <name>.bss:CdcControl</name>
         <uninitialized>true</uninitialized>
         <run_address>0x34d8</run_address>
         <size>0x8</size>
         <input_file_ref idref="fl-a"/>
      </object_component>
      <object_component id="oc-58d">
         <name>.bss</name>
         <uninitialized>true</uninitialized>
         <run_address>0x3458</run_address>
         <size>0x10</size>
         <input_file_ref idref="fl-b"/>
      </object_component>
      <object_component id="oc-8c3">
         <name>.bss:theta_ownership_buffer$1</name>
         <uninitialized>true</uninitialized>
         <run_address>0x3364</run_address>
         <size>0x38</size>
         <input_file_ref idref="fl-17"/>
      </object_component>
      <object_component id="oc-8d0">
         <name>.bss:phi_ownership_buffer$2</name>
         <uninitialized>true</uninitialized>
         <run_address>0x3284</run_address>
         <size>0x38</size>
         <input_file_ref idref="fl-17"/>
      </object_component>
      <object_component id="oc-8d1">
         <name>.bss:theta_turnsteps_command_storage_buffer$3</name>
         <uninitialized>true</uninitialized>
         <run_address>0x34ce</run_address>
         <size>0xa</size>
         <input_file_ref idref="fl-17"/>
      </object_component>
      <object_component id="oc-8d2">
         <name>.bss:theta_turnsteps_command_buffer$4</name>
         <uninitialized>true</uninitialized>
         <run_address>0x339c</run_address>
         <size>0x38</size>
         <input_file_ref idref="fl-17"/>
      </object_component>
      <object_component id="oc-8d3">
         <name>.bss:phi_turnsteps_command_storage_buffer$5</name>
         <uninitialized>true</uninitialized>
         <run_address>0x34c4</run_address>
         <size>0xa</size>
         <input_file_ref idref="fl-17"/>
      </object_component>
      <object_component id="oc-8d4">
         <name>.bss:phi_turnsteps_command_buffer$6</name>
         <uninitialized>true</uninitialized>
         <run_address>0x32bc</run_address>
         <size>0x38</size>
         <input_file_ref idref="fl-17"/>
      </object_component>
      <object_component id="oc-8d5">
         <name>.bss:theta_align_command_storage_buffer$7</name>
         <uninitialized>true</uninitialized>
         <run_address>0x34fc</run_address>
         <size>0x4</size>
         <input_file_ref idref="fl-17"/>
      </object_component>
      <object_component id="oc-8d6">
         <name>.bss:theta_align_command_buffer$8</name>
         <uninitialized>true</uninitialized>
         <run_address>0x332c</run_address>
         <size>0x38</size>
         <input_file_ref idref="fl-17"/>
      </object_component>
      <object_component id="oc-8d7">
         <name>.bss:phi_align_command_storage_buffer$9</name>
         <uninitialized>true</uninitialized>
         <run_address>0x34f8</run_address>
         <size>0x4</size>
         <input_file_ref idref="fl-17"/>
      </object_component>
      <object_component id="oc-8d8">
         <name>.bss:phi_align_command_buffer$10</name>
         <uninitialized>true</uninitialized>
         <run_address>0x324c</run_address>
         <size>0x38</size>
         <input_file_ref idref="fl-17"/>
      </object_component>
      <object_component id="oc-8dc">
         <name>.bss:theta_turnsteps_task_stack_buffer$11</name>
         <uninitialized>true</uninitialized>
         <run_address>0x2c00</run_address>
         <size>0x200</size>
         <input_file_ref idref="fl-17"/>
      </object_component>
      <object_component id="oc-8dd">
         <name>.bss:theta_turnsteps_task_task_buffer$12</name>
         <uninitialized>true</uninitialized>
         <run_address>0x3188</run_address>
         <size>0x62</size>
         <input_file_ref idref="fl-17"/>
      </object_component>
      <object_component id="oc-8e7">
         <name>.bss:phi_turnsteps_task_stack_buffer$13</name>
         <uninitialized>true</uninitialized>
         <run_address>0x2600</run_address>
         <size>0x200</size>
         <input_file_ref idref="fl-17"/>
      </object_component>
      <object_component id="oc-8e8">
         <name>.bss:phi_turnsteps_task_task_buffer$14</name>
         <uninitialized>true</uninitialized>
         <run_address>0x3062</run_address>
         <size>0x62</size>
         <input_file_ref idref="fl-17"/>
      </object_component>
      <object_component id="oc-8e9">
         <name>.bss:theta_align_task_stack_buffer$15</name>
         <uninitialized>true</uninitialized>
         <run_address>0x2a00</run_address>
         <size>0x200</size>
         <input_file_ref idref="fl-17"/>
      </object_component>
      <object_component id="oc-8ea">
         <name>.bss:theta_align_task_task_buffer$16</name>
         <uninitialized>true</uninitialized>
         <run_address>0x3126</run_address>
         <size>0x62</size>
         <input_file_ref idref="fl-17"/>
      </object_component>
      <object_component id="oc-8f1">
         <name>.bss:phi_align_task_stack_buffer$17</name>
         <uninitialized>true</uninitialized>
         <run_address>0x2400</run_address>
         <size>0x200</size>
         <input_file_ref idref="fl-17"/>
      </object_component>
      <object_component id="oc-8f2">
         <name>.bss:phi_align_task_task_buffer$18</name>
         <uninitialized>true</uninitialized>
         <run_address>0x3000</run_address>
         <size>0x62</size>
         <input_file_ref idref="fl-17"/>
      </object_component>
      <object_component id="oc-917">
         <name>.bss:rx_available_buffer$1</name>
         <uninitialized>true</uninitialized>
         <run_address>0x32f4</run_address>
         <size>0x38</size>
         <input_file_ref idref="fl-19"/>
      </object_component>
      <object_component id="oc-918">
         <name>.bss:rx_task_stack_buffer$2</name>
         <uninitialized>true</uninitialized>
         <run_address>0x2800</run_address>
         <size>0x200</size>
         <input_file_ref idref="fl-19"/>
      </object_component>
      <object_component id="oc-919">
         <name>.bss:rx_task_task_buffer$3</name>
         <uninitialized>true</uninitialized>
         <run_address>0x30c4</run_address>
         <size>0x62</size>
         <input_file_ref idref="fl-19"/>
      </object_component>
      <object_component id="oc-43a">
         <name>.bss</name>
         <uninitialized>true</uninitialized>
         <run_address>0x3440</run_address>
         <size>0x18</size>
         <input_file_ref idref="fl-4a"/>
      </object_component>
      <object_component id="oc-5ab">
         <name>.common:CdcWriteCtrl</name>
         <uninitialized>true</uninitialized>
         <run_address>0x34b8</run_address>
         <size>0xc</size>
      </object_component>
      <object_component id="oc-528">
         <name>.common:CdcReadCtrl</name>
         <uninitialized>true</uninitialized>
         <run_address>0x3426</run_address>
         <size>0x1a</size>
      </object_component>
      <object_component id="oc-590">
         <name>.common:wBytesRemainingOnIEP0</name>
         <uninitialized>true</uninitialized>
         <run_address>0x3508</run_address>
         <size>0x2</size>
      </object_component>
      <object_component id="oc-591">
         <name>.common:wBytesRemainingOnOEP0</name>
         <uninitialized>true</uninitialized>
         <run_address>0x350a</run_address>
         <size>0x2</size>
      </object_component>
      <object_component id="oc-51b">
         <name>.common:abUsbRequestReturnData</name>
         <uninitialized>true</uninitialized>
         <run_address>0x34f0</run_address>
         <size>0x8</size>
      </object_component>
      <object_component id="oc-6ea">
         <name>.common:abUsbRequestIncomingData</name>
         <uninitialized>true</uninitialized>
         <run_address>0x34e8</run_address>
         <size>0x8</size>
      </object_component>
      <object_component id="oc-99e">
         <name>.common:abramSerialStringDescriptor</name>
         <uninitialized>true</uninitialized>
         <run_address>0x3404</run_address>
         <size>0x22</size>
      </object_component>
      <object_component id="oc-51a">
         <name>.common:bStatusAction</name>
         <uninitialized>true</uninitialized>
         <run_address>0x350e</run_address>
         <size>0x1</size>
      </object_component>
      <object_component id="oc-455">
         <name>.common:wUsbEventMask</name>
         <uninitialized>true</uninitialized>
         <run_address>0x350c</run_address>
         <size>0x2</size>
      </object_component>
      <object_component id="oc-5b2">
         <name>.common:USB_TX_memcpy</name>
         <uninitialized>true</uninitialized>
         <run_address>0x3504</run_address>
         <size>0x4</size>
      </object_component>
      <object_component id="oc-6ac">
         <name>.common:USB_RX_memcpy</name>
         <uninitialized>true</uninitialized>
         <run_address>0x3500</run_address>
         <size>0x4</size>
      </object_component>
      <object_component id="oc-5cd">
         <name>.data</name>
         <load_address>0x3578</load_address>
         <run_address>0x3578</run_address>
         <size>0x1e</size>
         <input_file_ref idref="fl-6"/>
      </object_component>
      <object_component id="oc-5ca">
         <name>.data</name>
         <load_address>0x35ae</load_address>
         <run_address>0x35ae</run_address>
         <size>0x2</size>
         <input_file_ref idref="fl-8"/>
      </object_component>
      <object_component id="oc-53f">
         <name>.data</name>
         <load_address>0x35a6</load_address>
         <run_address>0x35a6</run_address>
         <size>0x8</size>
         <input_file_ref idref="fl-b"/>
      </object_component>
      <object_component id="oc-8bf">
         <name>.data</name>
         <load_address>0x3510</load_address>
         <run_address>0x3510</run_address>
         <size>0x28</size>
         <input_file_ref idref="fl-17"/>
      </object_component>
      <object_component id="oc-6a2">
         <name>.data</name>
         <load_address>0x3596</load_address>
         <run_address>0x3596</run_address>
         <size>0x8</size>
         <input_file_ref idref="fl-19"/>
      </object_component>
      <object_component id="oc-9c4">
         <name>.data</name>
         <load_address>0x359e</load_address>
         <run_address>0x359e</run_address>
         <size>0x8</size>
         <input_file_ref idref="fl-3d"/>
      </object_component>
      <object_component id="oc-43e">
         <name>.data:p1_handlers</name>
         <load_address>0x3538</load_address>
         <run_address>0x3538</run_address>
         <size>0x20</size>
         <input_file_ref idref="fl-48"/>
      </object_component>
      <object_component id="oc-431">
         <name>.data:p2_handlers</name>
         <load_address>0x3558</load_address>
         <run_address>0x3558</run_address>
         <size>0x20</size>
         <input_file_ref idref="fl-48"/>
      </object_component>
      <object_component id="oc-38d">
         <name>.stack</name>
         <uninitialized>true</uninitialized>
         <run_address>0x4360</run_address>
         <size>0x4</size>
         <input_file_ref idref="fl-8a"/>
      </object_component>
      <object_component id="oc-cd4">
         <name>.stack</name>
         <uninitialized>true</uninitialized>
         <run_address>0x4360</run_address>
         <size>0x0</size>
      </object_component>
      <object_component id="oc-777">
         <name>.text:TB_unitTest</name>
         <load_address>0x10000</load_address>
         <run_address>0x10000</run_address>
         <size>0x5c8</size>
         <input_file_ref idref="fl-46"/>
      </object_component>
      <object_component id="oc-76a">
         <name>.text:CM_init</name>
         <load_address>0x105c8</load_address>
         <run_address>0x105c8</run_address>
         <size>0x4c0</size>
         <input_file_ref idref="fl-17"/>
      </object_component>
      <object_component id="oc-b3d">
         <name>.text:USBCDC_receiveData</name>
         <load_address>0x10a88</load_address>
         <run_address>0x10a88</run_address>
         <size>0x478</size>
         <input_file_ref idref="fl-a"/>
      </object_component>
      <object_component id="oc-4a6">
         <name>.text:CdcToHostFromBuffer</name>
         <load_address>0x10f00</load_address>
         <run_address>0x10f00</run_address>
         <size>0x2de</size>
         <input_file_ref idref="fl-a"/>
      </object_component>
      <object_component id="oc-45e">
         <name>.text:CdcToBufferFromHost</name>
         <load_address>0x111de</load_address>
         <run_address>0x111de</run_address>
         <size>0x246</size>
         <input_file_ref idref="fl-a"/>
      </object_component>
      <object_component id="oc-47c">
         <name>.text:USB_reset</name>
         <load_address>0x11424</load_address>
         <run_address>0x11424</run_address>
         <size>0x1f0</size>
         <input_file_ref idref="fl-b"/>
      </object_component>
      <object_component id="oc-b19">
         <name>.text:PWM_configure</name>
         <load_address>0x11614</load_address>
         <run_address>0x11614</run_address>
         <size>0x1c2</size>
         <input_file_ref idref="fl-4a"/>
      </object_component>
      <object_component id="oc-8ca">
         <name>.text:xQueueGenericSend</name>
         <load_address>0x117d6</load_address>
         <run_address>0x117d6</run_address>
         <size>0x1b6</size>
         <input_file_ref idref="fl-5"/>
      </object_component>
      <object_component id="oc-91a">
         <name>.text:_rxTask</name>
         <load_address>0x1198c</load_address>
         <run_address>0x1198c</run_address>
         <size>0x1a0</size>
         <input_file_ref idref="fl-19"/>
      </object_component>
      <object_component id="oc-a2b">
         <name>.text:xQueueReceive</name>
         <load_address>0x11b2c</load_address>
         <run_address>0x11b2c</run_address>
         <size>0x19a</size>
         <input_file_ref idref="fl-5"/>
      </object_component>
      <object_component id="oc-a31">
         <name>.text:xQueueSemaphoreTake</name>
         <load_address>0x11cc6</load_address>
         <run_address>0x11cc6</run_address>
         <size>0x18c</size>
         <input_file_ref idref="fl-5"/>
      </object_component>
      <object_component id="oc-740">
         <name>.text:TB_configureCctl</name>
         <load_address>0x11e52</load_address>
         <run_address>0x11e52</run_address>
         <size>0x184</size>
         <input_file_ref idref="fl-46"/>
      </object_component>
      <object_component id="oc-bc0">
         <name>.text:TA_configureCctl</name>
         <load_address>0x11fd6</load_address>
         <run_address>0x11fd6</run_address>
         <size>0x16c</size>
         <input_file_ref idref="fl-45"/>
      </object_component>
      <object_component id="oc-57d">
         <name>.text:USB_enable</name>
         <load_address>0x12142</load_address>
         <run_address>0x12142</run_address>
         <size>0x140</size>
         <input_file_ref idref="fl-b"/>
      </object_component>
      <object_component id="oc-9c7">
         <name>.text:privateUCSSourceClockFromDCO</name>
         <load_address>0x12282</load_address>
         <run_address>0x12282</run_address>
         <size>0x110</size>
         <input_file_ref idref="fl-3d"/>
      </object_component>
      <object_component id="oc-570">
         <name>.text:CopyUsbToBuff</name>
         <load_address>0x12392</load_address>
         <run_address>0x12392</run_address>
         <size>0x10a</size>
         <input_file_ref idref="fl-a"/>
      </object_component>
      <object_component id="oc-5d0">
         <name>.text:xTaskIncrementTick</name>
         <load_address>0x1249c</load_address>
         <run_address>0x1249c</run_address>
         <size>0x106</size>
         <input_file_ref idref="fl-6"/>
      </object_component>
      <object_component id="oc-b7c">
         <name>.text:USB_InitSerialStringDescriptor</name>
         <load_address>0x125a2</load_address>
         <run_address>0x125a2</run_address>
         <size>0xfe</size>
         <input_file_ref idref="fl-b"/>
      </object_component>
      <object_component id="oc-a43">
         <name>.text:ulTaskGenericNotifyTake</name>
         <load_address>0x126a0</load_address>
         <run_address>0x126a0</run_address>
         <size>0xfa</size>
         <input_file_ref idref="fl-6"/>
      </object_component>
      <object_component id="oc-a10">
         <name>.text:xTaskResumeAll</name>
         <load_address>0x1279a</load_address>
         <run_address>0x1279a</run_address>
         <size>0xf6</size>
         <input_file_ref idref="fl-6"/>
      </object_component>
      <object_component id="oc-b5d">
         <name>.text:USBCDC_getInterfaceStatus</name>
         <load_address>0x12890</load_address>
         <run_address>0x12890</run_address>
         <size>0xec</size>
         <input_file_ref idref="fl-a"/>
      </object_component>
      <object_component id="oc-59a">
         <name>.text:USB_determineFreq</name>
         <load_address>0x1297c</load_address>
         <run_address>0x1297c</run_address>
         <size>0xec</size>
         <input_file_ref idref="fl-b"/>
      </object_component>
      <object_component id="oc-932">
         <name>.text:prvInitialiseNewTask</name>
         <load_address>0x12a68</load_address>
         <run_address>0x12a68</run_address>
         <size>0xec</size>
         <input_file_ref idref="fl-6"/>
      </object_component>
      <object_component id="oc-8eb">
         <name>.text:_alignTask</name>
         <load_address>0x12b54</load_address>
         <run_address>0x12b54</run_address>
         <size>0xe6</size>
         <input_file_ref idref="fl-17"/>
      </object_component>
      <object_component id="oc-88c">
         <name>.text:privateUCSComputeCLKFrequency</name>
         <load_address>0x12c3a</load_address>
         <run_address>0x12c3a</run_address>
         <size>0xe6</size>
         <input_file_ref idref="fl-3d"/>
      </object_component>
      <object_component id="oc-9db">
         <name>.text:UCS_initFLL</name>
         <load_address>0x12d20</load_address>
         <run_address>0x12d20</run_address>
         <size>0xe2</size>
         <input_file_ref idref="fl-3d"/>
      </object_component>
      <object_component id="oc-8b8">
         <name>.text:IO_configurePin</name>
         <load_address>0x12e02</load_address>
         <run_address>0x12e02</run_address>
         <size>0xe0</size>
         <input_file_ref idref="fl-43"/>
      </object_component>
      <object_component id="oc-899">
         <name>.text:PMM_setVCoreUp</name>
         <load_address>0x12ee2</load_address>
         <run_address>0x12ee2</run_address>
         <size>0xe0</size>
         <input_file_ref idref="fl-2f"/>
      </object_component>
      <object_component id="oc-a6c">
         <name>.text:vTaskGenericNotifyGiveFromISR</name>
         <load_address>0x12fc2</load_address>
         <run_address>0x12fc2</run_address>
         <size>0xd8</size>
         <input_file_ref idref="fl-6"/>
      </object_component>
      <object_component id="oc-44f">
         <name>.text:USBCDC_getBytesInUSBBuffer</name>
         <load_address>0x1309a</load_address>
         <run_address>0x1309a</run_address>
         <size>0xca</size>
         <input_file_ref idref="fl-a"/>
      </object_component>
      <object_component id="oc-770">
         <name>.text:IF_init</name>
         <load_address>0x13164</load_address>
         <run_address>0x13164</run_address>
         <size>0xba</size>
         <input_file_ref idref="fl-19"/>
      </object_component>
      <object_component id="oc-b6a">
         <name>.text:USB_determineXT2Freq</name>
         <load_address>0x1321e</load_address>
         <run_address>0x1321e</run_address>
         <size>0xba</size>
         <input_file_ref idref="fl-b"/>
      </object_component>
      <object_component id="oc-a94">
         <name>.text:USB_init</name>
         <load_address>0x132d8</load_address>
         <run_address>0x132d8</run_address>
         <size>0xba</size>
         <input_file_ref idref="fl-b"/>
      </object_component>
      <object_component id="oc-ae5">
         <name>.text:xQueueGenericReset</name>
         <load_address>0x13392</load_address>
         <run_address>0x13392</run_address>
         <size>0xb6</size>
         <input_file_ref idref="fl-5"/>
      </object_component>
      <object_component id="oc-78a">
         <name>.text:xTaskCreateStatic</name>
         <load_address>0x13448</load_address>
         <run_address>0x13448</run_address>
         <size>0xb4</size>
         <input_file_ref idref="fl-6"/>
      </object_component>
      <object_component id="oc-7cd">
         <name>.text:usbGetLineCoding</name>
         <load_address>0x134fc</load_address>
         <run_address>0x134fc</run_address>
         <size>0xb2</size>
         <input_file_ref idref="fl-a"/>
      </object_component>
      <object_component id="oc-6a5">
         <name>.text:xQueueGiveFromISR</name>
         <load_address>0x135ae</load_address>
         <run_address>0x135ae</run_address>
         <size>0xae</size>
         <input_file_ref idref="fl-5"/>
      </object_component>
      <object_component id="oc-a0a">
         <name>.text:prvUnlockQueue</name>
         <load_address>0x1365c</load_address>
         <run_address>0x1365c</run_address>
         <size>0xac</size>
         <input_file_ref idref="fl-5"/>
      </object_component>
      <object_component id="oc-938">
         <name>.text:prvAddNewTaskToReadyList</name>
         <load_address>0x13708</load_address>
         <run_address>0x13708</run_address>
         <size>0xaa</size>
         <input_file_ref idref="fl-6"/>
      </object_component>
      <object_component id="oc-815">
         <name>.text:usbGetEndpointStatus</name>
         <load_address>0x137b2</load_address>
         <run_address>0x137b2</run_address>
         <size>0xa8</size>
         <input_file_ref idref="fl-b"/>
      </object_component>
      <object_component id="oc-b2b">
         <name>.text:PWM_start</name>
         <load_address>0x1385a</load_address>
         <run_address>0x1385a</run_address>
         <size>0xa6</size>
         <input_file_ref idref="fl-4a"/>
      </object_component>
      <object_component id="oc-8a6">
         <name>.text:UCS_initClockSignal</name>
         <load_address>0x13900</load_address>
         <run_address>0x13900</run_address>
         <size>0xa6</size>
         <input_file_ref idref="fl-3d"/>
      </object_component>
      <object_component id="oc-b63">
         <name>.text:USBCDC_sendData</name>
         <load_address>0x139a6</load_address>
         <run_address>0x139a6</run_address>
         <size>0xa6</size>
         <input_file_ref idref="fl-a"/>
      </object_component>
      <object_component id="oc-4ba">
         <name>.text</name>
         <load_address>0x13a4c</load_address>
         <run_address>0x13a4c</run_address>
         <size>0xa6</size>
         <input_file_ref idref="fl-9"/>
      </object_component>
      <object_component id="oc-8c4">
         <name>.text:xQueueGenericCreateStatic</name>
         <load_address>0x13af2</load_address>
         <run_address>0x13af2</run_address>
         <size>0xa4</size>
         <input_file_ref idref="fl-5"/>
      </object_component>
      <object_component id="oc-89f">
         <name>.text:PMM_setVCoreDown</name>
         <load_address>0x13b96</load_address>
         <run_address>0x13b96</run_address>
         <size>0xa2</size>
         <input_file_ref idref="fl-2f"/>
      </object_component>
      <object_component id="oc-5f5">
         <name>.text:vTaskStartScheduler</name>
         <load_address>0x13c38</load_address>
         <run_address>0x13c38</run_address>
         <size>0xa2</size>
         <input_file_ref idref="fl-6"/>
      </object_component>
      <object_component id="oc-7e5">
         <name>.text:usbClearEndpointFeature</name>
         <load_address>0x13cda</load_address>
         <run_address>0x13cda</run_address>
         <size>0x9c</size>
         <input_file_ref idref="fl-b"/>
      </object_component>
      <object_component id="oc-a04">
         <name>.text:xTaskCheckForTimeOut</name>
         <load_address>0x13d76</load_address>
         <run_address>0x13d76</run_address>
         <size>0x9a</size>
         <input_file_ref idref="fl-6"/>
      </object_component>
      <object_component id="oc-51c">
         <name>.text:usbDecodeAndProcessUsbRequest</name>
         <load_address>0x13e10</load_address>
         <run_address>0x13e10</run_address>
         <size>0x90</size>
         <input_file_ref idref="fl-b"/>
      </object_component>
      <object_component id="oc-5c3">
         <name>.text:usbSendNextPacketOnIEP0</name>
         <load_address>0x13ea0</load_address>
         <run_address>0x13ea0</run_address>
         <size>0x8e</size>
         <input_file_ref idref="fl-b"/>
      </object_component>
      <object_component id="oc-849">
         <name>.text:xTaskRemoveFromEventList</name>
         <load_address>0x13f2e</load_address>
         <run_address>0x13f2e</run_address>
         <size>0x8e</size>
         <input_file_ref idref="fl-6"/>
      </object_component>
      <object_component id="oc-5bc">
         <name>.text:Handler_SetLineCoding</name>
         <load_address>0x13fbc</load_address>
         <run_address>0x13fbc</run_address>
         <size>0x88</size>
         <input_file_ref idref="fl-a"/>
      </object_component>
      <object_component id="oc-5d6">
         <name>.text:vTaskSwitchContext</name>
         <load_address>0x14044</load_address>
         <run_address>0x14044</run_address>
         <size>0x88</size>
         <input_file_ref idref="fl-6"/>
      </object_component>
      <object_component id="oc-488">
         <name>.text:PWRVBUSoffHandler</name>
         <load_address>0x140cc</load_address>
         <run_address>0x140cc</run_address>
         <size>0x86</size>
         <input_file_ref idref="fl-15"/>
      </object_component>
      <object_component id="oc-bf5">
         <name>.text:DMA_init</name>
         <load_address>0x14152</load_address>
         <run_address>0x14152</run_address>
         <size>0x82</size>
         <input_file_ref idref="fl-22"/>
      </object_component>
      <object_component id="oc-a22">
         <name>.text:prvCopyDataToQueue</name>
         <load_address>0x141d4</load_address>
         <run_address>0x141d4</run_address>
         <size>0x80</size>
         <input_file_ref idref="fl-5"/>
      </object_component>
      <object_component id="oc-8de">
         <name>.text:_turnMotorStepsTask</name>
         <load_address>0x14254</load_address>
         <run_address>0x14254</run_address>
         <size>0x7c</size>
         <input_file_ref idref="fl-17"/>
      </object_component>
      <object_component id="oc-a82">
         <name>.text:_callCommand</name>
         <load_address>0x142d0</load_address>
         <run_address>0x142d0</run_address>
         <size>0x7a</size>
         <input_file_ref idref="fl-19"/>
      </object_component>
      <object_component id="oc-6d">
         <name>.text:decompress:lzss:__TI_decompress_lzss</name>
         <load_address>0x1434a</load_address>
         <run_address>0x1434a</run_address>
         <size>0x76</size>
         <input_file_ref idref="fl-92"/>
      </object_component>
      <object_component id="oc-494">
         <name>.text:PWRVBUSonHandler</name>
         <load_address>0x143c0</load_address>
         <run_address>0x143c0</run_address>
         <size>0x74</size>
         <input_file_ref idref="fl-15"/>
      </object_component>
      <object_component id="oc-73a">
         <name>.text:TB_configureCtl</name>
         <load_address>0x14434</load_address>
         <run_address>0x14434</run_address>
         <size>0x74</size>
         <input_file_ref idref="fl-46"/>
      </object_component>
      <object_component id="oc-aff">
         <name>.text:prvAddCurrentTaskToDelayedList</name>
         <load_address>0x144a8</load_address>
         <run_address>0x144a8</run_address>
         <size>0x74</size>
         <input_file_ref idref="fl-6"/>
      </object_component>
      <object_component id="oc-5dc">
         <name>.text:vPortSetupTimerInterrupt</name>
         <load_address>0x1451c</load_address>
         <run_address>0x1451c</run_address>
         <size>0x74</size>
         <input_file_ref idref="fl-8"/>
      </object_component>
      <object_component id="oc-5e9">
         <name>.text:init</name>
         <load_address>0x14590</load_address>
         <run_address>0x14590</run_address>
         <size>0x72</size>
         <input_file_ref idref="fl-3"/>
      </object_component>
      <object_component id="oc-a8d">
         <name>.text:USBCDC_sendDataInBackground</name>
         <load_address>0x14602</load_address>
         <run_address>0x14602</run_address>
         <size>0x6e</size>
         <input_file_ref idref="fl-13"/>
      </object_component>
      <object_component id="oc-bfb">
         <name>.text:memcpyDMA</name>
         <load_address>0x14670</load_address>
         <run_address>0x14670</run_address>
         <size>0x64</size>
         <input_file_ref idref="fl-c"/>
      </object_component>
      <object_component id="oc-7fd">
         <name>.text:usbGetStringDescriptor</name>
         <load_address>0x146d4</load_address>
         <run_address>0x146d4</run_address>
         <size>0x60</size>
         <input_file_ref idref="fl-b"/>
      </object_component>
      <object_component id="oc-5b6">
         <name>.text:usbReceiveNextPacketOnOEP0</name>
         <load_address>0x14734</load_address>
         <run_address>0x14734</run_address>
         <size>0x60</size>
         <input_file_ref idref="fl-b"/>
      </object_component>
      <object_component id="oc-b82">
         <name>.text:USB_initMemcpy</name>
         <load_address>0x14794</load_address>
         <run_address>0x14794</run_address>
         <size>0x5c</size>
         <input_file_ref idref="fl-c"/>
      </object_component>
      <object_component id="oc-ab8">
         <name>.text:prvInitialiseTaskLists</name>
         <load_address>0x147f0</load_address>
         <run_address>0x147f0</run_address>
         <size>0x5c</size>
         <input_file_ref idref="fl-6"/>
      </object_component>
      <object_component id="oc-a66">
         <name>.text:PWM_stop</name>
         <load_address>0x1484c</load_address>
         <run_address>0x1484c</run_address>
         <size>0x58</size>
         <input_file_ref idref="fl-4a"/>
      </object_component>
      <object_component id="oc-443">
         <name>.text:SetupPacketInterruptHandler</name>
         <load_address>0x148a4</load_address>
         <run_address>0x148a4</run_address>
         <size>0x58</size>
         <input_file_ref idref="fl-15"/>
      </object_component>
      <object_component id="oc-735">
         <name>.text</name>
         <load_address>0x148fc</load_address>
         <run_address>0x148fc</run_address>
         <size>0x58</size>
         <input_file_ref idref="fl-6f"/>
      </object_component>
      <object_component id="oc-8fc">
         <name>.text:IO_attachInterrupt</name>
         <load_address>0x14954</load_address>
         <run_address>0x14954</run_address>
         <size>0x56</size>
         <input_file_ref idref="fl-48"/>
      </object_component>
      <object_component id="oc-a7c">
         <name>.text:USBCDC_receiveDataInBuffer</name>
         <load_address>0x149aa</load_address>
         <run_address>0x149aa</run_address>
         <size>0x56</size>
         <input_file_ref idref="fl-13"/>
      </object_component>
      <object_component id="oc-a3d">
         <name>.text:_startTurnSteps</name>
         <load_address>0x14a00</load_address>
         <run_address>0x14a00</run_address>
         <size>0x56</size>
         <input_file_ref idref="fl-17"/>
      </object_component>
      <object_component id="oc-627">
         <name>.text:__TI_auto_init_nobinit_nopinit_hold_wdt:__TI_auto_init_nobinit_nopinit_hold_wdt</name>
         <load_address>0x14a56</load_address>
         <run_address>0x14a56</run_address>
         <size>0x54</size>
         <input_file_ref idref="fl-8b"/>
      </object_component>
      <object_component id="oc-752">
         <name>.text:PMM_setVCore</name>
         <load_address>0x14aaa</load_address>
         <run_address>0x14aaa</run_address>
         <size>0x52</size>
         <input_file_ref idref="fl-2f"/>
      </object_component>
      <object_component id="oc-92b">
         <name>.text:prvCheckTasksWaitingTermination</name>
         <load_address>0x14afc</load_address>
         <run_address>0x14afc</run_address>
         <size>0x52</size>
         <input_file_ref idref="fl-6"/>
      </object_component>
      <object_component id="oc-82d">
         <name>.text:usbSetEndpointFeature</name>
         <load_address>0x14b4e</load_address>
         <run_address>0x14b4e</run_address>
         <size>0x52</size>
         <input_file_ref idref="fl-b"/>
      </object_component>
      <object_component id="oc-bb7">
         <name>.text:TA_configureCtl</name>
         <load_address>0x14ba0</load_address>
         <run_address>0x14ba0</run_address>
         <size>0x50</size>
         <input_file_ref idref="fl-45"/>
      </object_component>
      <object_component id="oc-be5">
         <name>.text:TLV_getInfo</name>
         <load_address>0x14bf0</load_address>
         <run_address>0x14bf0</run_address>
         <size>0x50</size>
         <input_file_ref idref="fl-3c"/>
      </object_component>
      <object_component id="oc-bae">
         <name>.text:TA_reset</name>
         <load_address>0x14c40</load_address>
         <run_address>0x14c40</run_address>
         <size>0x4e</size>
         <input_file_ref idref="fl-45"/>
      </object_component>
      <object_component id="oc-724">
         <name>.text:TB_reset</name>
         <load_address>0x14c8e</load_address>
         <run_address>0x14c8e</run_address>
         <size>0x4e</size>
         <input_file_ref idref="fl-46"/>
      </object_component>
      <object_component id="oc-a5d">
         <name>.text:_startTurn</name>
         <load_address>0x14cdc</load_address>
         <run_address>0x14cdc</run_address>
         <size>0x4c</size>
         <input_file_ref idref="fl-17"/>
      </object_component>
      <object_component id="oc-4ac">
         <name>.text:OEP0InterruptHandler</name>
         <load_address>0x14d28</load_address>
         <run_address>0x14d28</run_address>
         <size>0x44</size>
         <input_file_ref idref="fl-15"/>
      </object_component>
      <object_component id="oc-b70">
         <name>.text:USB_lookUpPll</name>
         <load_address>0x14d6c</load_address>
         <run_address>0x14d6c</run_address>
         <size>0x42</size>
         <input_file_ref idref="fl-b"/>
      </object_component>
      <object_component id="oc-592">
         <name>.text:CdcResetData</name>
         <load_address>0x14dae</load_address>
         <run_address>0x14dae</run_address>
         <size>0x40</size>
         <input_file_ref idref="fl-a"/>
      </object_component>
      <object_component id="oc-9cd">
         <name>.text</name>
         <load_address>0x14dee</load_address>
         <run_address>0x14dee</run_address>
         <size>0x40</size>
         <input_file_ref idref="fl-6e"/>
      </object_component>
      <object_component id="oc-af9">
         <name>.text:vListInsert</name>
         <load_address>0x14e2e</load_address>
         <run_address>0x14e2e</run_address>
         <size>0x40</size>
         <input_file_ref idref="fl-4"/>
      </object_component>
      <object_component id="oc-758">
         <name>.text:USBHAL_initClocks</name>
         <load_address>0x14e6e</load_address>
         <run_address>0x14e6e</run_address>
         <size>0x3e</size>
         <input_file_ref idref="fl-2"/>
      </object_component>
      <object_component id="oc-470">
         <name>.text:USB_suspend</name>
         <load_address>0x14eac</load_address>
         <run_address>0x14eac</run_address>
         <size>0x3e</size>
         <input_file_ref idref="fl-b"/>
      </object_component>
      <object_component id="oc-6eb">
         <name>.text:l_lsl_const</name>
         <load_address>0x14eea</load_address>
         <run_address>0x14eea</run_address>
         <size>0x3e</size>
         <input_file_ref idref="fl-80"/>
      </object_component>
      <object_component id="oc-730">
         <name>.text:l_lsr_const</name>
         <load_address>0x14f28</load_address>
         <run_address>0x14f28</run_address>
         <size>0x3e</size>
         <input_file_ref idref="fl-82"/>
      </object_component>
      <object_component id="oc-6b5">
         <name>.text:UCS_turnOnXT2WithTimeout</name>
         <load_address>0x14f66</load_address>
         <run_address>0x14f66</run_address>
         <size>0x3a</size>
         <input_file_ref idref="fl-3d"/>
      </object_component>
      <object_component id="oc-920">
         <name>.text:USB_setup</name>
         <load_address>0x14fa0</load_address>
         <run_address>0x14fa0</run_address>
         <size>0x3a</size>
         <input_file_ref idref="fl-b"/>
      </object_component>
      <object_component id="oc-70d">
         <name>.text:uxListRemove</name>
         <load_address>0x14fda</load_address>
         <run_address>0x14fda</run_address>
         <size>0x3a</size>
         <input_file_ref idref="fl-4"/>
      </object_component>
      <object_component id="oc-aa0">
         <name>.text:USB_getConnectionInformation</name>
         <load_address>0x15014</load_address>
         <run_address>0x15014</run_address>
         <size>0x38</size>
         <input_file_ref idref="fl-b"/>
      </object_component>
      <object_component id="oc-b50">
         <name>.text:CM_turnMotorSteps</name>
         <load_address>0x1504c</load_address>
         <run_address>0x1504c</run_address>
         <size>0x36</size>
         <input_file_ref idref="fl-17"/>
      </object_component>
      <object_component id="oc-8ac">
         <name>.text:UCS_initFLLSettle</name>
         <load_address>0x15082</load_address>
         <run_address>0x15082</run_address>
         <size>0x36</size>
         <input_file_ref idref="fl-3d"/>
      </object_component>
      <object_component id="oc-a37">
         <name>.text:_enableMotor</name>
         <load_address>0x150b8</load_address>
         <run_address>0x150b8</run_address>
         <size>0x36</size>
         <input_file_ref idref="fl-17"/>
      </object_component>
      <object_component id="oc-a1c">
         <name>.text:vTaskPlaceOnEventList</name>
         <load_address>0x150ee</load_address>
         <run_address>0x150ee</run_address>
         <size>0x36</size>
         <input_file_ref idref="fl-6"/>
      </object_component>
      <object_component id="oc-a16">
         <name>.text:prvIsQueueFull</name>
         <load_address>0x15124</load_address>
         <run_address>0x15124</run_address>
         <size>0x34</size>
         <input_file_ref idref="fl-5"/>
      </object_component>
      <object_component id="oc-809">
         <name>.text:usbGetDeviceStatus</name>
         <load_address>0x15158</load_address>
         <run_address>0x15158</run_address>
         <size>0x34</size>
         <input_file_ref idref="fl-b"/>
      </object_component>
      <object_component id="oc-764">
         <name>.text:LEDI_init</name>
         <load_address>0x1518c</load_address>
         <run_address>0x1518c</run_address>
         <size>0x32</size>
         <input_file_ref idref="fl-49"/>
      </object_component>
      <object_component id="oc-b0d">
         <name>.text:prvCopyDataFromQueue</name>
         <load_address>0x151be</load_address>
         <run_address>0x151be</run_address>
         <size>0x32</size>
         <input_file_ref idref="fl-5"/>
      </object_component>
      <object_component id="oc-b07">
         <name>.text:prvIsQueueEmpty</name>
         <load_address>0x151f0</load_address>
         <run_address>0x151f0</run_address>
         <size>0x32</size>
         <input_file_ref idref="fl-5"/>
      </object_component>
      <object_component id="oc-c29">
         <name>.text:DMA_setDstAddress</name>
         <load_address>0x15222</load_address>
         <run_address>0x15222</run_address>
         <size>0x30</size>
         <input_file_ref idref="fl-22"/>
      </object_component>
      <object_component id="oc-c23">
         <name>.text:DMA_setSrcAddress</name>
         <load_address>0x15252</load_address>
         <run_address>0x15252</run_address>
         <size>0x2e</size>
         <input_file_ref idref="fl-22"/>
      </object_component>
      <object_component id="oc-4c0">
         <name>.text:USB_disable</name>
         <load_address>0x15280</load_address>
         <run_address>0x15280</run_address>
         <size>0x2e</size>
         <input_file_ref idref="fl-b"/>
      </object_component>
      <object_component id="oc-821">
         <name>.text:usbSetConfiguration</name>
         <load_address>0x152ae</load_address>
         <run_address>0x152ae</run_address>
         <size>0x2e</size>
         <input_file_ref idref="fl-b"/>
      </object_component>
      <object_component id="oc-9d2">
         <name>.text</name>
         <load_address>0x152dc</load_address>
         <run_address>0x152dc</run_address>
         <size>0x2c</size>
         <input_file_ref idref="fl-6c"/>
      </object_component>
      <object_component id="oc-96f">
         <name>.text:usbSendDataPacketOnEP0</name>
         <load_address>0x15308</load_address>
         <run_address>0x15308</run_address>
         <size>0x2c</size>
         <input_file_ref idref="fl-b"/>
      </object_component>
      <object_component id="oc-6af">
         <name>.text:GPIO_setAsPeripheralModuleFunctionOutputPin</name>
         <load_address>0x15334</load_address>
         <run_address>0x15334</run_address>
         <size>0x28</size>
         <input_file_ref idref="fl-28"/>
      </object_component>
      <object_component id="oc-bd4">
         <name>.text:usbDisableInEndpointInterrupt</name>
         <load_address>0x1535c</load_address>
         <run_address>0x1535c</run_address>
         <size>0x28</size>
         <input_file_ref idref="fl-b"/>
      </object_component>
      <object_component id="oc-539">
         <name>.text:usbDisableOutEndpointInterrupt</name>
         <load_address>0x15384</load_address>
         <run_address>0x15384</run_address>
         <size>0x28</size>
         <input_file_ref idref="fl-b"/>
      </object_component>
      <object_component id="oc-b8f">
         <name>.text:vListInitialise</name>
         <load_address>0x153ac</load_address>
         <run_address>0x153ac</run_address>
         <size>0x28</size>
         <input_file_ref idref="fl-4"/>
      </object_component>
      <object_component id="oc-b4a">
         <name>.text:CM_align</name>
         <load_address>0x153d4</load_address>
         <run_address>0x153d4</run_address>
         <size>0x26</size>
         <input_file_ref idref="fl-17"/>
      </object_component>
      <object_component id="oc-716">
         <name>.text:vListInsertEnd</name>
         <load_address>0x153fa</load_address>
         <run_address>0x153fa</run_address>
         <size>0x26</size>
         <input_file_ref idref="fl-4"/>
      </object_component>
      <object_component id="oc-4b2">
         <name>.text:IEP0InterruptHandler</name>
         <load_address>0x15420</load_address>
         <run_address>0x15420</run_address>
         <size>0x24</size>
         <input_file_ref idref="fl-15"/>
      </object_component>
      <object_component id="oc-3e4">
         <name>.text:decompress:ZI:__TI_zero_init</name>
         <load_address>0x15444</load_address>
         <run_address>0x15444</run_address>
         <size>0x24</size>
         <input_file_ref idref="fl-8c"/>
      </object_component>
      <object_component id="oc-ab1">
         <name>.text:pxPortInitialiseStack</name>
         <load_address>0x15468</load_address>
         <run_address>0x15468</run_address>
         <size>0x24</size>
         <input_file_ref idref="fl-8"/>
      </object_component>
      <object_component id="oc-a88">
         <name>.text</name>
         <load_address>0x1548c</load_address>
         <run_address>0x1548c</run_address>
         <size>0x24</size>
         <input_file_ref idref="fl-87"/>
      </object_component>
      <object_component id="oc-803">
         <name>.text:usbGetInterface</name>
         <load_address>0x154b0</load_address>
         <run_address>0x154b0</run_address>
         <size>0x24</size>
         <input_file_ref idref="fl-b"/>
      </object_component>
      <object_component id="oc-80f">
         <name>.text:usbGetInterfaceStatus</name>
         <load_address>0x154d4</load_address>
         <run_address>0x154d4</run_address>
         <size>0x24</size>
         <input_file_ref idref="fl-b"/>
      </object_component>
      <object_component id="oc-81b">
         <name>.text:usbSetAddress</name>
         <load_address>0x154f8</load_address>
         <run_address>0x154f8</run_address>
         <size>0x24</size>
         <input_file_ref idref="fl-b"/>
      </object_component>
      <object_component id="oc-75e">
         <name>.text:IO_reset</name>
         <load_address>0x1551c</load_address>
         <run_address>0x1551c</run_address>
         <size>0x22</size>
         <input_file_ref idref="fl-43"/>
      </object_component>
      <object_component id="oc-5a3">
         <name>.text:USB_connect</name>
         <load_address>0x1553e</load_address>
         <run_address>0x1553e</run_address>
         <size>0x22</size>
         <input_file_ref idref="fl-b"/>
      </object_component>
      <object_component id="oc-bef">
         <name>.text:memcpyV</name>
         <load_address>0x15560</load_address>
         <run_address>0x15560</run_address>
         <size>0x22</size>
         <input_file_ref idref="fl-c"/>
      </object_component>
      <object_component id="oc-707">
         <name>.text:prvResetNextTaskUnblockTime</name>
         <load_address>0x15582</load_address>
         <run_address>0x15582</run_address>
         <size>0x22</size>
         <input_file_ref idref="fl-6"/>
      </object_component>
      <object_component id="oc-74c">
         <name>.text:WDT_A_hold</name>
         <load_address>0x155a4</load_address>
         <run_address>0x155a4</run_address>
         <size>0x20</size>
         <input_file_ref idref="fl-42"/>
      </object_component>
      <object_component id="oc-4e1">
         <name>.text:main</name>
         <load_address>0x155c4</load_address>
         <run_address>0x155c4</run_address>
         <size>0x20</size>
         <input_file_ref idref="fl-3"/>
      </object_component>
      <object_component id="oc-9eb">
         <name>.text:prvInitialiseNewQueue</name>
         <load_address>0x155e4</load_address>
         <run_address>0x155e4</run_address>
         <size>0x20</size>
         <input_file_ref idref="fl-5"/>
      </object_component>
      <object_component id="oc-72a">
         <name>.text:UCS_getACLK</name>
         <load_address>0x15604</load_address>
         <run_address>0x15604</run_address>
         <size>0x1e</size>
         <input_file_ref idref="fl-3d"/>
      </object_component>
      <object_component id="oc-464">
         <name>.text:USB_resume</name>
         <load_address>0x15622</load_address>
         <run_address>0x15622</run_address>
         <size>0x1e</size>
         <input_file_ref idref="fl-b"/>
      </object_component>
      <object_component id="oc-7df">
         <name>.text:usbClearDeviceFeature</name>
         <load_address>0x15640</load_address>
         <run_address>0x15640</run_address>
         <size>0x1c</size>
         <input_file_ref idref="fl-b"/>
      </object_component>
      <object_component id="oc-827">
         <name>.text:usbSetDeviceFeature</name>
         <load_address>0x1565c</load_address>
         <run_address>0x1565c</run_address>
         <size>0x1c</size>
         <input_file_ref idref="fl-b"/>
      </object_component>
      <object_component id="oc-9f2">
         <name>.text:xTaskGetSchedulerState</name>
         <load_address>0x15678</load_address>
         <run_address>0x15678</run_address>
         <size>0x1c</size>
         <input_file_ref idref="fl-6"/>
      </object_component>
      <object_component id="oc-449">
         <name>.text:CdcIsReceiveInProgress</name>
         <load_address>0x15694</load_address>
         <run_address>0x15694</run_address>
         <size>0x1a</size>
         <input_file_ref idref="fl-a"/>
      </object_component>
      <object_component id="oc-ba8">
         <name>.text:UCS_getSMCLK</name>
         <load_address>0x156ae</load_address>
         <run_address>0x156ae</run_address>
         <size>0x1a</size>
         <input_file_ref idref="fl-3d"/>
      </object_component>
      <object_component id="oc-77e">
         <name>.text:vApplicationGetIdleTaskMemory</name>
         <load_address>0x156c8</load_address>
         <run_address>0x156c8</run_address>
         <size>0x1a</size>
         <input_file_ref idref="fl-3"/>
      </object_component>
      <object_component id="oc-b44">
         <name>.text:_doneHandler</name>
         <load_address>0x156e2</load_address>
         <run_address>0x156e2</run_address>
         <size>0x18</size>
         <input_file_ref idref="fl-19"/>
      </object_component>
      <object_component id="oc-902">
         <name>.text:_eventAlignPhi</name>
         <load_address>0x156fa</load_address>
         <run_address>0x156fa</run_address>
         <size>0x18</size>
         <input_file_ref idref="fl-17"/>
      </object_component>
      <object_component id="oc-8f6">
         <name>.text:_eventAlignTheta</name>
         <load_address>0x15712</load_address>
         <run_address>0x15712</run_address>
         <size>0x18</size>
         <input_file_ref idref="fl-17"/>
      </object_component>
      <object_component id="oc-523">
         <name>.text</name>
         <load_address>0x1572a</load_address>
         <run_address>0x1572a</run_address>
         <size>0x18</size>
         <input_file_ref idref="fl-84"/>
      </object_component>
      <object_component id="oc-7f7">
         <name>.text:usbGetConfigurationDescriptor</name>
         <load_address>0x15742</load_address>
         <run_address>0x15742</run_address>
         <size>0x18</size>
         <input_file_ref idref="fl-b"/>
      </object_component>
      <object_component id="oc-7f1">
         <name>.text:usbGetDeviceDescriptor</name>
         <load_address>0x1575a</load_address>
         <run_address>0x1575a</run_address>
         <size>0x18</size>
         <input_file_ref idref="fl-b"/>
      </object_component>
      <object_component id="oc-976">
         <name>.text:usbReceiveDataPacketOnEP0</name>
         <load_address>0x15772</load_address>
         <run_address>0x15772</run_address>
         <size>0x18</size>
         <input_file_ref idref="fl-b"/>
      </object_component>
      <object_component id="oc-7d9">
         <name>.text:usbSetControlLineState</name>
         <load_address>0x1578a</load_address>
         <run_address>0x1578a</run_address>
         <size>0x18</size>
         <input_file_ref idref="fl-a"/>
      </object_component>
      <object_component id="oc-6bf">
         <name>.text:memset</name>
         <load_address>0x157a2</load_address>
         <run_address>0x157a2</run_address>
         <size>0x16</size>
         <input_file_ref idref="fl-97"/>
      </object_component>
      <object_component id="oc-6c9">
         <name>.text</name>
         <load_address>0x157b8</load_address>
[...]
         <object_component_ref idref="oc-b50"/>
      </symbol>
      <symbol id="sm-bf9">
         <name>CM_align</name>
         <value>0x153d4</value>
         <object_component_ref idref="oc-b4a"/>
      </symbol>
      <symbol id="sm-bfa">
         <name>CM_init</name>
         <value>0x105c8</value>
         <object_component_ref idref="oc-76a"/>
      </symbol>
      <symbol id="sm-c07">
         <name>_assert_failure</name>
         <value>0x15a18</value>
         <object_component_ref idref="oc-5fc"/>
      </symbol>
      <symbol id="sm-c70">
         <name>IF_init</name>
         <value>0x13164</value>
         <object_component_ref idref="oc-770"/>
      </symbol>
      <symbol id="sm-c71">
         <name>IF_informRx</name>
         <value>0x15938</value>
         <object_component_ref idref="oc-569"/>
      </symbol>
      <symbol id="sm-cc6">
         <name>DMA_setSrcAddress</name>
         <value>0x15252</value>
         <object_component_ref idref="oc-c23"/>
      </symbol>
      <symbol id="sm-cc7">
         <name>DMA_disableTransferDuringReadModifyWrite</name>
         <value>0x159d0</value>
         <object_component_ref idref="oc-c1d"/>
      </symbol>
      <symbol id="sm-cc8">
         <name>DMA_setDstAddress</name>
         <value>0x15222</value>
         <object_component_ref idref="oc-c29"/>
      </symbol>
      <symbol id="sm-cc9">
         <name>DMA_enableTransfers</name>
         <value>0x158c6</value>
         <object_component_ref idref="oc-c3b"/>
      </symbol>
      <symbol id="sm-cca">
         <name>DMA_disableTransfers</name>
         <value>0x158b6</value>
         <object_component_ref idref="oc-c4d"/>
      </symbol>
      <symbol id="sm-ccb">
         <name>DMA_startTransfer</name>
         <value>0x158f4</value>
         <object_component_ref idref="oc-c41"/>
      </symbol>
      <symbol id="sm-ccc">
         <name>DMA_setTransferSize</name>
         <value>0x1592c</value>
         <object_component_ref idref="oc-c35"/>
      </symbol>
      <symbol id="sm-ccd">
         <name>DMA_getInterruptStatus</name>
         <value>0x158e6</value>
         <object_component_ref idref="oc-c47"/>
      </symbol>
      <symbol id="sm-cce">
         <name>DMA_enableTransferDuringReadModifyWrite</name>
         <value>0x159d6</value>
         <object_component_ref idref="oc-c2f"/>
      </symbol>
      <symbol id="sm-ccf">
         <name>DMA_init</name>
         <value>0x14152</value>
         <object_component_ref idref="oc-bf5"/>
      </symbol>
      <symbol id="sm-ce7">
         <name>GPIO_setAsPeripheralModuleFunctionOutputPin</name>
         <value>0x15334</value>
         <object_component_ref idref="oc-6af"/>
      </symbol>
      <symbol id="sm-d14">
         <name>PMM_setVCore</name>
         <value>0x14aaa</value>
         <object_component_ref idref="oc-752"/>
      </symbol>
      <symbol id="sm-d15">
         <name>PMM_setVCoreDown</name>
         <value>0x13b96</value>
         <object_component_ref idref="oc-89f"/>
      </symbol>
      <symbol id="sm-d16">
         <name>PMM_setVCoreUp</name>
         <value>0x12ee2</value>
         <object_component_ref idref="oc-899"/>
      </symbol>
      <symbol id="sm-d25">
         <name>SFR_clearInterrupt</name>
         <value>0x159dc</value>
         <object_component_ref idref="oc-4cc"/>
      </symbol>
      <symbol id="sm-d3d">
         <name>TLV_getInfo</name>
         <value>0x14bf0</value>
         <object_component_ref idref="oc-be5"/>
      </symbol>
      <symbol id="sm-dc0">
         <name>UCS_initClockSignal</name>
         <value>0x13900</value>
         <object_component_ref idref="oc-8a6"/>
      </symbol>
      <symbol id="sm-dc1">
         <name>UCS_initFLLSettle</name>
         <value>0x15082</value>
         <object_component_ref idref="oc-8ac"/>
      </symbol>
      <symbol id="sm-dc2">
         <name>UCS_clearFaultFlag</name>
         <value>0x159e2</value>
         <object_component_ref idref="oc-4c6"/>
      </symbol>
      <symbol id="sm-dc3">
         <name>UCS_initFLL</name>
         <value>0x12d20</value>
         <object_component_ref idref="oc-9db"/>
      </symbol>
      <symbol id="sm-dc4">
         <name>UCS_turnOffXT2</name>
         <value>0x15978</value>
         <object_component_ref idref="oc-585"/>
      </symbol>
      <symbol id="sm-dc5">
         <name>UCS_getSMCLK</name>
         <value>0x156ae</value>
         <object_component_ref idref="oc-ba8"/>
      </symbol>
      <symbol id="sm-dc6">
         <name>UCS_turnOnXT2WithTimeout</name>
         <value>0x14f66</value>
         <object_component_ref idref="oc-6b5"/>
      </symbol>
      <symbol id="sm-dc7">
         <name>UCS_getACLK</name>
         <value>0x15604</value>
         <object_component_ref idref="oc-72a"/>
      </symbol>
      <symbol id="sm-dd4">
         <name>WDT_A_hold</name>
         <value>0x155a4</value>
         <object_component_ref idref="oc-74c"/>
      </symbol>
      <symbol id="sm-df5">
         <name>IO_reset</name>
         <value>0x1551c</value>
         <object_component_ref idref="oc-75e"/>
      </symbol>
      <symbol id="sm-df6">
         <name>IO_configurePin</name>
         <value>0x12e02</value>
         <object_component_ref idref="oc-8b8"/>
      </symbol>
      <symbol id="sm-e23">
         <name>TA_configureCtl</name>
         <value>0x14ba0</value>
         <object_component_ref idref="oc-bb7"/>
      </symbol>
      <symbol id="sm-e24">
         <name>TA_reset</name>
         <value>0x14c40</value>
         <object_component_ref idref="oc-bae"/>
      </symbol>
      <symbol id="sm-e25">
         <name>TA_configureCctl</name>
         <value>0x11fd6</value>
         <object_component_ref idref="oc-bc0"/>
      </symbol>
      <symbol id="sm-e96">
         <name>TB_configureCtl</name>
         <value>0x14434</value>
         <object_component_ref idref="oc-73a"/>
      </symbol>
      <symbol id="sm-e97">
         <name>TB_reset</name>
         <value>0x14c8e</value>
         <object_component_ref idref="oc-724"/>
      </symbol>
      <symbol id="sm-e98">
         <name>TB_configureCctl</name>
         <value>0x11e52</value>
         <object_component_ref idref="oc-740"/>
      </symbol>
      <symbol id="sm-e99">
         <name>TB_unitTest</name>
         <value>0x10000</value>
         <object_component_ref idref="oc-777"/>
      </symbol>
      <symbol id="sm-edb">
         <name>p2_IRQHandler</name>
         <value>0x459a</value>
         <object_component_ref idref="oc-3ae"/>
      </symbol>
      <symbol id="sm-edc">
         <name>__TI_int47</name>
         <value>0xffde</value>
         <object_component_ref idref="oc-7f"/>
      </symbol>
      <symbol id="sm-edd">
         <name>__TI_int42</name>
         <value>0xffd4</value>
         <object_component_ref idref="oc-7a"/>
      </symbol>
      <symbol id="sm-ede">
         <name>IO_attachInterrupt</name>
         <value>0x14954</value>
         <object_component_ref idref="oc-8fc"/>
      </symbol>
      <symbol id="sm-edf">
         <name>p1_IRQHandler</name>
         <value>0x45da</value>
         <object_component_ref idref="oc-3ba"/>
      </symbol>
      <symbol id="sm-ef1">
         <name>LEDI_init</name>
         <value>0x1518c</value>
         <object_component_ref idref="oc-764"/>
      </symbol>
      <symbol id="sm-f72">
         <name>ta0IRQHandler</name>
         <value>0x4612</value>
         <object_component_ref idref="oc-3cc"/>
      </symbol>
      <symbol id="sm-f73">
         <name>ta1IRQHandler</name>
         <value>0x463e</value>
         <object_component_ref idref="oc-3c0"/>
      </symbol>
      <symbol id="sm-f74">
         <name>ta2IRQHandler</name>
         <value>0x466a</value>
         <object_component_ref idref="oc-3b4"/>
      </symbol>
      <symbol id="sm-f75">
         <name>__TI_int49</name>
         <value>0xffe2</value>
         <object_component_ref idref="oc-81"/>
      </symbol>
      <symbol id="sm-f76">
         <name>__TI_int44</name>
         <value>0xffd8</value>
         <object_component_ref idref="oc-7c"/>
      </symbol>
      <symbol id="sm-f77">
         <name>PWM_configure</name>
         <value>0x11614</value>
         <object_component_ref idref="oc-b19"/>
      </symbol>
      <symbol id="sm-f78">
         <name>__TI_int53</name>
         <value>0xffea</value>
         <object_component_ref idref="oc-85"/>
      </symbol>
      <symbol id="sm-f79">
         <name>PWM_start</name>
         <value>0x1385a</value>
         <object_component_ref idref="oc-b2b"/>
      </symbol>
      <symbol id="sm-f7a">
         <name>PWM_stop</name>
         <value>0x1484c</value>
         <object_component_ref idref="oc-a66"/>
      </symbol>
      <symbol id="sm-f86">
         <name>__mspabi_remi</name>
         <value>0x152dc</value>
         <object_component_ref idref="oc-9d2"/>
      </symbol>
      <symbol id="sm-f87">
         <name>__mspabi_divi</name>
         <value>0x152dc</value>
         <object_component_ref idref="oc-9d2"/>
      </symbol>
      <symbol id="sm-f91">
         <name>__mspabi_remu</name>
         <value>0x157b8</value>
         <object_component_ref idref="oc-6c9"/>
      </symbol>
      <symbol id="sm-f92">
         <name>__mspabi_divu</name>
         <value>0x157b8</value>
         <object_component_ref idref="oc-6c9"/>
      </symbol>
      <symbol id="sm-f9e">
         <name>__mspabi_remli</name>
         <value>0x14dee</value>
         <object_component_ref idref="oc-9cd"/>
      </symbol>
      <symbol id="sm-f9f">
         <name>__mspabi_divli</name>
         <value>0x14dee</value>
         <object_component_ref idref="oc-9cd"/>
      </symbol>
      <symbol id="sm-fad">
         <name>__mspabi_remul</name>
         <value>0x148fc</value>
         <object_component_ref idref="oc-735"/>
      </symbol>
      <symbol id="sm-fae">
         <name>__mspabi_divul</name>
         <value>0x148fc</value>
         <object_component_ref idref="oc-735"/>
      </symbol>
      <symbol id="sm-fb1">
         <name>__TI_int41</name>
         <value>0xffd2</value>
         <object_component_ref idref="oc-79"/>
      </symbol>
      <symbol id="sm-fb4">
         <name>__TI_int43</name>
         <value>0xffd6</value>
         <object_component_ref idref="oc-7b"/>
      </symbol>
      <symbol id="sm-fb7">
         <name>__TI_int45</name>
         <value>0xffda</value>
         <object_component_ref idref="oc-7d"/>
      </symbol>
      <symbol id="sm-fba">
         <name>__TI_int46</name>
         <value>0xffdc</value>
         <object_component_ref idref="oc-7e"/>
      </symbol>
      <symbol id="sm-fbd">
         <name>__TI_int48</name>
         <value>0xffe0</value>
         <object_component_ref idref="oc-80"/>
      </symbol>
      <symbol id="sm-fc0">
         <name>__TI_int50</name>
         <value>0xffe4</value>
         <object_component_ref idref="oc-82"/>
      </symbol>
      <symbol id="sm-fc3">
         <name>__TI_int52</name>
         <value>0xffe8</value>
         <object_component_ref idref="oc-84"/>
      </symbol>
      <symbol id="sm-fc6">
         <name>__TI_int54</name>
         <value>0xffec</value>
         <object_component_ref idref="oc-86"/>
      </symbol>
      <symbol id="sm-fc9">
         <name>__TI_int55</name>
         <value>0xffee</value>
         <object_component_ref idref="oc-87"/>
      </symbol>
      <symbol id="sm-fcc">
         <name>__TI_int56</name>
         <value>0xfff0</value>
         <object_component_ref idref="oc-88"/>
      </symbol>
      <symbol id="sm-fcf">
         <name>__TI_int57</name>
         <value>0xfff2</value>
         <object_component_ref idref="oc-89"/>
      </symbol>
      <symbol id="sm-fd2">
         <name>__TI_int58</name>
         <value>0xfff4</value>
         <object_component_ref idref="oc-8a"/>
      </symbol>
      <symbol id="sm-fd5">
         <name>__TI_int60</name>
         <value>0xfff8</value>
         <object_component_ref idref="oc-8c"/>
      </symbol>
      <symbol id="sm-fd8">
         <name>__TI_int62</name>
         <value>0xfffc</value>
         <object_component_ref idref="oc-8e"/>
      </symbol>
      <symbol id="sm-fe0">
         <name>__TI_ISR_TRAP</name>
         <value>0x46c8</value>
         <object_component_ref idref="oc-3a9"/>
      </symbol>
      <symbol id="sm-fe9">
         <name>__mspabi_slli</name>
         <value>0x1595a</value>
         <object_component_ref idref="oc-42c"/>
      </symbol>
      <symbol id="sm-ff1">
         <name>__mspabi_slll_9</name>
         <value>0x14f02</value>
         <object_component_ref idref="oc-6eb"/>
      </symbol>
      <symbol id="sm-ff2">
         <name>__mspabi_slll_8</name>
         <value>0x14f06</value>
         <object_component_ref idref="oc-6eb"/>
      </symbol>
      <symbol id="sm-ff3">
         <name>__mspabi_slll_7</name>
         <value>0x14f0a</value>
         <object_component_ref idref="oc-6eb"/>
      </symbol>
      <symbol id="sm-ff4">
         <name>__mspabi_slll_6</name>
         <value>0x14f0e</value>
         <object_component_ref idref="oc-6eb"/>
      </symbol>
      <symbol id="sm-ff5">
         <name>__mspabi_slll_5</name>
         <value>0x14f12</value>
         <object_component_ref idref="oc-6eb"/>
      </symbol>
      <symbol id="sm-ff6">
         <name>__mspabi_slll_4</name>
         <value>0x14f16</value>
         <object_component_ref idref="oc-6eb"/>
      </symbol>
      <symbol id="sm-ff7">
         <name>__mspabi_slll_3</name>
         <value>0x14f1a</value>
         <object_component_ref idref="oc-6eb"/>
      </symbol>
      <symbol id="sm-ff8">
         <name>__mspabi_slll_2</name>
         <value>0x14f1e</value>
         <object_component_ref idref="oc-6eb"/>
      </symbol>
      <symbol id="sm-ff9">
         <name>__mspabi_slll_1</name>
         <value>0x14f22</value>
         <object_component_ref idref="oc-6eb"/>
      </symbol>
      <symbol id="sm-ffa">
         <name>__mspabi_slll_15</name>
         <value>0x14eea</value>
         <object_component_ref idref="oc-6eb"/>
      </symbol>
      <symbol id="sm-ffb">
         <name>__mspabi_slll_14</name>
         <value>0x14eee</value>
         <object_component_ref idref="oc-6eb"/>
      </symbol>
      <symbol id="sm-ffc">
         <name>__mspabi_slll_13</name>
         <value>0x14ef2</value>
         <object_component_ref idref="oc-6eb"/>
      </symbol>
      <symbol id="sm-ffd">
         <name>__mspabi_slll_12</name>
         <value>0x14ef6</value>
         <object_component_ref idref="oc-6eb"/>
      </symbol>
      <symbol id="sm-ffe">
         <name>__mspabi_slll_11</name>
         <value>0x14efa</value>
         <object_component_ref idref="oc-6eb"/>
      </symbol>
      <symbol id="sm-fff">
         <name>__mspabi_slll_10</name>
         <value>0x14efe</value>
         <object_component_ref idref="oc-6eb"/>
      </symbol>
      <symbol id="sm-1008">
         <name>__mspabi_srli</name>
         <value>0x15964</value>
         <object_component_ref idref="oc-6ce"/>
      </symbol>
      <symbol id="sm-1010">
         <name>__mspabi_srll_8</name>
         <value>0x14f44</value>
         <object_component_ref idref="oc-730"/>
      </symbol>
      <symbol id="sm-1011">
         <name>__mspabi_srll_9</name>
         <value>0x14f40</value>
         <object_component_ref idref="oc-730"/>
      </symbol>
      <symbol id="sm-1012">
         <name>__mspabi_srll_6</name>
         <value>0x14f4c</value>
         <object_component_ref idref="oc-730"/>
      </symbol>
      <symbol id="sm-1013">
         <name>__mspabi_srll_7</name>
         <value>0x14f48</value>
         <object_component_ref idref="oc-730"/>
      </symbol>
      <symbol id="sm-1014">
         <name>__mspabi_srll_4</name>
         <value>0x14f54</value>
         <object_component_ref idref="oc-730"/>
      </symbol>
      <symbol id="sm-1015">
         <name>__mspabi_srll_5</name>
         <value>0x14f50</value>
         <object_component_ref idref="oc-730"/>
      </symbol>
      <symbol id="sm-1016">
         <name>__mspabi_srll_2</name>
         <value>0x14f5c</value>
         <object_component_ref idref="oc-730"/>
      </symbol>
      <symbol id="sm-1017">
         <name>__mspabi_srll_3</name>
         <value>0x14f58</value>
         <object_component_ref idref="oc-730"/>
      </symbol>
      <symbol id="sm-1018">
         <name>__mspabi_srll_1</name>
         <value>0x14f60</value>
         <object_component_ref idref="oc-730"/>
      </symbol>
      <symbol id="sm-1019">
         <name>__mspabi_srll_15</name>
         <value>0x14f28</value>
         <object_component_ref idref="oc-730"/>
      </symbol>
      <symbol id="sm-101a">
         <name>__mspabi_srll_14</name>
         <value>0x14f2c</value>
         <object_component_ref idref="oc-730"/>
      </symbol>
      <symbol id="sm-101b">
         <name>__mspabi_srll_13</name>
         <value>0x14f30</value>
         <object_component_ref idref="oc-730"/>
      </symbol>
      <symbol id="sm-101c">
         <name>__mspabi_srll_12</name>
         <value>0x14f34</value>
         <object_component_ref idref="oc-730"/>
      </symbol>
      <symbol id="sm-101d">
         <name>__mspabi_srll_11</name>
         <value>0x14f38</value>
         <object_component_ref idref="oc-730"/>
      </symbol>
      <symbol id="sm-101e">
         <name>__mspabi_srll_10</name>
         <value>0x14f3c</value>
         <object_component_ref idref="oc-730"/>
      </symbol>
      <symbol id="sm-1027">
         <name>__mspabi_mpyi_f5hw</name>
         <value>0x1572a</value>
         <object_component_ref idref="oc-523"/>
      </symbol>
      <symbol id="sm-1031">
         <name>__mspabi_mpyl_f5hw</name>
         <value>0x1548c</value>
         <object_component_ref idref="oc-a88"/>
      </symbol>
      <symbol id="sm-1043">
         <name>_stack</name>
         <value>0x4360</value>
         <object_component_ref idref="oc-38d"/>
      </symbol>
      <symbol id="sm-1044">
         <name>_c_int00_noargs</name>
         <value>0x4696</value>
         <object_component_ref idref="oc-3f0"/>
      </symbol>
      <symbol id="sm-1045">
         <name>_reset_vector</name>
         <value>0xfffe</value>
         <object_component_ref idref="oc-390"/>
      </symbol>
      <symbol id="sm-1068">
         <name>__TI_auto_init_nobinit_nopinit_hold_wdt</name>
         <value>0x14a56</value>
         <object_component_ref idref="oc-627"/>
      </symbol>
      <symbol id="sm-107b">
         <name>__TI_zero_init</name>
         <value>0x15444</value>
         <object_component_ref idref="oc-3e4"/>
      </symbol>
      <symbol id="sm-1086">
         <name>_system_pre_init</name>
         <value>0x15a1c</value>
         <object_component_ref idref="oc-4db"/>
      </symbol>
      <symbol id="sm-108f">
         <name>_system_post_cinit</name>
         <value>0x15a20</value>
         <object_component_ref idref="oc-7a8"/>
      </symbol>
      <symbol id="sm-10a0">
         <name>__TI_decompress_none</name>
         <value>0x15892</value>
         <object_component_ref idref="oc-73"/>
      </symbol>
      <symbol id="sm-10c3">
         <name>__TI_decompress_lzss</name>
         <value>0x1434a</value>
         <object_component_ref idref="oc-6d"/>
      </symbol>
      <symbol id="sm-10cd">
         <name>C$$EXIT</name>
         <value>0x159ee</value>
         <object_component_ref idref="oc-603"/>
      </symbol>
      <symbol id="sm-10ce">
         <name>abort</name>
         <value>0x159ee</value>
         <object_component_ref idref="oc-603"/>
      </symbol>
      <symbol id="sm-10de">
         <name>memcpy</name>
         <value>0x1580c</value>
         <object_component_ref idref="oc-39c"/>
      </symbol>
      <symbol id="sm-10ec">
         <name>memset</name>
         <value>0x157a2</value>
         <object_component_ref idref="oc-6bf"/>
      </symbol>
   </symbol_table>
   <title>Link successful</title>
</link_info>
