<?xml version="1.0" encoding="ISO-8859-1" ?>
<link_info>
   <banner>MSP430 Linker PC v20.2.1.LTS</banner>
   <copyright>Copyright (c) 2003-2018 Texas Instruments Incorporated</copyright>
   <link_time>0x6040309f</link_time>
   <link_errors>0x0</link_errors>
   <output_file>ecen4620_firmware.out</output_file>
   <entry_point>
      <name>_c_int00_noargs</name>
      <address>0x46b2</address>
   </entry_point>
   <input_file_list>
      <input_file id="fl-2">
         <path>.\</path>
         <kind>object</kind>
         <file>hal.obj</file>
         <name>hal.obj</name>
      </input_file>
      <input_file id="fl-3">
         <path>.\</path>
         <kind>object</kind>
         <file>main.obj</file>
         <name>main.obj</name>
      </input_file>
      <input_file id="fl-4">
         <path>.\FreeRTOS\Source\</path>
         <kind>object</kind>
         <file>list.obj</file>
         <name>list.obj</name>
      </input_file>
      <input_file id="fl-5">
         <path>.\FreeRTOS\Source\</path>
         <kind>object</kind>
         <file>queue.obj</file>
         <name>queue.obj</name>
      </input_file>
      <input_file id="fl-6">
         <path>.\FreeRTOS\Source\</path>
         <kind>object</kind>
         <file>tasks.obj</file>
         <name>tasks.obj</name>
      </input_file>
      <input_file id="fl-7">
         <path>.\FreeRTOS\Source\</path>
         <kind>object</kind>
         <file>timers.obj</file>
         <name>timers.obj</name>
      </input_file>
      <input_file id="fl-8">
         <path>.\FreeRTOS\Source\portable\CCS\MSP430X\</path>
         <kind>object</kind>
         <file>port.obj</file>
         <name>port.obj</name>
      </input_file>
      <input_file id="fl-9">
         <path>.\FreeRTOS\Source\portable\CCS\MSP430X\</path>
         <kind>object</kind>
         <file>portext.obj</file>
         <name>portext.obj</name>
      </input_file>
      <input_file id="fl-a">
         <path>.\USB_API\USB_CDC_API\</path>
         <kind>object</kind>
         <file>UsbCdc.obj</file>
         <name>UsbCdc.obj</name>
      </input_file>
      <input_file id="fl-b">
         <path>.\USB_API\USB_Common\</path>
         <kind>object</kind>
         <file>usb.obj</file>
         <name>usb.obj</name>
      </input_file>
      <input_file id="fl-c">
         <path>.\USB_API\USB_Common\</path>
         <kind>object</kind>
         <file>usbdma.obj</file>
         <name>usbdma.obj</name>
      </input_file>
      <input_file id="fl-d">
         <path>.\USB_API\USB_HID_API\</path>
         <kind>object</kind>
         <file>UsbHid.obj</file>
         <name>UsbHid.obj</name>
      </input_file>
      <input_file id="fl-e">
         <path>.\USB_API\USB_HID_API\</path>
         <kind>object</kind>
         <file>UsbHidReq.obj</file>
         <name>UsbHidReq.obj</name>
      </input_file>
      <input_file id="fl-f">
         <path>.\USB_API\USB_MSC_API\</path>
         <kind>object</kind>
         <file>UsbMscReq.obj</file>
         <name>UsbMscReq.obj</name>
      </input_file>
      <input_file id="fl-10">
         <path>.\USB_API\USB_MSC_API\</path>
         <kind>object</kind>
         <file>UsbMscScsi.obj</file>
         <name>UsbMscScsi.obj</name>
      </input_file>
      <input_file id="fl-11">
         <path>.\USB_API\USB_MSC_API\</path>
         <kind>object</kind>
         <file>UsbMscStateMachine.obj</file>
         <name>UsbMscStateMachine.obj</name>
      </input_file>
      <input_file id="fl-12">
         <path>.\USB_API\USB_PHDC_API\</path>
         <kind>object</kind>
         <file>UsbPHDC.obj</file>
         <name>UsbPHDC.obj</name>
      </input_file>
      <input_file id="fl-13">
         <path>.\USB_app\</path>
         <kind>object</kind>
         <file>usbConstructs.obj</file>
         <name>usbConstructs.obj</name>
      </input_file>
      <input_file id="fl-14">
         <path>.\USB_app\</path>
         <kind>object</kind>
         <file>usbEventHandling.obj</file>
         <name>usbEventHandling.obj</name>
      </input_file>
      <input_file id="fl-15">
         <path>.\USB_config\</path>
         <kind>object</kind>
         <file>UsbIsr.obj</file>
         <name>UsbIsr.obj</name>
      </input_file>
      <input_file id="fl-16">
         <path>.\USB_config\</path>
         <kind>object</kind>
         <file>descriptors.obj</file>
         <name>descriptors.obj</name>
      </input_file>
      <input_file id="fl-17">
         <path>.\app\src\</path>
         <kind>object</kind>
         <file>check_alignment.obj</file>
         <name>check_alignment.obj</name>
      </input_file>
      <input_file id="fl-18">
         <path>.\app\src\</path>
         <kind>object</kind>
         <file>control_motors.obj</file>
         <name>control_motors.obj</name>
      </input_file>
      <input_file id="fl-19">
         <path>.\app\src\</path>
         <kind>object</kind>
         <file>error.obj</file>
         <name>error.obj</name>
      </input_file>
      <input_file id="fl-1a">
         <path>.\app\src\</path>
         <kind>object</kind>
         <file>interface.obj</file>
         <name>interface.obj</name>
      </input_file>
      <input_file id="fl-1b">
         <path>.\driverlib\MSP430F5xx_6xx\</path>
         <kind>object</kind>
         <file>adc10_a.obj</file>
         <name>adc10_a.obj</name>
      </input_file>
      <input_file id="fl-1c">
         <path>.\driverlib\MSP430F5xx_6xx\</path>
         <kind>object</kind>
         <file>adc12_a.obj</file>
         <name>adc12_a.obj</name>
      </input_file>
      <input_file id="fl-1d">
         <path>.\driverlib\MSP430F5xx_6xx\</path>
         <kind>object</kind>
         <file>aes.obj</file>
         <name>aes.obj</name>
      </input_file>
      <input_file id="fl-1e">
         <path>.\driverlib\MSP430F5xx_6xx\</path>
         <kind>object</kind>
         <file>battbak.obj</file>
         <name>battbak.obj</name>
      </input_file>
      <input_file id="fl-1f">
         <path>.\driverlib\MSP430F5xx_6xx\</path>
         <kind>object</kind>
         <file>comp_b.obj</file>
         <name>comp_b.obj</name>
      </input_file>
      <input_file id="fl-20">
         <path>.\driverlib\MSP430F5xx_6xx\</path>
         <kind>object</kind>
         <file>crc.obj</file>
         <name>crc.obj</name>
      </input_file>
      <input_file id="fl-21">
         <path>.\driverlib\MSP430F5xx_6xx\</path>
         <kind>object</kind>
         <file>ctsd16.obj</file>
         <name>ctsd16.obj</name>
      </input_file>
      <input_file id="fl-22">
         <path>.\driverlib\MSP430F5xx_6xx\</path>
         <kind>object</kind>
         <file>dac12_a.obj</file>
         <name>dac12_a.obj</name>
      </input_file>
      <input_file id="fl-23">
         <path>.\driverlib\MSP430F5xx_6xx\</path>
         <kind>object</kind>
         <file>dma.obj</file>
         <name>dma.obj</name>
      </input_file>
      <input_file id="fl-24">
         <path>.\driverlib\MSP430F5xx_6xx\</path>
         <kind>object</kind>
         <file>eusci_a_spi.obj</file>
         <name>eusci_a_spi.obj</name>
      </input_file>
      <input_file id="fl-25">
         <path>.\driverlib\MSP430F5xx_6xx\</path>
         <kind>object</kind>
         <file>eusci_a_uart.obj</file>
         <name>eusci_a_uart.obj</name>
      </input_file>
      <input_file id="fl-26">
         <path>.\driverlib\MSP430F5xx_6xx\</path>
         <kind>object</kind>
         <file>eusci_b_i2c.obj</file>
         <name>eusci_b_i2c.obj</name>
      </input_file>
      <input_file id="fl-27">
         <path>.\driverlib\MSP430F5xx_6xx\</path>
         <kind>object</kind>
         <file>eusci_b_spi.obj</file>
         <name>eusci_b_spi.obj</name>
      </input_file>
      <input_file id="fl-28">
         <path>.\driverlib\MSP430F5xx_6xx\</path>
         <kind>object</kind>
         <file>flashctl.obj</file>
         <name>flashctl.obj</name>
      </input_file>
      <input_file id="fl-29">
         <path>.\driverlib\MSP430F5xx_6xx\</path>
         <kind>object</kind>
         <file>gpio.obj</file>
         <name>gpio.obj</name>
      </input_file>
      <input_file id="fl-2a">
         <path>.\driverlib\MSP430F5xx_6xx\</path>
         <kind>object</kind>
         <file>lcd_b.obj</file>
         <name>lcd_b.obj</name>
      </input_file>
      <input_file id="fl-2b">
         <path>.\driverlib\MSP430F5xx_6xx\</path>
         <kind>object</kind>
         <file>lcd_c.obj</file>
         <name>lcd_c.obj</name>
      </input_file>
      <input_file id="fl-2c">
         <path>.\driverlib\MSP430F5xx_6xx\</path>
         <kind>object</kind>
         <file>ldopwr.obj</file>
         <name>ldopwr.obj</name>
      </input_file>
      <input_file id="fl-2d">
         <path>.\driverlib\MSP430F5xx_6xx\</path>
         <kind>object</kind>
         <file>mpy32.obj</file>
         <name>mpy32.obj</name>
      </input_file>
      <input_file id="fl-2e">
         <path>.\driverlib\MSP430F5xx_6xx\</path>
         <kind>object</kind>
         <file>oa.obj</file>
         <name>oa.obj</name>
      </input_file>
      <input_file id="fl-2f">
         <path>.\driverlib\MSP430F5xx_6xx\</path>
         <kind>object</kind>
         <file>pmap.obj</file>
         <name>pmap.obj</name>
      </input_file>
      <input_file id="fl-30">
         <path>.\driverlib\MSP430F5xx_6xx\</path>
         <kind>object</kind>
         <file>pmm.obj</file>
         <name>pmm.obj</name>
      </input_file>
      <input_file id="fl-31">
         <path>.\driverlib\MSP430F5xx_6xx\</path>
         <kind>object</kind>
         <file>ram.obj</file>
         <name>ram.obj</name>
      </input_file>
      <input_file id="fl-32">
         <path>.\driverlib\MSP430F5xx_6xx\</path>
         <kind>object</kind>
         <file>ref.obj</file>
         <name>ref.obj</name>
      </input_file>
      <input_file id="fl-33">
         <path>.\driverlib\MSP430F5xx_6xx\</path>
         <kind>object</kind>
         <file>rtc_a.obj</file>
         <name>rtc_a.obj</name>
      </input_file>
      <input_file id="fl-34">
         <path>.\driverlib\MSP430F5xx_6xx\</path>
         <kind>object</kind>
         <file>rtc_b.obj</file>
         <name>rtc_b.obj</name>
      </input_file>
      <input_file id="fl-35">
         <path>.\driverlib\MSP430F5xx_6xx\</path>
         <kind>object</kind>
         <file>rtc_c.obj</file>
         <name>rtc_c.obj</name>
      </input_file>
      <input_file id="fl-36">
         <path>.\driverlib\MSP430F5xx_6xx\</path>
         <kind>object</kind>
         <file>sd24_b.obj</file>
         <name>sd24_b.obj</name>
      </input_file>
      <input_file id="fl-37">
         <path>.\driverlib\MSP430F5xx_6xx\</path>
         <kind>object</kind>
         <file>sfr.obj</file>
         <name>sfr.obj</name>
      </input_file>
      <input_file id="fl-38">
         <path>.\driverlib\MSP430F5xx_6xx\</path>
         <kind>object</kind>
         <file>sysctl.obj</file>
         <name>sysctl.obj</name>
      </input_file>
      <input_file id="fl-39">
         <path>.\driverlib\MSP430F5xx_6xx\</path>
         <kind>object</kind>
         <file>tec.obj</file>
         <name>tec.obj</name>
      </input_file>
      <input_file id="fl-3a">
         <path>.\driverlib\MSP430F5xx_6xx\</path>
         <kind>object</kind>
         <file>timer_a.obj</file>
         <name>timer_a.obj</name>
      </input_file>
      <input_file id="fl-3b">
         <path>.\driverlib\MSP430F5xx_6xx\</path>
         <kind>object</kind>
         <file>timer_b.obj</file>
         <name>timer_b.obj</name>
      </input_file>
      <input_file id="fl-3c">
         <path>.\driverlib\MSP430F5xx_6xx\</path>
         <kind>object</kind>
         <file>timer_d.obj</file>
         <name>timer_d.obj</name>
      </input_file>
      <input_file id="fl-3d">
         <path>.\driverlib\MSP430F5xx_6xx\</path>
         <kind>object</kind>
         <file>tlv.obj</file>
         <name>tlv.obj</name>
      </input_file>
      <input_file id="fl-3e">
         <path>.\driverlib\MSP430F5xx_6xx\</path>
         <kind>object</kind>
         <file>ucs.obj</file>
         <name>ucs.obj</name>
      </input_file>
      <input_file id="fl-3f">
         <path>.\driverlib\MSP430F5xx_6xx\</path>
         <kind>object</kind>
         <file>usci_a_spi.obj</file>
         <name>usci_a_spi.obj</name>
      </input_file>
      <input_file id="fl-40">
         <path>.\driverlib\MSP430F5xx_6xx\</path>
         <kind>object</kind>
         <file>usci_a_uart.obj</file>
         <name>usci_a_uart.obj</name>
      </input_file>
      <input_file id="fl-41">
         <path>.\driverlib\MSP430F5xx_6xx\</path>
         <kind>object</kind>
         <file>usci_b_i2c.obj</file>
         <name>usci_b_i2c.obj</name>
      </input_file>
      <input_file id="fl-42">
         <path>.\driverlib\MSP430F5xx_6xx\</path>
         <kind>object</kind>
         <file>usci_b_spi.obj</file>
         <name>usci_b_spi.obj</name>
      </input_file>
      <input_file id="fl-43">
         <path>.\driverlib\MSP430F5xx_6xx\</path>
         <kind>object</kind>
         <file>wdt_a.obj</file>
         <name>wdt_a.obj</name>
      </input_file>
      <input_file id="fl-44">
         <path>.\hal\src\</path>
         <kind>object</kind>
         <file>io_hal.obj</file>
         <name>io_hal.obj</name>
      </input_file>
      <input_file id="fl-45">
         <path>.\hal\src\</path>
         <kind>object</kind>
         <file>pmm_hal.obj</file>
         <name>pmm_hal.obj</name>
      </input_file>
      <input_file id="fl-46">
         <path>.\hal\src\</path>
         <kind>object</kind>
         <file>timera_hal.obj</file>
         <name>timera_hal.obj</name>
      </input_file>
      <input_file id="fl-47">
         <path>.\hal\src\</path>
         <kind>object</kind>
         <file>timerb_hal.obj</file>
         <name>timerb_hal.obj</name>
      </input_file>
      <input_file id="fl-48">
         <path>.\hal\src\</path>
         <kind>object</kind>
         <file>ucs_hal.obj</file>
         <name>ucs_hal.obj</name>
      </input_file>
      <input_file id="fl-49">
         <path>.\hil\src\</path>
         <kind>object</kind>
         <file>io_interrupts.obj</file>
         <name>io_interrupts.obj</name>
      </input_file>
      <input_file id="fl-4a">
         <path>.\hil\src\</path>
         <kind>object</kind>
         <file>led_hil.obj</file>
         <name>led_hil.obj</name>
      </input_file>
      <input_file id="fl-4b">
         <path>.\hil\src\</path>
         <kind>object</kind>
         <file>pwm.obj</file>
         <name>pwm.obj</name>
      </input_file>
      <input_file id="fl-52">
         <kind>object</kind>
         <file>&lt;internal&gt;</file>
         <name>&lt;internal&gt;</name>
      </input_file>
      <input_file id="fl-6d">
         <path>C:\ti\ccs1011\ccs\tools\compiler\ti-cgt-msp430_20.2.1.LTS\lib\</path>
         <kind>archive</kind>
         <file>rts430x_lc_rd_eabi.lib</file>
         <name>div16s.asm.obj</name>
      </input_file>
      <input_file id="fl-6e">
         <path>C:\ti\ccs1011\ccs\tools\compiler\ti-cgt-msp430_20.2.1.LTS\lib\</path>
         <kind>archive</kind>
         <file>rts430x_lc_rd_eabi.lib</file>
         <name>div16u.asm.obj</name>
      </input_file>
      <input_file id="fl-6f">
         <path>C:\ti\ccs1011\ccs\tools\compiler\ti-cgt-msp430_20.2.1.LTS\lib\</path>
         <kind>archive</kind>
         <file>rts430x_lc_rd_eabi.lib</file>
         <name>div32s.asm.obj</name>
      </input_file>
      <input_file id="fl-70">
         <path>C:\ti\ccs1011\ccs\tools\compiler\ti-cgt-msp430_20.2.1.LTS\lib\</path>
         <kind>archive</kind>
         <file>rts430x_lc_rd_eabi.lib</file>
         <name>div32u.asm.obj</name>
      </input_file>
      <input_file id="fl-71">
         <path>C:\ti\ccs1011\ccs\tools\compiler\ti-cgt-msp430_20.2.1.LTS\lib\</path>
         <kind>archive</kind>
         <file>rts430x_lc_rd_eabi.lib</file>
         <name>int41.asm.obj</name>
      </input_file>
      <input_file id="fl-72">
         <path>C:\ti\ccs1011\ccs\tools\compiler\ti-cgt-msp430_20.2.1.LTS\lib\</path>
         <kind>archive</kind>
         <file>rts430x_lc_rd_eabi.lib</file>
         <name>int43.asm.obj</name>
      </input_file>
      <input_file id="fl-73">
         <path>C:\ti\ccs1011\ccs\tools\compiler\ti-cgt-msp430_20.2.1.LTS\lib\</path>
         <kind>archive</kind>
         <file>rts430x_lc_rd_eabi.lib</file>
         <name>int45.asm.obj</name>
      </input_file>
      <input_file id="fl-74">
         <path>C:\ti\ccs1011\ccs\tools\compiler\ti-cgt-msp430_20.2.1.LTS\lib\</path>
         <kind>archive</kind>
         <file>rts430x_lc_rd_eabi.lib</file>
         <name>int46.asm.obj</name>
      </input_file>
      <input_file id="fl-75">
         <path>C:\ti\ccs1011\ccs\tools\compiler\ti-cgt-msp430_20.2.1.LTS\lib\</path>
         <kind>archive</kind>
         <file>rts430x_lc_rd_eabi.lib</file>
         <name>int48.asm.obj</name>
      </input_file>
      <input_file id="fl-76">
         <path>C:\ti\ccs1011\ccs\tools\compiler\ti-cgt-msp430_20.2.1.LTS\lib\</path>
         <kind>archive</kind>
         <file>rts430x_lc_rd_eabi.lib</file>
         <name>int50.asm.obj</name>
      </input_file>
      <input_file id="fl-77">
         <path>C:\ti\ccs1011\ccs\tools\compiler\ti-cgt-msp430_20.2.1.LTS\lib\</path>
         <kind>archive</kind>
         <file>rts430x_lc_rd_eabi.lib</file>
         <name>int52.asm.obj</name>
      </input_file>
      <input_file id="fl-78">
         <path>C:\ti\ccs1011\ccs\tools\compiler\ti-cgt-msp430_20.2.1.LTS\lib\</path>
         <kind>archive</kind>
         <file>rts430x_lc_rd_eabi.lib</file>
         <name>int55.asm.obj</name>
      </input_file>
      <input_file id="fl-79">
         <path>C:\ti\ccs1011\ccs\tools\compiler\ti-cgt-msp430_20.2.1.LTS\lib\</path>
         <kind>archive</kind>
         <file>rts430x_lc_rd_eabi.lib</file>
         <name>int56.asm.obj</name>
      </input_file>
      <input_file id="fl-7a">
         <path>C:\ti\ccs1011\ccs\tools\compiler\ti-cgt-msp430_20.2.1.LTS\lib\</path>
         <kind>archive</kind>
         <file>rts430x_lc_rd_eabi.lib</file>
         <name>int57.asm.obj</name>
      </input_file>
      <input_file id="fl-7b">
         <path>C:\ti\ccs1011\ccs\tools\compiler\ti-cgt-msp430_20.2.1.LTS\lib\</path>
         <kind>archive</kind>
         <file>rts430x_lc_rd_eabi.lib</file>
         <name>int58.asm.obj</name>
      </input_file>
      <input_file id="fl-7c">
         <path>C:\ti\ccs1011\ccs\tools\compiler\ti-cgt-msp430_20.2.1.LTS\lib\</path>
         <kind>archive</kind>
         <file>rts430x_lc_rd_eabi.lib</file>
         <name>int60.asm.obj</name>
      </input_file>
      <input_file id="fl-7d">
         <path>C:\ti\ccs1011\ccs\tools\compiler\ti-cgt-msp430_20.2.1.LTS\lib\</path>
         <kind>archive</kind>
         <file>rts430x_lc_rd_eabi.lib</file>
         <name>int62.asm.obj</name>
      </input_file>
      <input_file id="fl-7e">
         <path>C:\ti\ccs1011\ccs\tools\compiler\ti-cgt-msp430_20.2.1.LTS\lib\</path>
         <kind>archive</kind>
         <file>rts430x_lc_rd_eabi.lib</file>
         <name>isr_trap.asm.obj</name>
      </input_file>
      <input_file id="fl-7f">
         <path>C:\ti\ccs1011\ccs\tools\compiler\ti-cgt-msp430_20.2.1.LTS\lib\</path>
         <kind>archive</kind>
         <file>rts430x_lc_rd_eabi.lib</file>
         <name>lsl16.asm.obj</name>
      </input_file>
      <input_file id="fl-80">
         <path>C:\ti\ccs1011\ccs\tools\compiler\ti-cgt-msp430_20.2.1.LTS\lib\</path>
         <kind>archive</kind>
         <file>rts430x_lc_rd_eabi.lib</file>
         <name>lsl32.asm.obj</name>
      </input_file>
      <input_file id="fl-81">
         <path>C:\ti\ccs1011\ccs\tools\compiler\ti-cgt-msp430_20.2.1.LTS\lib\</path>
         <kind>archive</kind>
         <file>rts430x_lc_rd_eabi.lib</file>
         <name>lsr16.asm.obj</name>
      </input_file>
      <input_file id="fl-82">
         <path>C:\ti\ccs1011\ccs\tools\compiler\ti-cgt-msp430_20.2.1.LTS\lib\</path>
         <kind>archive</kind>
         <file>rts430x_lc_rd_eabi.lib</file>
         <name>lsr32.asm.obj</name>
      </input_file>
      <input_file id="fl-83">
         <path>C:\ti\ccs1011\ccs\tools\compiler\ti-cgt-msp430_20.2.1.LTS\lib\</path>
         <kind>archive</kind>
         <file>rts430x_lc_rd_eabi.lib</file>
         <name>mult16.asm.obj</name>
      </input_file>
      <input_file id="fl-84">
         <path>C:\ti\ccs1011\ccs\tools\compiler\ti-cgt-msp430_20.2.1.LTS\lib\</path>
         <kind>archive</kind>
         <file>rts430x_lc_rd_eabi.lib</file>
         <name>mult16_f5hw.asm.obj</name>
      </input_file>
      <input_file id="fl-85">
         <path>C:\ti\ccs1011\ccs\tools\compiler\ti-cgt-msp430_20.2.1.LTS\lib\</path>
         <kind>archive</kind>
         <file>rts430x_lc_rd_eabi.lib</file>
         <name>mult1632_f5hw.asm.obj</name>
      </input_file>
      <input_file id="fl-86">
         <path>C:\ti\ccs1011\ccs\tools\compiler\ti-cgt-msp430_20.2.1.LTS\lib\</path>
         <kind>archive</kind>
         <file>rts430x_lc_rd_eabi.lib</file>
         <name>mult32.asm.obj</name>
      </input_file>
      <input_file id="fl-87">
         <path>C:\ti\ccs1011\ccs\tools\compiler\ti-cgt-msp430_20.2.1.LTS\lib\</path>
         <kind>archive</kind>
         <file>rts430x_lc_rd_eabi.lib</file>
         <name>mult32_f5hw.asm.obj</name>
      </input_file>
      <input_file id="fl-88">
         <path>C:\ti\ccs1011\ccs\tools\compiler\ti-cgt-msp430_20.2.1.LTS\lib\</path>
         <kind>archive</kind>
         <file>rts430x_lc_rd_eabi.lib</file>
         <name>mult3264_f5hw.asm.obj</name>
      </input_file>
      <input_file id="fl-89">
         <path>C:\ti\ccs1011\ccs\tools\compiler\ti-cgt-msp430_20.2.1.LTS\lib\</path>
         <kind>archive</kind>
         <file>rts430x_lc_rd_eabi.lib</file>
         <name>mult64_f5hw.asm.obj</name>
      </input_file>
      <input_file id="fl-8a">
         <path>C:\ti\ccs1011\ccs\tools\compiler\ti-cgt-msp430_20.2.1.LTS\lib\</path>
         <kind>archive</kind>
         <file>rts430x_lc_rd_eabi.lib</file>
         <name>boot.c.obj</name>
      </input_file>
      <input_file id="fl-8b">
         <path>C:\ti\ccs1011\ccs\tools\compiler\ti-cgt-msp430_20.2.1.LTS\lib\</path>
         <kind>archive</kind>
         <file>rts430x_lc_rd_eabi.lib</file>
         <name>autoinit.c.obj</name>
      </input_file>
      <input_file id="fl-8c">
         <path>C:\ti\ccs1011\ccs\tools\compiler\ti-cgt-msp430_20.2.1.LTS\lib\</path>
         <kind>archive</kind>
         <file>rts430x_lc_rd_eabi.lib</file>
         <name>copy_zero_init.c.obj</name>
      </input_file>
      <input_file id="fl-8d">
         <path>C:\ti\ccs1011\ccs\tools\compiler\ti-cgt-msp430_20.2.1.LTS\lib\</path>
         <kind>archive</kind>
         <file>rts430x_lc_rd_eabi.lib</file>
         <name>cpy_tbl.c.obj</name>
      </input_file>
      <input_file id="fl-8e">
         <path>C:\ti\ccs1011\ccs\tools\compiler\ti-cgt-msp430_20.2.1.LTS\lib\</path>
         <kind>archive</kind>
         <file>rts430x_lc_rd_eabi.lib</file>
         <name>mpu_init.c.obj</name>
      </input_file>
      <input_file id="fl-8f">
         <path>C:\ti\ccs1011\ccs\tools\compiler\ti-cgt-msp430_20.2.1.LTS\lib\</path>
         <kind>archive</kind>
         <file>rts430x_lc_rd_eabi.lib</file>
         <name>pre_init.c.obj</name>
      </input_file>
      <input_file id="fl-90">
         <path>C:\ti\ccs1011\ccs\tools\compiler\ti-cgt-msp430_20.2.1.LTS\lib\</path>
         <kind>archive</kind>
         <file>rts430x_lc_rd_eabi.lib</file>
         <name>startup.c.obj</name>
      </input_file>
      <input_file id="fl-91">
         <path>C:\ti\ccs1011\ccs\tools\compiler\ti-cgt-msp430_20.2.1.LTS\lib\</path>
         <kind>archive</kind>
         <file>rts430x_lc_rd_eabi.lib</file>
         <name>copy_decompress_none.c.obj</name>
      </input_file>
      <input_file id="fl-92">
         <path>C:\ti\ccs1011\ccs\tools\compiler\ti-cgt-msp430_20.2.1.LTS\lib\</path>
         <kind>archive</kind>
         <file>rts430x_lc_rd_eabi.lib</file>
         <name>copy_decompress_lzss.c.obj</name>
      </input_file>
      <input_file id="fl-93">
         <path>C:\ti\ccs1011\ccs\tools\compiler\ti-cgt-msp430_20.2.1.LTS\lib\</path>
         <kind>archive</kind>
         <file>rts430x_lc_rd_eabi.lib</file>
         <name>exit.c.obj</name>
      </input_file>
      <input_file id="fl-94">
         <path>C:\ti\ccs1011\ccs\tools\compiler\ti-cgt-msp430_20.2.1.LTS\lib\</path>
         <kind>archive</kind>
         <file>rts430x_lc_rd_eabi.lib</file>
         <name>_lock.c.obj</name>
      </input_file>
      <input_file id="fl-95">
         <path>C:\ti\ccs1011\ccs\tools\compiler\ti-cgt-msp430_20.2.1.LTS\lib\</path>
         <kind>archive</kind>
         <file>rts430x_lc_rd_eabi.lib</file>
         <name>args_main.c.obj</name>
      </input_file>
      <input_file id="fl-96">
         <path>C:\ti\ccs1011\ccs\tools\compiler\ti-cgt-msp430_20.2.1.LTS\lib\</path>
         <kind>archive</kind>
         <file>rts430x_lc_rd_eabi.lib</file>
         <name>memcpy.c.obj</name>
      </input_file>
      <input_file id="fl-97">
         <path>C:\ti\ccs1011\ccs\tools\compiler\ti-cgt-msp430_20.2.1.LTS\lib\</path>
         <kind>archive</kind>
         <file>rts430x_lc_rd_eabi.lib</file>
         <name>memset.c.obj</name>
      </input_file>
      <input_file id="fl-98">
         <path>C:\ti\ccs1011\ccs\tools\compiler\ti-cgt-msp430_20.2.1.LTS\lib\</path>
         <kind>archive</kind>
         <file>rts430x_lc_rd_eabi.lib</file>
         <name>exit_gvars.c.obj</name>
      </input_file>
   </input_file_list>
   <object_component_list>
      <object_component id="oc-976">
         <name>.bss:xIdleTaskTCB$1</name>
         <uninitialized>true</uninitialized>
         <run_address>0x344c</run_address>
         <size>0x62</size>
         <input_file_ref idref="fl-3"/>
      </object_component>
      <object_component id="oc-977">
         <name>.bss:uxIdleTaskStack$2</name>
         <uninitialized>true</uninitialized>
         <run_address>0x3000</run_address>
         <size>0x200</size>
         <input_file_ref idref="fl-3"/>
      </object_component>
      <object_component id="oc-601">
         <name>.bss:pxReadyTasksLists</name>
         <uninitialized>true</uninitialized>
         <run_address>0x366e</run_address>
         <size>0x30</size>
         <input_file_ref idref="fl-6"/>
      </object_component>
      <object_component id="oc-c4f">
         <name>.bss:xDelayedTaskList1</name>
         <uninitialized>true</uninitialized>
         <run_address>0x3702</run_address>
         <size>0x10</size>
         <input_file_ref idref="fl-6"/>
      </object_component>
      <object_component id="oc-c52">
         <name>.bss:xDelayedTaskList2</name>
         <uninitialized>true</uninitialized>
         <run_address>0x3712</run_address>
         <size>0x10</size>
         <input_file_ref idref="fl-6"/>
      </object_component>
      <object_component id="oc-764">
         <name>.bss</name>
         <uninitialized>true</uninitialized>
         <run_address>0x377a</run_address>
         <size>0x8</size>
         <input_file_ref idref="fl-6"/>
      </object_component>
      <object_component id="oc-60a">
         <name>.bss:xPendingReadyList</name>
         <uninitialized>true</uninitialized>
         <run_address>0x3722</run_address>
         <size>0x10</size>
         <input_file_ref idref="fl-6"/>
      </object_component>
      <object_component id="oc-b14">
         <name>.bss:xTasksWaitingTermination</name>
         <uninitialized>true</uninitialized>
         <run_address>0x3742</run_address>
         <size>0x10</size>
         <input_file_ref idref="fl-6"/>
      </object_component>
      <object_component id="oc-c55">
         <name>.bss:xSuspendedTaskList</name>
         <uninitialized>true</uninitialized>
         <run_address>0x3732</run_address>
         <size>0x10</size>
         <input_file_ref idref="fl-6"/>
      </object_component>
      <object_component id="oc-702">
         <name>.bss:CdcControl</name>
         <uninitialized>true</uninitialized>
         <run_address>0x3772</run_address>
         <size>0x8</size>
         <input_file_ref idref="fl-a"/>
      </object_component>
      <object_component id="oc-5a3">
         <name>.bss</name>
         <uninitialized>true</uninitialized>
         <run_address>0x36f2</run_address>
         <size>0x10</size>
         <input_file_ref idref="fl-b"/>
      </object_component>
      <object_component id="oc-c0b">
         <name>.bss:cmd_struct</name>
         <uninitialized>true</uninitialized>
         <run_address>0x3792</run_address>
         <size>0x6</size>
         <input_file_ref idref="fl-17"/>
      </object_component>
      <object_component id="oc-ae8">
         <name>.bss:task_stack_buffer</name>
         <uninitialized>true</uninitialized>
         <run_address>0x2a00</run_address>
         <size>0x200</size>
         <input_file_ref idref="fl-17"/>
      </object_component>
      <object_component id="oc-aeb">
         <name>.bss:task_task_buffer</name>
         <uninitialized>true</uninitialized>
         <run_address>0x3326</run_address>
         <size>0x62</size>
         <input_file_ref idref="fl-17"/>
      </object_component>
      <object_component id="oc-af4">
         <name>.bss:item_ownership_buffer</name>
         <uninitialized>true</uninitialized>
         <run_address>0x34ae</run_address>
         <size>0x38</size>
         <input_file_ref idref="fl-17"/>
      </object_component>
      <object_component id="oc-901">
         <name>.bss:theta_ownership_buffer$1</name>
         <uninitialized>true</uninitialized>
         <run_address>0x35fe</run_address>
         <size>0x38</size>
         <input_file_ref idref="fl-18"/>
      </object_component>
      <object_component id="oc-90e">
         <name>.bss:phi_ownership_buffer$2</name>
         <uninitialized>true</uninitialized>
         <run_address>0x351e</run_address>
         <size>0x38</size>
         <input_file_ref idref="fl-18"/>
      </object_component>
      <object_component id="oc-90f">
         <name>.bss:theta_turnsteps_command_storage_buffer$3</name>
         <uninitialized>true</uninitialized>
         <run_address>0x3768</run_address>
         <size>0xa</size>
         <input_file_ref idref="fl-18"/>
      </object_component>
      <object_component id="oc-910">
         <name>.bss:theta_turnsteps_command_buffer$4</name>
         <uninitialized>true</uninitialized>
         <run_address>0x3636</run_address>
         <size>0x38</size>
         <input_file_ref idref="fl-18"/>
      </object_component>
      <object_component id="oc-911">
         <name>.bss:phi_turnsteps_command_storage_buffer$5</name>
         <uninitialized>true</uninitialized>
         <run_address>0x375e</run_address>
         <size>0xa</size>
         <input_file_ref idref="fl-18"/>
      </object_component>
      <object_component id="oc-912">
         <name>.bss:phi_turnsteps_command_buffer$6</name>
         <uninitialized>true</uninitialized>
         <run_address>0x3556</run_address>
         <size>0x38</size>
         <input_file_ref idref="fl-18"/>
      </object_component>
      <object_component id="oc-913">
         <name>.bss:theta_align_command_storage_buffer$7</name>
         <uninitialized>true</uninitialized>
         <run_address>0x379c</run_address>
         <size>0x4</size>
         <input_file_ref idref="fl-18"/>
      </object_component>
      <object_component id="oc-914">
         <name>.bss:theta_align_command_buffer$8</name>
         <uninitialized>true</uninitialized>
         <run_address>0x35c6</run_address>
         <size>0x38</size>
         <input_file_ref idref="fl-18"/>
      </object_component>
      <object_component id="oc-915">
         <name>.bss:phi_align_command_storage_buffer$9</name>
         <uninitialized>true</uninitialized>
         <run_address>0x3798</run_address>
         <size>0x4</size>
         <input_file_ref idref="fl-18"/>
      </object_component>
      <object_component id="oc-916">
         <name>.bss:phi_align_command_buffer$10</name>
         <uninitialized>true</uninitialized>
         <run_address>0x34e6</run_address>
         <size>0x38</size>
         <input_file_ref idref="fl-18"/>
      </object_component>
      <object_component id="oc-91a">
         <name>.bss:theta_turnsteps_task_stack_buffer$11</name>
         <uninitialized>true</uninitialized>
         <run_address>0x2e00</run_address>
         <size>0x200</size>
         <input_file_ref idref="fl-18"/>
      </object_component>
      <object_component id="oc-91b">
         <name>.bss:theta_turnsteps_task_task_buffer$12</name>
         <uninitialized>true</uninitialized>
         <run_address>0x33ea</run_address>
         <size>0x62</size>
         <input_file_ref idref="fl-18"/>
      </object_component>
      <object_component id="oc-925">
         <name>.bss:phi_turnsteps_task_stack_buffer$13</name>
         <uninitialized>true</uninitialized>
         <run_address>0x2600</run_address>
         <size>0x200</size>
         <input_file_ref idref="fl-18"/>
      </object_component>
      <object_component id="oc-926">
         <name>.bss:phi_turnsteps_task_task_buffer$14</name>
         <uninitialized>true</uninitialized>
         <run_address>0x3262</run_address>
         <size>0x62</size>
         <input_file_ref idref="fl-18"/>
      </object_component>
      <object_component id="oc-927">
         <name>.bss:theta_align_task_stack_buffer$15</name>
         <uninitialized>true</uninitialized>
         <run_address>0x2c00</run_address>
         <size>0x200</size>
         <input_file_ref idref="fl-18"/>
      </object_component>
      <object_component id="oc-928">
         <name>.bss:theta_align_task_task_buffer$16</name>
         <uninitialized>true</uninitialized>
         <run_address>0x3388</run_address>
         <size>0x62</size>
         <input_file_ref idref="fl-18"/>
      </object_component>
      <object_component id="oc-92f">
         <name>.bss:phi_align_task_stack_buffer$17</name>
         <uninitialized>true</uninitialized>
         <run_address>0x2400</run_address>
         <size>0x200</size>
         <input_file_ref idref="fl-18"/>
      </object_component>
      <object_component id="oc-930">
         <name>.bss:phi_align_task_task_buffer$18</name>
         <uninitialized>true</uninitialized>
         <run_address>0x3200</run_address>
         <size>0x62</size>
         <input_file_ref idref="fl-18"/>
      </object_component>
      <object_component id="oc-955">
         <name>.bss:rx_available_buffer$1</name>
         <uninitialized>true</uninitialized>
         <run_address>0x358e</run_address>
         <size>0x38</size>
         <input_file_ref idref="fl-1a"/>
      </object_component>
      <object_component id="oc-956">
         <name>.bss:rx_task_stack_buffer$2</name>
         <uninitialized>true</uninitialized>
         <run_address>0x2800</run_address>
         <size>0x200</size>
         <input_file_ref idref="fl-1a"/>
      </object_component>
      <object_component id="oc-957">
         <name>.bss:rx_task_task_buffer$3</name>
         <uninitialized>true</uninitialized>
         <run_address>0x32c4</run_address>
         <size>0x62</size>
         <input_file_ref idref="fl-1a"/>
      </object_component>
      <object_component id="oc-440">
         <name>.bss</name>
         <uninitialized>true</uninitialized>
         <run_address>0x36da</run_address>
         <size>0x18</size>
         <input_file_ref idref="fl-4b"/>
      </object_component>
      <object_component id="oc-5c1">
         <name>.common:CdcWriteCtrl</name>
         <uninitialized>true</uninitialized>
         <run_address>0x3752</run_address>
         <size>0xc</size>
      </object_component>
      <object_component id="oc-53e">
         <name>.common:CdcReadCtrl</name>
         <uninitialized>true</uninitialized>
         <run_address>0x36c0</run_address>
         <size>0x1a</size>
      </object_component>
      <object_component id="oc-5a6">
         <name>.common:wBytesRemainingOnIEP0</name>
         <uninitialized>true</uninitialized>
         <run_address>0x37a8</run_address>
         <size>0x2</size>
      </object_component>
      <object_component id="oc-5a7">
         <name>.common:wBytesRemainingOnOEP0</name>
         <uninitialized>true</uninitialized>
         <run_address>0x37aa</run_address>
         <size>0x2</size>
      </object_component>
      <object_component id="oc-531">
         <name>.common:abUsbRequestReturnData</name>
         <uninitialized>true</uninitialized>
         <run_address>0x378a</run_address>
         <size>0x8</size>
      </object_component>
      <object_component id="oc-727">
         <name>.common:abUsbRequestIncomingData</name>
         <uninitialized>true</uninitialized>
         <run_address>0x3782</run_address>
         <size>0x8</size>
      </object_component>
      <object_component id="oc-9e8">
         <name>.common:abramSerialStringDescriptor</name>
         <uninitialized>true</uninitialized>
         <run_address>0x369e</run_address>
         <size>0x22</size>
      </object_component>
      <object_component id="oc-530">
         <name>.common:bStatusAction</name>
         <uninitialized>true</uninitialized>
         <run_address>0x37ae</run_address>
         <size>0x1</size>
      </object_component>
      <object_component id="oc-45b">
         <name>.common:wUsbEventMask</name>
         <uninitialized>true</uninitialized>
         <run_address>0x37ac</run_address>
         <size>0x2</size>
      </object_component>
      <object_component id="oc-5c8">
         <name>.common:USB_TX_memcpy</name>
         <uninitialized>true</uninitialized>
         <run_address>0x37a4</run_address>
         <size>0x4</size>
      </object_component>
      <object_component id="oc-6e9">
         <name>.common:USB_RX_memcpy</name>
         <uninitialized>true</uninitialized>
         <run_address>0x37a0</run_address>
         <size>0x4</size>
      </object_component>
      <object_component id="oc-5f8">
         <name>.data</name>
         <load_address>0x3818</load_address>
         <run_address>0x3818</run_address>
         <size>0x1e</size>
         <input_file_ref idref="fl-6"/>
      </object_component>
      <object_component id="oc-61a">
         <name>.data</name>
         <load_address>0x3868</load_address>
         <run_address>0x3868</run_address>
         <size>0x2</size>
         <input_file_ref idref="fl-8"/>
      </object_component>
      <object_component id="oc-555">
         <name>.data</name>
         <load_address>0x3860</load_address>
         <run_address>0x3860</run_address>
         <size>0x8</size>
         <input_file_ref idref="fl-b"/>
      </object_component>
      <object_component id="oc-4c0">
         <name>.data</name>
         <load_address>0x3836</load_address>
         <run_address>0x3836</run_address>
         <size>0x12</size>
         <input_file_ref idref="fl-17"/>
      </object_component>
      <object_component id="oc-8fd">
         <name>.data</name>
         <load_address>0x37b0</load_address>
         <run_address>0x37b0</run_address>
         <size>0x28</size>
         <input_file_ref idref="fl-18"/>
      </object_component>
      <object_component id="oc-6df">
         <name>.data</name>
         <load_address>0x3850</load_address>
         <run_address>0x3850</run_address>
         <size>0x8</size>
         <input_file_ref idref="fl-1a"/>
      </object_component>
      <object_component id="oc-c8a">
         <name>.data:done_str$6</name>
         <load_address>0x3848</load_address>
         <run_address>0x3848</run_address>
         <size>0x8</size>
         <input_file_ref idref="fl-1a"/>
      </object_component>
      <object_component id="oc-a0b">
         <name>.data</name>
         <load_address>0x3858</load_address>
         <run_address>0x3858</run_address>
         <size>0x8</size>
         <input_file_ref idref="fl-3e"/>
      </object_component>
      <object_component id="oc-444">
         <name>.data:p1_handlers</name>
         <load_address>0x37d8</load_address>
         <run_address>0x37d8</run_address>
         <size>0x20</size>
         <input_file_ref idref="fl-49"/>
      </object_component>
      <object_component id="oc-437">
         <name>.data:p2_handlers</name>
         <load_address>0x37f8</load_address>
         <run_address>0x37f8</run_address>
         <size>0x20</size>
         <input_file_ref idref="fl-49"/>
      </object_component>
      <object_component id="oc-38d">
         <name>.stack</name>
         <uninitialized>true</uninitialized>
         <run_address>0x4360</run_address>
         <size>0x4</size>
         <input_file_ref idref="fl-8a"/>
      </object_component>
      <object_component id="oc-da4">
         <name>.stack</name>
         <uninitialized>true</uninitialized>
         <run_address>0x4360</run_address>
         <size>0x0</size>
      </object_component>
      <object_component id="oc-7ce">
         <name>.text:TB_unitTest</name>
         <load_address>0x10000</load_address>
         <run_address>0x10000</run_address>
         <size>0x5c8</size>
         <input_file_ref idref="fl-47"/>
      </object_component>
      <object_component id="oc-7bb">
         <name>.text:CM_init</name>
         <load_address>0x105c8</load_address>
         <run_address>0x105c8</run_address>
         <size>0x4c0</size>
         <input_file_ref idref="fl-18"/>
      </object_component>
      <object_component id="oc-ba7">
         <name>.text:USBCDC_receiveData</name>
         <load_address>0x10a88</load_address>
         <run_address>0x10a88</run_address>
         <size>0x478</size>
         <input_file_ref idref="fl-a"/>
      </object_component>
      <object_component id="oc-4ac">
         <name>.text:CdcToHostFromBuffer</name>
         <load_address>0x10f00</load_address>
         <run_address>0x10f00</run_address>
         <size>0x2de</size>
         <input_file_ref idref="fl-a"/>
      </object_component>
      <object_component id="oc-464">
         <name>.text:CdcToBufferFromHost</name>
         <load_address>0x111de</load_address>
         <run_address>0x111de</run_address>
         <size>0x246</size>
         <input_file_ref idref="fl-a"/>
      </object_component>
      <object_component id="oc-958">
         <name>.text:_rxTask</name>
         <load_address>0x11424</load_address>
         <run_address>0x11424</run_address>
         <size>0x1fa</size>
         <input_file_ref idref="fl-1a"/>
      </object_component>
      <object_component id="oc-482">
         <name>.text:USB_reset</name>
         <load_address>0x1161e</load_address>
         <run_address>0x1161e</run_address>
         <size>0x1f0</size>
         <input_file_ref idref="fl-b"/>
      </object_component>
      <object_component id="oc-b84">
         <name>.text:PWM_configure</name>
         <load_address>0x1180e</load_address>
         <run_address>0x1180e</run_address>
         <size>0x1c2</size>
         <input_file_ref idref="fl-4b"/>
      </object_component>
      <object_component id="oc-908">
         <name>.text:xQueueGenericSend</name>
         <load_address>0x119d0</load_address>
         <run_address>0x119d0</run_address>
         <size>0x1b6</size>
         <input_file_ref idref="fl-5"/>
      </object_component>
      <object_component id="oc-a6f">
         <name>.text:xQueueReceive</name>
         <load_address>0x11b86</load_address>
         <run_address>0x11b86</run_address>
         <size>0x19a</size>
         <input_file_ref idref="fl-5"/>
      </object_component>
      <object_component id="oc-a75">
         <name>.text:xQueueSemaphoreTake</name>
         <load_address>0x11d20</load_address>
         <run_address>0x11d20</run_address>
         <size>0x18c</size>
         <input_file_ref idref="fl-5"/>
      </object_component>
      <object_component id="oc-791">
         <name>.text:TB_configureCctl</name>
         <load_address>0x11eac</load_address>
         <run_address>0x11eac</run_address>
         <size>0x184</size>
         <input_file_ref idref="fl-47"/>
      </object_component>
      <object_component id="oc-c7a">
         <name>.text:TA_configureCctl</name>
         <load_address>0x12030</load_address>
         <run_address>0x12030</run_address>
         <size>0x16c</size>
         <input_file_ref idref="fl-46"/>
      </object_component>
      <object_component id="oc-c8c">
         <name>.text:xTaskGenericNotify</name>
         <load_address>0x1219c</load_address>
         <run_address>0x1219c</run_address>
         <size>0x16a</size>
         <input_file_ref idref="fl-6"/>
      </object_component>
      <object_component id="oc-593">
         <name>.text:USB_enable</name>
         <load_address>0x12306</load_address>
         <run_address>0x12306</run_address>
         <size>0x140</size>
         <input_file_ref idref="fl-b"/>
      </object_component>
      <object_component id="oc-968">
         <name>.text:_initProbe</name>
         <load_address>0x12446</load_address>
         <run_address>0x12446</run_address>
         <size>0x140</size>
         <input_file_ref idref="fl-17"/>
      </object_component>
      <object_component id="oc-a0e">
         <name>.text:privateUCSSourceClockFromDCO</name>
         <load_address>0x12586</load_address>
         <run_address>0x12586</run_address>
         <size>0x110</size>
         <input_file_ref idref="fl-3e"/>
      </object_component>
      <object_component id="oc-586">
         <name>.text:CopyUsbToBuff</name>
         <load_address>0x12696</load_address>
         <run_address>0x12696</run_address>
         <size>0x10a</size>
         <input_file_ref idref="fl-a"/>
      </object_component>
      <object_component id="oc-61d">
         <name>.text:xTaskIncrementTick</name>
         <load_address>0x127a0</load_address>
         <run_address>0x127a0</run_address>
         <size>0x106</size>
         <input_file_ref idref="fl-6"/>
      </object_component>
      <object_component id="oc-bf8">
         <name>.text:USB_InitSerialStringDescriptor</name>
         <load_address>0x128a6</load_address>
         <run_address>0x128a6</run_address>
         <size>0xfe</size>
         <input_file_ref idref="fl-b"/>
      </object_component>
      <object_component id="oc-96e">
         <name>.text:_initTest</name>
         <load_address>0x129a4</load_address>
         <run_address>0x129a4</run_address>
         <size>0xfa</size>
         <input_file_ref idref="fl-17"/>
      </object_component>
      <object_component id="oc-a87">
         <name>.text:ulTaskGenericNotifyTake</name>
         <load_address>0x12a9e</load_address>
         <run_address>0x12a9e</run_address>
         <size>0xfa</size>
         <input_file_ref idref="fl-6"/>
      </object_component>
      <object_component id="oc-a54">
         <name>.text:xTaskResumeAll</name>
         <load_address>0x12b98</load_address>
         <run_address>0x12b98</run_address>
         <size>0xf6</size>
         <input_file_ref idref="fl-6"/>
      </object_component>
      <object_component id="oc-bd9">
         <name>.text:USBCDC_getInterfaceStatus</name>
         <load_address>0x12c8e</load_address>
         <run_address>0x12c8e</run_address>
         <size>0xec</size>
         <input_file_ref idref="fl-a"/>
      </object_component>
      <object_component id="oc-5b0">
         <name>.text:USB_determineFreq</name>
         <load_address>0x12d7a</load_address>
         <run_address>0x12d7a</run_address>
         <size>0xec</size>
         <input_file_ref idref="fl-b"/>
      </object_component>
      <object_component id="oc-980">
         <name>.text:prvInitialiseNewTask</name>
         <load_address>0x12e66</load_address>
         <run_address>0x12e66</run_address>
         <size>0xec</size>
         <input_file_ref idref="fl-6"/>
      </object_component>
      <object_component id="oc-929">
         <name>.text:_alignTask</name>
         <load_address>0x12f52</load_address>
         <run_address>0x12f52</run_address>
         <size>0xe6</size>
         <input_file_ref idref="fl-18"/>
      </object_component>
      <object_component id="oc-8d1">
         <name>.text:privateUCSComputeCLKFrequency</name>
         <load_address>0x13038</load_address>
         <run_address>0x13038</run_address>
         <size>0xe6</size>
         <input_file_ref idref="fl-3e"/>
      </object_component>
      <object_component id="oc-a22">
         <name>.text:UCS_initFLL</name>
         <load_address>0x1311e</load_address>
         <run_address>0x1311e</run_address>
         <size>0xe2</size>
         <input_file_ref idref="fl-3e"/>
      </object_component>
      <object_component id="oc-73a">
         <name>.text:IO_configurePin</name>
         <load_address>0x13200</load_address>
         <run_address>0x13200</run_address>
         <size>0xe0</size>
         <input_file_ref idref="fl-44"/>
      </object_component>
      <object_component id="oc-8de">
         <name>.text:PMM_setVCoreUp</name>
         <load_address>0x132e0</load_address>
         <run_address>0x132e0</run_address>
         <size>0xe0</size>
         <input_file_ref idref="fl-30"/>
      </object_component>
      <object_component id="oc-4c3">
         <name>.text:vTaskGenericNotifyGiveFromISR</name>
         <load_address>0x133c0</load_address>
         <run_address>0x133c0</run_address>
         <size>0xd8</size>
         <input_file_ref idref="fl-6"/>
      </object_component>
      <object_component id="oc-455">
         <name>.text:USBCDC_getBytesInUSBBuffer</name>
         <load_address>0x13498</load_address>
         <run_address>0x13498</run_address>
         <size>0xca</size>
         <input_file_ref idref="fl-a"/>
      </object_component>
      <object_component id="oc-aee">
         <name>.text:_measureSensorTask</name>
         <load_address>0x13562</load_address>
         <run_address>0x13562</run_address>
         <size>0xbc</size>
         <input_file_ref idref="fl-17"/>
      </object_component>
      <object_component id="oc-7c1">
         <name>.text:IF_init</name>
         <load_address>0x1361e</load_address>
         <run_address>0x1361e</run_address>
         <size>0xba</size>
         <input_file_ref idref="fl-1a"/>
      </object_component>
      <object_component id="oc-be6">
         <name>.text:USB_determineXT2Freq</name>
         <load_address>0x136d8</load_address>
         <run_address>0x136d8</run_address>
         <size>0xba</size>
         <input_file_ref idref="fl-b"/>
      </object_component>
      <object_component id="oc-ad2">
         <name>.text:USB_init</name>
         <load_address>0x13792</load_address>
         <run_address>0x13792</run_address>
         <size>0xba</size>
         <input_file_ref idref="fl-b"/>
      </object_component>
      <object_component id="oc-b50">
         <name>.text:xQueueGenericReset</name>
         <load_address>0x1384c</load_address>
         <run_address>0x1384c</run_address>
         <size>0xb6</size>
         <input_file_ref idref="fl-5"/>
      </object_component>
      <object_component id="oc-7e1">
         <name>.text:xTaskCreateStatic</name>
         <load_address>0x13902</load_address>
         <run_address>0x13902</run_address>
         <size>0xb4</size>
         <input_file_ref idref="fl-6"/>
      </object_component>
      <object_component id="oc-821">
         <name>.text:usbGetLineCoding</name>
         <load_address>0x139b6</load_address>
         <run_address>0x139b6</run_address>
         <size>0xb2</size>
         <input_file_ref idref="fl-a"/>
      </object_component>
      <object_component id="oc-6e2">
         <name>.text:xQueueGiveFromISR</name>
         <load_address>0x13a68</load_address>
         <run_address>0x13a68</run_address>
         <size>0xae</size>
         <input_file_ref idref="fl-5"/>
      </object_component>
      <object_component id="oc-a4e">
         <name>.text:prvUnlockQueue</name>
         <load_address>0x13b16</load_address>
         <run_address>0x13b16</run_address>
         <size>0xac</size>
         <input_file_ref idref="fl-5"/>
      </object_component>
      <object_component id="oc-986">
         <name>.text:prvAddNewTaskToReadyList</name>
         <load_address>0x13bc2</load_address>
         <run_address>0x13bc2</run_address>
         <size>0xaa</size>
         <input_file_ref idref="fl-6"/>
      </object_component>
      <object_component id="oc-869">
         <name>.text:usbGetEndpointStatus</name>
         <load_address>0x13c6c</load_address>
         <run_address>0x13c6c</run_address>
         <size>0xa8</size>
         <input_file_ref idref="fl-b"/>
      </object_component>
      <object_component id="oc-b96">
         <name>.text:PWM_start</name>
         <load_address>0x13d14</load_address>
         <run_address>0x13d14</run_address>
         <size>0xa6</size>
         <input_file_ref idref="fl-4b"/>
      </object_component>
      <object_component id="oc-8eb">
         <name>.text:UCS_initClockSignal</name>
         <load_address>0x13dba</load_address>
         <run_address>0x13dba</run_address>
         <size>0xa6</size>
         <input_file_ref idref="fl-3e"/>
      </object_component>
      <object_component id="oc-bdf">
         <name>.text:USBCDC_sendData</name>
         <load_address>0x13e60</load_address>
         <run_address>0x13e60</run_address>
         <size>0xa6</size>
         <input_file_ref idref="fl-a"/>
      </object_component>
      <object_component id="oc-4d0">
         <name>.text</name>
         <load_address>0x13f06</load_address>
         <run_address>0x13f06</run_address>
         <size>0xa6</size>
         <input_file_ref idref="fl-9"/>
      </object_component>
      <object_component id="oc-902">
         <name>.text:xQueueGenericCreateStatic</name>
         <load_address>0x13fac</load_address>
         <run_address>0x13fac</run_address>
         <size>0xa4</size>
         <input_file_ref idref="fl-5"/>
      </object_component>
      <object_component id="oc-8e4">
         <name>.text:PMM_setVCoreDown</name>
         <load_address>0x14050</load_address>
         <run_address>0x14050</run_address>
         <size>0xa2</size>
         <input_file_ref idref="fl-30"/>
      </object_component>
      <object_component id="oc-642">
         <name>.text:vTaskStartScheduler</name>
         <load_address>0x140f2</load_address>
         <run_address>0x140f2</run_address>
         <size>0xa2</size>
         <input_file_ref idref="fl-6"/>
      </object_component>
      <object_component id="oc-839">
         <name>.text:usbClearEndpointFeature</name>
         <load_address>0x14194</load_address>
         <run_address>0x14194</run_address>
         <size>0x9c</size>
         <input_file_ref idref="fl-b"/>
      </object_component>
      <object_component id="oc-a48">
         <name>.text:xTaskCheckForTimeOut</name>
         <load_address>0x14230</load_address>
         <run_address>0x14230</run_address>
         <size>0x9a</size>
         <input_file_ref idref="fl-6"/>
      </object_component>
      <object_component id="oc-532">
         <name>.text:usbDecodeAndProcessUsbRequest</name>
         <load_address>0x142ca</load_address>
         <run_address>0x142ca</run_address>
         <size>0x90</size>
         <input_file_ref idref="fl-b"/>
      </object_component>
      <object_component id="oc-5d9">
         <name>.text:usbSendNextPacketOnIEP0</name>
         <load_address>0x1435a</load_address>
         <run_address>0x1435a</run_address>
         <size>0x8e</size>
         <input_file_ref idref="fl-b"/>
      </object_component>
      <object_component id="oc-898">
         <name>.text:xTaskRemoveFromEventList</name>
         <load_address>0x143e8</load_address>
         <run_address>0x143e8</run_address>
         <size>0x8e</size>
         <input_file_ref idref="fl-6"/>
      </object_component>
      <object_component id="oc-5d2">
         <name>.text:Handler_SetLineCoding</name>
         <load_address>0x14476</load_address>
         <run_address>0x14476</run_address>
         <size>0x88</size>
         <input_file_ref idref="fl-a"/>
      </object_component>
      <object_component id="oc-623">
         <name>.text:vTaskSwitchContext</name>
         <load_address>0x144fe</load_address>
         <run_address>0x144fe</run_address>
         <size>0x88</size>
         <input_file_ref idref="fl-6"/>
      </object_component>
      <object_component id="oc-48e">
         <name>.text:PWRVBUSoffHandler</name>
         <load_address>0x14586</load_address>
         <run_address>0x14586</run_address>
         <size>0x86</size>
         <input_file_ref idref="fl-15"/>
      </object_component>
      <object_component id="oc-cb9">
         <name>.text:DMA_init</name>
         <load_address>0x1460c</load_address>
         <run_address>0x1460c</run_address>
         <size>0x82</size>
         <input_file_ref idref="fl-23"/>
      </object_component>
      <object_component id="oc-ac0">
         <name>.text:_callCommand</name>
         <load_address>0x1468e</load_address>
         <run_address>0x1468e</run_address>
         <size>0x82</size>
         <input_file_ref idref="fl-1a"/>
      </object_component>
      <object_component id="oc-5f2">
         <name>.text:_assert_failure</name>
         <load_address>0x14710</load_address>
         <run_address>0x14710</run_address>
         <size>0x80</size>
         <input_file_ref idref="fl-19"/>
      </object_component>
      <object_component id="oc-a66">
         <name>.text:prvCopyDataToQueue</name>
         <load_address>0x14790</load_address>
         <run_address>0x14790</run_address>
         <size>0x80</size>
         <input_file_ref idref="fl-5"/>
      </object_component>
      <object_component id="oc-91c">
         <name>.text:_turnMotorStepsTask</name>
         <load_address>0x14810</load_address>
         <run_address>0x14810</run_address>
         <size>0x7c</size>
         <input_file_ref idref="fl-18"/>
      </object_component>
      <object_component id="oc-6d">
         <name>.text:decompress:lzss:__TI_decompress_lzss</name>
         <load_address>0x1488c</load_address>
         <run_address>0x1488c</run_address>
         <size>0x76</size>
         <input_file_ref idref="fl-92"/>
      </object_component>
      <object_component id="oc-49a">
         <name>.text:PWRVBUSonHandler</name>
         <load_address>0x14902</load_address>
         <run_address>0x14902</run_address>
         <size>0x74</size>
         <input_file_ref idref="fl-15"/>
      </object_component>
      <object_component id="oc-78b">
         <name>.text:TB_configureCtl</name>
         <load_address>0x14976</load_address>
         <run_address>0x14976</run_address>
         <size>0x74</size>
         <input_file_ref idref="fl-47"/>
      </object_component>
      <object_component id="oc-636">
         <name>.text:init</name>
         <load_address>0x149ea</load_address>
         <run_address>0x149ea</run_address>
         <size>0x74</size>
         <input_file_ref idref="fl-3"/>
      </object_component>
      <object_component id="oc-b6a">
         <name>.text:prvAddCurrentTaskToDelayedList</name>
         <load_address>0x14a5e</load_address>
         <run_address>0x14a5e</run_address>
         <size>0x74</size>
         <input_file_ref idref="fl-6"/>
      </object_component>
      <object_component id="oc-629">
         <name>.text:vPortSetupTimerInterrupt</name>
         <load_address>0x14ad2</load_address>
         <run_address>0x14ad2</run_address>
         <size>0x74</size>
         <input_file_ref idref="fl-8"/>
      </object_component>
      <object_component id="oc-acb">
         <name>.text:USBCDC_sendDataInBackground</name>
         <load_address>0x14b46</load_address>
         <run_address>0x14b46</run_address>
         <size>0x6e</size>
         <input_file_ref idref="fl-13"/>
      </object_component>
      <object_component id="oc-b0a">
         <name>.text:_laserControlTask</name>
         <load_address>0x14bb4</load_address>
         <run_address>0x14bb4</run_address>
         <size>0x64</size>
         <input_file_ref idref="fl-17"/>
      </object_component>
      <object_component id="oc-cbf">
         <name>.text:memcpyDMA</name>
         <load_address>0x14c18</load_address>
         <run_address>0x14c18</run_address>
         <size>0x64</size>
         <input_file_ref idref="fl-c"/>
      </object_component>
      <object_component id="oc-851">
         <name>.text:usbGetStringDescriptor</name>
         <load_address>0x14c7c</load_address>
         <run_address>0x14c7c</run_address>
         <size>0x60</size>
         <input_file_ref idref="fl-b"/>
      </object_component>
      <object_component id="oc-5cc">
         <name>.text:usbReceiveNextPacketOnOEP0</name>
         <load_address>0x14cdc</load_address>
         <run_address>0x14cdc</run_address>
         <size>0x60</size>
         <input_file_ref idref="fl-b"/>
      </object_component>
      <object_component id="oc-bfe">
         <name>.text:USB_initMemcpy</name>
         <load_address>0x14d3c</load_address>
         <run_address>0x14d3c</run_address>
         <size>0x5c</size>
         <input_file_ref idref="fl-c"/>
      </object_component>
      <object_component id="oc-bae">
         <name>.text:_doneHandlerRv</name>
         <load_address>0x14d98</load_address>
         <run_address>0x14d98</run_address>
         <size>0x5c</size>
         <input_file_ref idref="fl-1a"/>
      </object_component>
      <object_component id="oc-b25">
         <name>.text:prvInitialiseTaskLists</name>
         <load_address>0x14df4</load_address>
         <run_address>0x14df4</run_address>
         <size>0x5c</size>
         <input_file_ref idref="fl-6"/>
      </object_component>
      <object_component id="oc-aaa">
         <name>.text:PWM_stop</name>
         <load_address>0x14e50</load_address>
         <run_address>0x14e50</run_address>
         <size>0x58</size>
         <input_file_ref idref="fl-4b"/>
      </object_component>
      <object_component id="oc-449">
         <name>.text:SetupPacketInterruptHandler</name>
         <load_address>0x14ea8</load_address>
         <run_address>0x14ea8</run_address>
         <size>0x58</size>
         <input_file_ref idref="fl-15"/>
      </object_component>
      <object_component id="oc-786">
         <name>.text</name>
         <load_address>0x14f00</load_address>
         <run_address>0x14f00</run_address>
         <size>0x58</size>
         <input_file_ref idref="fl-70"/>
      </object_component>
      <object_component id="oc-93a">
         <name>.text:IO_attachInterrupt</name>
         <load_address>0x14f58</load_address>
         <run_address>0x14f58</run_address>
         <size>0x56</size>
         <input_file_ref idref="fl-49"/>
      </object_component>
      <object_component id="oc-aba">
         <name>.text:USBCDC_receiveDataInBuffer</name>
         <load_address>0x14fae</load_address>
         <run_address>0x14fae</run_address>
         <size>0x56</size>
         <input_file_ref idref="fl-13"/>
      </object_component>
      <object_component id="oc-a81">
         <name>.text:_startTurnSteps</name>
         <load_address>0x15004</load_address>
         <run_address>0x15004</run_address>
         <size>0x56</size>
         <input_file_ref idref="fl-18"/>
      </object_component>
      <object_component id="oc-66e">
         <name>.text:__TI_auto_init_nobinit_nopinit_hold_wdt:__TI_auto_init_nobinit_nopinit_hold_wdt</name>
         <load_address>0x1505a</load_address>
         <run_address>0x1505a</run_address>
         <size>0x54</size>
         <input_file_ref idref="fl-8b"/>
      </object_component>
      <object_component id="oc-7c7">
         <name>.text:CA_init</name>
         <load_address>0x150ae</load_address>
         <run_address>0x150ae</run_address>
         <size>0x52</size>
         <input_file_ref idref="fl-17"/>
      </object_component>
      <object_component id="oc-7a3">
         <name>.text:PMM_setVCore</name>
         <load_address>0x15100</load_address>
         <run_address>0x15100</run_address>
         <size>0x52</size>
         <input_file_ref idref="fl-30"/>
      </object_component>
      <object_component id="oc-979">
         <name>.text:prvCheckTasksWaitingTermination</name>
         <load_address>0x15152</load_address>
         <run_address>0x15152</run_address>
         <size>0x52</size>
         <input_file_ref idref="fl-6"/>
      </object_component>
      <object_component id="oc-881">
         <name>.text:usbSetEndpointFeature</name>
         <load_address>0x151a4</load_address>
         <run_address>0x151a4</run_address>
         <size>0x52</size>
         <input_file_ref idref="fl-b"/>
      </object_component>
      <object_component id="oc-afa">
         <name>.text:ADC12_A_init</name>
         <load_address>0x151f6</load_address>
         <run_address>0x151f6</run_address>
         <size>0x50</size>
         <input_file_ref idref="fl-1c"/>
      </object_component>
      <object_component id="oc-c71">
         <name>.text:TA_configureCtl</name>
         <load_address>0x15246</load_address>
         <run_address>0x15246</run_address>
         <size>0x50</size>
         <input_file_ref idref="fl-46"/>
      </object_component>
      <object_component id="oc-ca9">
         <name>.text:TLV_getInfo</name>
         <load_address>0x15296</load_address>
         <run_address>0x15296</run_address>
         <size>0x50</size>
         <input_file_ref idref="fl-3d"/>
      </object_component>
      <object_component id="oc-c68">
         <name>.text:TA_reset</name>
         <load_address>0x152e6</load_address>
         <run_address>0x152e6</run_address>
         <size>0x4e</size>
         <input_file_ref idref="fl-46"/>
      </object_component>
      <object_component id="oc-775">
         <name>.text:TB_reset</name>
         <load_address>0x15334</load_address>
         <run_address>0x15334</run_address>
         <size>0x4e</size>
         <input_file_ref idref="fl-47"/>
      </object_component>
      <object_component id="oc-bc0">
         <name>.text:CA_writeLaser</name>
         <load_address>0x15382</load_address>
         <run_address>0x15382</run_address>
         <size>0x4c</size>
         <input_file_ref idref="fl-17"/>
      </object_component>
      <object_component id="oc-aa1">
         <name>.text:_startTurn</name>
         <load_address>0x153ce</load_address>
         <run_address>0x153ce</run_address>
         <size>0x4c</size>
         <input_file_ref idref="fl-18"/>
      </object_component>
      <object_component id="oc-bb4">
         <name>.text:CA_measureSensor</name>
         <load_address>0x1541a</load_address>
         <run_address>0x1541a</run_address>
         <size>0x44</size>
         <input_file_ref idref="fl-17"/>
      </object_component>
      <object_component id="oc-4b2">
         <name>.text:OEP0InterruptHandler</name>
         <load_address>0x1545e</load_address>
         <run_address>0x1545e</run_address>
         <size>0x44</size>
         <input_file_ref idref="fl-15"/>
      </object_component>
      <object_component id="oc-bec">
         <name>.text:USB_lookUpPll</name>
         <load_address>0x154a2</load_address>
         <run_address>0x154a2</run_address>
         <size>0x42</size>
         <input_file_ref idref="fl-b"/>
      </object_component>
      <object_component id="oc-c26">
         <name>.text:ADC12_A_disableInterrupt</name>
         <load_address>0x154e4</load_address>
         <run_address>0x154e4</run_address>
         <size>0x40</size>
         <input_file_ref idref="fl-1c"/>
      </object_component>
      <object_component id="oc-c1a">
         <name>.text:ADC12_A_enableInterrupt</name>
         <load_address>0x15524</load_address>
         <run_address>0x15524</run_address>
         <size>0x40</size>
         <input_file_ref idref="fl-1c"/>
      </object_component>
      <object_component id="oc-5a8">
         <name>.text:CdcResetData</name>
         <load_address>0x15564</load_address>
         <run_address>0x15564</run_address>
         <size>0x40</size>
         <input_file_ref idref="fl-a"/>
      </object_component>
      <object_component id="oc-a14">
         <name>.text</name>
         <load_address>0x155a4</load_address>
         <run_address>0x155a4</run_address>
         <size>0x40</size>
         <input_file_ref idref="fl-6f"/>
      </object_component>
      <object_component id="oc-b64">
         <name>.text:vListInsert</name>
         <load_address>0x155e4</load_address>
         <run_address>0x155e4</run_address>
         <size>0x40</size>
         <input_file_ref idref="fl-4"/>
      </object_component>
      <object_component id="oc-7a9">
         <name>.text:USBHAL_initClocks</name>
         <load_address>0x15624</load_address>
         <run_address>0x15624</run_address>
         <size>0x3e</size>
         <input_file_ref idref="fl-2"/>
      </object_component>
      <object_component id="oc-476">
         <name>.text:USB_suspend</name>
         <load_address>0x15662</load_address>
         <run_address>0x15662</run_address>
         <size>0x3e</size>
         <input_file_ref idref="fl-b"/>
      </object_component>
      <object_component id="oc-728">
         <name>.text:l_lsl_const</name>
         <load_address>0x156a0</load_address>
         <run_address>0x156a0</run_address>
         <size>0x3e</size>
         <input_file_ref idref="fl-80"/>
      </object_component>
      <object_component id="oc-781">
         <name>.text:l_lsr_const</name>
         <load_address>0x156de</load_address>
         <run_address>0x156de</run_address>
         <size>0x3e</size>
         <input_file_ref idref="fl-82"/>
      </object_component>
      <object_component id="oc-6f2">
         <name>.text:UCS_turnOnXT2WithTimeout</name>
         <load_address>0x1571c</load_address>
         <run_address>0x1571c</run_address>
         <size>0x3a</size>
         <input_file_ref idref="fl-3e"/>
      </object_component>
      <object_component id="oc-95e">
         <name>.text:USB_setup</name>
         <load_address>0x15756</load_address>
         <run_address>0x15756</run_address>
         <size>0x3a</size>
         <input_file_ref idref="fl-b"/>
      </object_component>
      <object_component id="oc-5fb">
         <name>.text:uxListRemove</name>
         <load_address>0x15790</load_address>
         <run_address>0x15790</run_address>
         <size>0x3a</size>
         <input_file_ref idref="fl-4"/>
      </object_component>
      <object_component id="oc-ade">
         <name>.text:USB_getConnectionInformation</name>
         <load_address>0x157ca</load_address>
         <run_address>0x157ca</run_address>
         <size>0x38</size>
         <input_file_ref idref="fl-b"/>
      </object_component>
      <object_component id="oc-bcc">
         <name>.text:CM_turnMotorSteps</name>
         <load_address>0x15802</load_address>
         <run_address>0x15802</run_address>
         <size>0x36</size>
         <input_file_ref idref="fl-18"/>
      </object_component>
      <object_component id="oc-8f1">
         <name>.text:UCS_initFLLSettle</name>
         <load_address>0x15838</load_address>
         <run_address>0x15838</run_address>
         <size>0x36</size>
         <input_file_ref idref="fl-3e"/>
      </object_component>
      <object_component id="oc-a7b">
         <name>.text:_enableMotor</name>
         <load_address>0x1586e</load_address>
         <run_address>0x1586e</run_address>
         <size>0x36</size>
         <input_file_ref idref="fl-18"/>
      </object_component>
      <object_component id="oc-a60">
         <name>.text:vTaskPlaceOnEventList</name>
         <load_address>0x158a4</load_address>
         <run_address>0x158a4</run_address>
         <size>0x36</size>
         <input_file_ref idref="fl-6"/>
      </object_component>
      <object_component id="oc-a5a">
         <name>.text:prvIsQueueFull</name>
         <load_address>0x158da</load_address>
         <run_address>0x158da</run_address>
         <size>0x34</size>
         <input_file_ref idref="fl-5"/>
      </object_component>
      <object_component id="oc-85d">
         <name>.text:usbGetDeviceStatus</name>
         <load_address>0x1590e</load_address>
         <run_address>0x1590e</run_address>
         <size>0x34</size>
         <input_file_ref idref="fl-b"/>
      </object_component>
      <object_component id="oc-c20">
         <name>.text:ADC12_A_startConversion</name>
         <load_address>0x15942</load_address>
         <run_address>0x15942</run_address>
         <size>0x32</size>
         <input_file_ref idref="fl-1c"/>
      </object_component>
      <object_component id="oc-7b5">
         <name>.text:LEDI_init</name>
         <load_address>0x15974</load_address>
         <run_address>0x15974</run_address>
         <size>0x32</size>
         <input_file_ref idref="fl-4a"/>
      </object_component>
      <object_component id="oc-b78">
         <name>.text:prvCopyDataFromQueue</name>
         <load_address>0x159a6</load_address>
         <run_address>0x159a6</run_address>
         <size>0x32</size>
         <input_file_ref idref="fl-5"/>
      </object_component>
      <object_component id="oc-b72">
         <name>.text:prvIsQueueEmpty</name>
         <load_address>0x159d8</load_address>
         <run_address>0x159d8</run_address>
         <size>0x32</size>
         <input_file_ref idref="fl-5"/>
      </object_component>
      <object_component id="oc-cf9">
         <name>.text:DMA_setDstAddress</name>
         <load_address>0x15a0a</load_address>
         <run_address>0x15a0a</run_address>
         <size>0x30</size>
         <input_file_ref idref="fl-23"/>
      </object_component>
      <object_component id="oc-cf3">
         <name>.text:DMA_setSrcAddress</name>
         <load_address>0x15a3a</load_address>
         <run_address>0x15a3a</run_address>
         <size>0x2e</size>
         <input_file_ref idref="fl-23"/>
      </object_component>
      <object_component id="oc-4d6">
         <name>.text:USB_disable</name>
         <load_address>0x15a68</load_address>
         <run_address>0x15a68</run_address>
         <size>0x2e</size>
         <input_file_ref idref="fl-b"/>
      </object_component>
      <object_component id="oc-875">
         <name>.text:usbSetConfiguration</name>
         <load_address>0x15a96</load_address>
         <run_address>0x15a96</run_address>
         <size>0x2e</size>
         <input_file_ref idref="fl-b"/>
      </object_component>
      <object_component id="oc-a19">
         <name>.text</name>
         <load_address>0x15ac4</load_address>
         <run_address>0x15ac4</run_address>
         <size>0x2c</size>
         <input_file_ref idref="fl-6d"/>
      </object_component>
      <object_component id="oc-9b9">
         <name>.text:usbSendDataPacketOnEP0</name>
         <load_address>0x15af0</load_address>
         <run_address>0x15af0</run_address>
         <size>0x2c</size>
         <input_file_ref idref="fl-b"/>
      </object_component>
      <object_component id="oc-6ec">
         <name>.text:GPIO_setAsPeripheralModuleFunctionOutputPin</name>
         <load_address>0x15b1c</load_address>
         <run_address>0x15b1c</run_address>
         <size>0x28</size>
         <input_file_ref idref="fl-29"/>
      </object_component>
      <object_component id="oc-c98">
         <name>.text:usbDisableInEndpointInterrupt</name>
         <load_address>0x15b44</load_address>
         <run_address>0x15b44</run_address>
         <size>0x28</size>
         <input_file_ref idref="fl-b"/>
      </object_component>
      <object_component id="oc-54f">
         <name>.text:usbDisableOutEndpointInterrupt</name>
         <load_address>0x15b6c</load_address>
         <run_address>0x15b6c</run_address>
         <size>0x28</size>
         <input_file_ref idref="fl-b"/>
      </object_component>
      <object_component id="oc-c49">
         <name>.text:vListInitialise</name>
         <load_address>0x15b94</load_address>
         <run_address>0x15b94</run_address>
         <size>0x28</size>
         <input_file_ref idref="fl-4"/>
      </object_component>
      <object_component id="oc-b03">
         <name>.text:ADC12_A_configureMemory</name>
         <load_address>0x15bbc</load_address>
         <run_address>0x15bbc</run_address>
         <size>0x26</size>
         <input_file_ref idref="fl-1c"/>
      </object_component>
      <object_component id="oc-c14">
         <name>.text:ADC12_A_setupSamplingTimer</name>
         <load_address>0x15be2</load_address>
         <run_address>0x15be2</run_address>
         <size>0x26</size>
         <input_file_ref idref="fl-1c"/>
      </object_component>
      <object_component id="oc-bc6">
         <name>.text:CM_align</name>
         <load_address>0x15c08</load_address>
         <run_address>0x15c08</run_address>
         <size>0x26</size>
         <input_file_ref idref="fl-18"/>
      </object_component>
      <object_component id="oc-604">
         <name>.text:vListInsertEnd</name>
         <load_address>0x15c2e</load_address>
         <run_address>0x15c2e</run_address>
         <size>0x26</size>
         <input_file_ref idref="fl-4"/>
      </object_component>
      <object_component id="oc-4b8">
         <name>.text:IEP0InterruptHandler</name>
         <load_address>0x15c54</load_address>
         <run_address>0x15c54</run_address>
         <size>0x24</size>
         <input_file_ref idref="fl-15"/>
      </object_component>
      <object_component id="oc-3ea">
         <name>.text:decompress:ZI:__TI_zero_init</name>
         <load_address>0x15c78</load_address>
         <run_address>0x15c78</run_address>
         <size>0x24</size>
         <input_file_ref idref="fl-8c"/>
      </object_component>
      <object_component id="oc-b1e">
         <name>.text:pxPortInitialiseStack</name>
         <load_address>0x15c9c</load_address>
         <run_address>0x15c9c</run_address>
         <size>0x24</size>
         <input_file_ref idref="fl-8"/>
      </object_component>
      <object_component id="oc-ac6">
         <name>.text</name>
         <load_address>0x15cc0</load_address>
         <run_address>0x15cc0</run_address>
         <size>0x24</size>
         <input_file_ref idref="fl-87"/>
      </object_component>
      <object_component id="oc-857">
         <name>.text:usbGetInterface</name>
         <load_address>0x15ce4</load_address>
         <run_address>0x15ce4</run_address>
         <size>0x24</size>
         <input_file_ref idref="fl-b"/>
      </object_component>
      <object_component id="oc-863">
         <name>.text:usbGetInterfaceStatus</name>
         <load_address>0x15d08</load_address>
         <run_address>0x15d08</run_address>
         <size>0x24</size>
         <input_file_ref idref="fl-b"/>
      </object_component>
      <object_component id="oc-86f">
         <name>.text:usbSetAddress</name>
         <load_address>0x15d2c</load_address>
         <run_address>0x15d2c</run_address>
         <size>0x24</size>
         <input_file_ref idref="fl-b"/>
      </object_component>
      <object_component id="oc-7af">
         <name>.text:IO_reset</name>
         <load_address>0x15d50</load_address>
         <run_address>0x15d50</run_address>
         <size>0x22</size>
         <input_file_ref idref="fl-44"/>
      </object_component>
      <object_component id="oc-5b9">
         <name>.text:USB_connect</name>
         <load_address>0x15d72</load_address>
         <run_address>0x15d72</run_address>
         <size>0x22</size>
         <input_file_ref idref="fl-b"/>
      </object_component>
      <object_component id="oc-cb3">
         <name>.text:memcpyV</name>
         <load_address>0x15d94</load_address>
         <run_address>0x15d94</run_address>
         <size>0x22</size>
[...]
         <value>0x161d0</value>
         <object_component_ref idref="oc-c0e"/>
      </symbol>
      <symbol id="sm-dac">
         <name>ADC12_A_clearInterrupt</name>
         <value>0x16170</value>
         <object_component_ref idref="oc-4c9"/>
      </symbol>
      <symbol id="sm-dad">
         <name>ADC12_A_setupSamplingTimer</name>
         <value>0x15be2</value>
         <object_component_ref idref="oc-c14"/>
      </symbol>
      <symbol id="sm-dae">
         <name>ADC12_A_disable</name>
         <value>0x161c8</value>
         <object_component_ref idref="oc-c2c"/>
      </symbol>
      <symbol id="sm-daf">
         <name>ADC12_A_configureMemory</name>
         <value>0x15bbc</value>
         <object_component_ref idref="oc-b03"/>
      </symbol>
      <symbol id="sm-db0">
         <name>ADC12_A_enableInterrupt</name>
         <value>0x15524</value>
         <object_component_ref idref="oc-c1a"/>
      </symbol>
      <symbol id="sm-e03">
         <name>DMA_setSrcAddress</name>
         <value>0x15a3a</value>
         <object_component_ref idref="oc-cf3"/>
      </symbol>
      <symbol id="sm-e04">
         <name>DMA_disableTransferDuringReadModifyWrite</name>
         <value>0x16230</value>
         <object_component_ref idref="oc-ced"/>
      </symbol>
      <symbol id="sm-e05">
         <name>DMA_setDstAddress</name>
         <value>0x15a0a</value>
         <object_component_ref idref="oc-cf9"/>
      </symbol>
      <symbol id="sm-e06">
         <name>DMA_enableTransfers</name>
         <value>0x1610a</value>
         <object_component_ref idref="oc-d0b"/>
      </symbol>
      <symbol id="sm-e07">
         <name>DMA_disableTransfers</name>
         <value>0x160fa</value>
         <object_component_ref idref="oc-d1d"/>
      </symbol>
      <symbol id="sm-e08">
         <name>DMA_startTransfer</name>
         <value>0x16138</value>
         <object_component_ref idref="oc-d11"/>
      </symbol>
      <symbol id="sm-e09">
         <name>DMA_setTransferSize</name>
         <value>0x1617c</value>
         <object_component_ref idref="oc-d05"/>
      </symbol>
      <symbol id="sm-e0a">
         <name>DMA_getInterruptStatus</name>
         <value>0x1612a</value>
         <object_component_ref idref="oc-d17"/>
      </symbol>
      <symbol id="sm-e0b">
         <name>DMA_enableTransferDuringReadModifyWrite</name>
         <value>0x16236</value>
         <object_component_ref idref="oc-cff"/>
      </symbol>
      <symbol id="sm-e0c">
         <name>DMA_init</name>
         <value>0x1460c</value>
         <object_component_ref idref="oc-cb9"/>
      </symbol>
      <symbol id="sm-e24">
         <name>GPIO_setAsPeripheralModuleFunctionOutputPin</name>
         <value>0x15b1c</value>
         <object_component_ref idref="oc-6ec"/>
      </symbol>
      <symbol id="sm-e51">
         <name>PMM_setVCore</name>
         <value>0x15100</value>
         <object_component_ref idref="oc-7a3"/>
      </symbol>
      <symbol id="sm-e52">
         <name>PMM_setVCoreDown</name>
         <value>0x14050</value>
         <object_component_ref idref="oc-8e4"/>
      </symbol>
      <symbol id="sm-e53">
         <name>PMM_setVCoreUp</name>
         <value>0x132e0</value>
         <object_component_ref idref="oc-8de"/>
      </symbol>
      <symbol id="sm-e62">
         <name>SFR_clearInterrupt</name>
         <value>0x1623c</value>
         <object_component_ref idref="oc-4e2"/>
      </symbol>
      <symbol id="sm-e7a">
         <name>TLV_getInfo</name>
         <value>0x15296</value>
         <object_component_ref idref="oc-ca9"/>
      </symbol>
      <symbol id="sm-efd">
         <name>UCS_initClockSignal</name>
         <value>0x13dba</value>
         <object_component_ref idref="oc-8eb"/>
      </symbol>
      <symbol id="sm-efe">
         <name>UCS_initFLLSettle</name>
         <value>0x15838</value>
         <object_component_ref idref="oc-8f1"/>
      </symbol>
      <symbol id="sm-eff">
         <name>UCS_clearFaultFlag</name>
         <value>0x16242</value>
         <object_component_ref idref="oc-4dc"/>
      </symbol>
      <symbol id="sm-f00">
         <name>UCS_initFLL</name>
         <value>0x1311e</value>
         <object_component_ref idref="oc-a22"/>
      </symbol>
      <symbol id="sm-f01">
         <name>UCS_turnOffXT2</name>
         <value>0x161d8</value>
         <object_component_ref idref="oc-59b"/>
      </symbol>
      <symbol id="sm-f02">
         <name>UCS_getSMCLK</name>
         <value>0x15ee2</value>
         <object_component_ref idref="oc-c62"/>
      </symbol>
      <symbol id="sm-f03">
         <name>UCS_turnOnXT2WithTimeout</name>
         <value>0x1571c</value>
         <object_component_ref idref="oc-6f2"/>
      </symbol>
      <symbol id="sm-f04">
         <name>UCS_getACLK</name>
         <value>0x15e38</value>
         <object_component_ref idref="oc-77b"/>
      </symbol>
      <symbol id="sm-f11">
         <name>WDT_A_hold</name>
         <value>0x15dd8</value>
         <object_component_ref idref="oc-79d"/>
      </symbol>
      <symbol id="sm-f32">
         <name>IO_reset</name>
         <value>0x15d50</value>
         <object_component_ref idref="oc-7af"/>
      </symbol>
      <symbol id="sm-f33">
         <name>IO_configurePin</name>
         <value>0x13200</value>
         <object_component_ref idref="oc-73a"/>
      </symbol>
      <symbol id="sm-f60">
         <name>TA_configureCtl</name>
         <value>0x15246</value>
         <object_component_ref idref="oc-c71"/>
      </symbol>
      <symbol id="sm-f61">
         <name>TA_reset</name>
         <value>0x152e6</value>
         <object_component_ref idref="oc-c68"/>
      </symbol>
      <symbol id="sm-f62">
         <name>TA_configureCctl</name>
         <value>0x12030</value>
         <object_component_ref idref="oc-c7a"/>
      </symbol>
      <symbol id="sm-fd3">
         <name>TB_configureCtl</name>
         <value>0x14976</value>
         <object_component_ref idref="oc-78b"/>
      </symbol>
      <symbol id="sm-fd4">
         <name>TB_reset</name>
         <value>0x15334</value>
         <object_component_ref idref="oc-775"/>
      </symbol>
      <symbol id="sm-fd5">
         <name>TB_configureCctl</name>
         <value>0x11eac</value>
         <object_component_ref idref="oc-791"/>
      </symbol>
      <symbol id="sm-fd6">
         <name>TB_unitTest</name>
         <value>0x10000</value>
         <object_component_ref idref="oc-7ce"/>
      </symbol>
      <symbol id="sm-1018">
         <name>p2_IRQHandler</name>
         <value>0x459a</value>
         <object_component_ref idref="oc-3ae"/>
      </symbol>
      <symbol id="sm-1019">
         <name>__TI_int47</name>
         <value>0xffde</value>
         <object_component_ref idref="oc-7f"/>
      </symbol>
      <symbol id="sm-101a">
         <name>__TI_int42</name>
         <value>0xffd4</value>
         <object_component_ref idref="oc-7a"/>
      </symbol>
      <symbol id="sm-101b">
         <name>IO_attachInterrupt</name>
         <value>0x14f58</value>
         <object_component_ref idref="oc-93a"/>
      </symbol>
      <symbol id="sm-101c">
         <name>p1_IRQHandler</name>
         <value>0x45da</value>
         <object_component_ref idref="oc-3ba"/>
      </symbol>
      <symbol id="sm-102e">
         <name>LEDI_init</name>
         <value>0x15974</value>
         <object_component_ref idref="oc-7b5"/>
      </symbol>
      <symbol id="sm-10af">
         <name>ta0IRQHandler</name>
         <value>0x4612</value>
         <object_component_ref idref="oc-3cc"/>
      </symbol>
      <symbol id="sm-10b0">
         <name>ta1IRQHandler</name>
         <value>0x463e</value>
         <object_component_ref idref="oc-3c0"/>
      </symbol>
      <symbol id="sm-10b1">
         <name>ta2IRQHandler</name>
         <value>0x466a</value>
         <object_component_ref idref="oc-3b4"/>
      </symbol>
      <symbol id="sm-10b2">
         <name>__TI_int49</name>
         <value>0xffe2</value>
         <object_component_ref idref="oc-81"/>
      </symbol>
      <symbol id="sm-10b3">
         <name>__TI_int44</name>
         <value>0xffd8</value>
         <object_component_ref idref="oc-7c"/>
      </symbol>
      <symbol id="sm-10b4">
         <name>PWM_configure</name>
         <value>0x1180e</value>
         <object_component_ref idref="oc-b84"/>
      </symbol>
      <symbol id="sm-10b5">
         <name>__TI_int53</name>
         <value>0xffea</value>
         <object_component_ref idref="oc-85"/>
      </symbol>
      <symbol id="sm-10b6">
         <name>PWM_start</name>
         <value>0x13d14</value>
         <object_component_ref idref="oc-b96"/>
      </symbol>
      <symbol id="sm-10b7">
         <name>PWM_stop</name>
         <value>0x14e50</value>
         <object_component_ref idref="oc-aaa"/>
      </symbol>
      <symbol id="sm-10c3">
         <name>__mspabi_remi</name>
         <value>0x15ac4</value>
         <object_component_ref idref="oc-a19"/>
      </symbol>
      <symbol id="sm-10c4">
         <name>__mspabi_divi</name>
         <value>0x15ac4</value>
         <object_component_ref idref="oc-a19"/>
      </symbol>
      <symbol id="sm-10ce">
         <name>__mspabi_remu</name>
         <value>0x15fec</value>
         <object_component_ref idref="oc-706"/>
      </symbol>
      <symbol id="sm-10cf">
         <name>__mspabi_divu</name>
         <value>0x15fec</value>
         <object_component_ref idref="oc-706"/>
      </symbol>
      <symbol id="sm-10db">
         <name>__mspabi_remli</name>
         <value>0x155a4</value>
         <object_component_ref idref="oc-a14"/>
      </symbol>
      <symbol id="sm-10dc">
         <name>__mspabi_divli</name>
         <value>0x155a4</value>
         <object_component_ref idref="oc-a14"/>
      </symbol>
      <symbol id="sm-10ea">
         <name>__mspabi_remul</name>
         <value>0x14f00</value>
         <object_component_ref idref="oc-786"/>
      </symbol>
      <symbol id="sm-10eb">
         <name>__mspabi_divul</name>
         <value>0x14f00</value>
         <object_component_ref idref="oc-786"/>
      </symbol>
      <symbol id="sm-10ee">
         <name>__TI_int41</name>
         <value>0xffd2</value>
         <object_component_ref idref="oc-79"/>
      </symbol>
      <symbol id="sm-10f1">
         <name>__TI_int43</name>
         <value>0xffd6</value>
         <object_component_ref idref="oc-7b"/>
      </symbol>
      <symbol id="sm-10f4">
         <name>__TI_int45</name>
         <value>0xffda</value>
         <object_component_ref idref="oc-7d"/>
      </symbol>
      <symbol id="sm-10f7">
         <name>__TI_int46</name>
         <value>0xffdc</value>
         <object_component_ref idref="oc-7e"/>
      </symbol>
      <symbol id="sm-10fa">
         <name>__TI_int48</name>
         <value>0xffe0</value>
         <object_component_ref idref="oc-80"/>
      </symbol>
      <symbol id="sm-10fd">
         <name>__TI_int50</name>
         <value>0xffe4</value>
         <object_component_ref idref="oc-82"/>
      </symbol>
      <symbol id="sm-1100">
         <name>__TI_int52</name>
         <value>0xffe8</value>
         <object_component_ref idref="oc-84"/>
      </symbol>
      <symbol id="sm-1103">
         <name>__TI_int55</name>
         <value>0xffee</value>
         <object_component_ref idref="oc-87"/>
      </symbol>
      <symbol id="sm-1106">
         <name>__TI_int56</name>
         <value>0xfff0</value>
         <object_component_ref idref="oc-88"/>
      </symbol>
      <symbol id="sm-1109">
         <name>__TI_int57</name>
         <value>0xfff2</value>
         <object_component_ref idref="oc-89"/>
      </symbol>
      <symbol id="sm-110c">
         <name>__TI_int58</name>
         <value>0xfff4</value>
         <object_component_ref idref="oc-8a"/>
      </symbol>
      <symbol id="sm-110f">
         <name>__TI_int60</name>
         <value>0xfff8</value>
         <object_component_ref idref="oc-8c"/>
      </symbol>
      <symbol id="sm-1112">
         <name>__TI_int62</name>
         <value>0xfffc</value>
         <object_component_ref idref="oc-8e"/>
      </symbol>
      <symbol id="sm-111a">
         <name>__TI_ISR_TRAP</name>
         <value>0x46de</value>
         <object_component_ref idref="oc-3a9"/>
      </symbol>
      <symbol id="sm-1123">
         <name>__mspabi_slli</name>
         <value>0x161aa</value>
         <object_component_ref idref="oc-432"/>
      </symbol>
      <symbol id="sm-112b">
         <name>__mspabi_slll_9</name>
         <value>0x156b8</value>
         <object_component_ref idref="oc-728"/>
      </symbol>
      <symbol id="sm-112c">
         <name>__mspabi_slll_8</name>
         <value>0x156bc</value>
         <object_component_ref idref="oc-728"/>
      </symbol>
      <symbol id="sm-112d">
         <name>__mspabi_slll_7</name>
         <value>0x156c0</value>
         <object_component_ref idref="oc-728"/>
      </symbol>
      <symbol id="sm-112e">
         <name>__mspabi_slll_6</name>
         <value>0x156c4</value>
         <object_component_ref idref="oc-728"/>
      </symbol>
      <symbol id="sm-112f">
         <name>__mspabi_slll_5</name>
         <value>0x156c8</value>
         <object_component_ref idref="oc-728"/>
      </symbol>
      <symbol id="sm-1130">
         <name>__mspabi_slll_4</name>
         <value>0x156cc</value>
         <object_component_ref idref="oc-728"/>
      </symbol>
      <symbol id="sm-1131">
         <name>__mspabi_slll_3</name>
         <value>0x156d0</value>
         <object_component_ref idref="oc-728"/>
      </symbol>
      <symbol id="sm-1132">
         <name>__mspabi_slll_2</name>
         <value>0x156d4</value>
         <object_component_ref idref="oc-728"/>
      </symbol>
      <symbol id="sm-1133">
         <name>__mspabi_slll_1</name>
         <value>0x156d8</value>
         <object_component_ref idref="oc-728"/>
      </symbol>
      <symbol id="sm-1134">
         <name>__mspabi_slll_15</name>
         <value>0x156a0</value>
         <object_component_ref idref="oc-728"/>
      </symbol>
      <symbol id="sm-1135">
         <name>__mspabi_slll_14</name>
         <value>0x156a4</value>
         <object_component_ref idref="oc-728"/>
      </symbol>
      <symbol id="sm-1136">
         <name>__mspabi_slll_13</name>
         <value>0x156a8</value>
         <object_component_ref idref="oc-728"/>
      </symbol>
      <symbol id="sm-1137">
         <name>__mspabi_slll_12</name>
         <value>0x156ac</value>
         <object_component_ref idref="oc-728"/>
      </symbol>
      <symbol id="sm-1138">
         <name>__mspabi_slll_11</name>
         <value>0x156b0</value>
         <object_component_ref idref="oc-728"/>
      </symbol>
      <symbol id="sm-1139">
         <name>__mspabi_slll_10</name>
         <value>0x156b4</value>
         <object_component_ref idref="oc-728"/>
      </symbol>
      <symbol id="sm-1142">
         <name>__mspabi_srli</name>
         <value>0x161b4</value>
         <object_component_ref idref="oc-70b"/>
      </symbol>
      <symbol id="sm-114a">
         <name>__mspabi_srll_8</name>
         <value>0x156fa</value>
         <object_component_ref idref="oc-781"/>
      </symbol>
      <symbol id="sm-114b">
         <name>__mspabi_srll_9</name>
         <value>0x156f6</value>
         <object_component_ref idref="oc-781"/>
      </symbol>
      <symbol id="sm-114c">
         <name>__mspabi_srll_6</name>
         <value>0x15702</value>
         <object_component_ref idref="oc-781"/>
      </symbol>
      <symbol id="sm-114d">
         <name>__mspabi_srll_7</name>
         <value>0x156fe</value>
         <object_component_ref idref="oc-781"/>
      </symbol>
      <symbol id="sm-114e">
         <name>__mspabi_srll_4</name>
         <value>0x1570a</value>
         <object_component_ref idref="oc-781"/>
      </symbol>
      <symbol id="sm-114f">
         <name>__mspabi_srll_5</name>
         <value>0x15706</value>
         <object_component_ref idref="oc-781"/>
      </symbol>
      <symbol id="sm-1150">
         <name>__mspabi_srll_2</name>
         <value>0x15712</value>
         <object_component_ref idref="oc-781"/>
      </symbol>
      <symbol id="sm-1151">
         <name>__mspabi_srll_3</name>
         <value>0x1570e</value>
         <object_component_ref idref="oc-781"/>
      </symbol>
      <symbol id="sm-1152">
         <name>__mspabi_srll_1</name>
         <value>0x15716</value>
         <object_component_ref idref="oc-781"/>
      </symbol>
      <symbol id="sm-1153">
         <name>__mspabi_srll_15</name>
         <value>0x156de</value>
         <object_component_ref idref="oc-781"/>
      </symbol>
      <symbol id="sm-1154">
         <name>__mspabi_srll_14</name>
         <value>0x156e2</value>
         <object_component_ref idref="oc-781"/>
      </symbol>
      <symbol id="sm-1155">
         <name>__mspabi_srll_13</name>
         <value>0x156e6</value>
         <object_component_ref idref="oc-781"/>
      </symbol>
      <symbol id="sm-1156">
         <name>__mspabi_srll_12</name>
         <value>0x156ea</value>
         <object_component_ref idref="oc-781"/>
      </symbol>
      <symbol id="sm-1157">
         <name>__mspabi_srll_11</name>
         <value>0x156ee</value>
         <object_component_ref idref="oc-781"/>
      </symbol>
      <symbol id="sm-1158">
         <name>__mspabi_srll_10</name>
         <value>0x156f2</value>
         <object_component_ref idref="oc-781"/>
      </symbol>
      <symbol id="sm-1161">
         <name>__mspabi_mpyi_f5hw</name>
         <value>0x15f5e</value>
         <object_component_ref idref="oc-539"/>
      </symbol>
      <symbol id="sm-116b">
         <name>__mspabi_mpyl_f5hw</name>
         <value>0x15cc0</value>
         <object_component_ref idref="oc-ac6"/>
      </symbol>
      <symbol id="sm-117d">
         <name>_stack</name>
         <value>0x4360</value>
         <object_component_ref idref="oc-38d"/>
      </symbol>
      <symbol id="sm-117e">
         <name>_c_int00_noargs</name>
         <value>0x46b2</value>
         <object_component_ref idref="oc-3f6"/>
      </symbol>
      <symbol id="sm-117f">
         <name>_reset_vector</name>
         <value>0xfffe</value>
         <object_component_ref idref="oc-390"/>
      </symbol>
      <symbol id="sm-11a2">
         <name>__TI_auto_init_nobinit_nopinit_hold_wdt</name>
         <value>0x1505a</value>
         <object_component_ref idref="oc-66e"/>
      </symbol>
      <symbol id="sm-11b5">
         <name>__TI_zero_init</name>
         <value>0x15c78</value>
         <object_component_ref idref="oc-3ea"/>
      </symbol>
      <symbol id="sm-11c0">
         <name>_system_pre_init</name>
         <value>0x16278</value>
         <object_component_ref idref="oc-4f1"/>
      </symbol>
      <symbol id="sm-11c9">
         <name>_system_post_cinit</name>
         <value>0x1627c</value>
         <object_component_ref idref="oc-7fd"/>
      </symbol>
      <symbol id="sm-11da">
         <name>__TI_decompress_none</name>
         <value>0x160c6</value>
         <object_component_ref idref="oc-73"/>
      </symbol>
      <symbol id="sm-11fd">
         <name>__TI_decompress_lzss</name>
         <value>0x1488c</value>
         <object_component_ref idref="oc-6d"/>
      </symbol>
      <symbol id="sm-1207">
         <name>C$$EXIT</name>
         <value>0x1624e</value>
         <object_component_ref idref="oc-64a"/>
      </symbol>
      <symbol id="sm-1208">
         <name>abort</name>
         <value>0x1624e</value>
         <object_component_ref idref="oc-64a"/>
      </symbol>
      <symbol id="sm-1218">
         <name>memcpy</name>
         <value>0x16040</value>
         <object_component_ref idref="oc-39c"/>
      </symbol>
      <symbol id="sm-1226">
         <name>memset</name>
         <value>0x15fd6</value>
         <object_component_ref idref="oc-6fc"/>
      </symbol>
   </symbol_table>
   <title>Link successful</title>
</link_info>
