******************************************************************************
                  MSP430 Linker PC v20.2.1                     
******************************************************************************
>> Linked Sun Mar 28 13:00:38 2021

OUTPUT FILE NAME:   <ecen4620_firmware.out>
ENTRY POINT SYMBOL: "_c_int00_noargs"  address: 0000480e


MEMORY CONFIGURATION

         name            origin    length      used     unused   attr    fill
----------------------  --------  ---------  --------  --------  ----  --------
  SFR                   00000000   00000010  00000000  00000010  RWIX
  PERIPHERALS_8BIT      00000010   000000f0  00000000  000000f0  RWIX
  PERIPHERALS_16BIT     00000100   00000100  00000000  00000100  RWIX
  INFOD                 00001800   00000080  00000000  00000080  RWIX
  INFOC                 00001880   00000080  00000000  00000080  RWIX
  INFOB                 00001900   00000080  00000000  00000080  RWIX
  INFOA                 00001980   00000080  00000000  00000080  RWIX
  USBRAM                00001c00   00000800  00000000  00000800  RWIX
  RAM                   00002400   00002000  0000187b  00000785  RWIX
  FLASH                 00004400   0000bb80  0000179e  0000a3e2  RWIX
  INT00                 0000ff80   00000002  00000000  00000002  RWIX
  INT01                 0000ff82   00000002  00000000  00000002  RWIX
  INT02                 0000ff84   00000002  00000000  00000002  RWIX
  INT03                 0000ff86   00000002  00000000  00000002  RWIX
  INT04                 0000ff88   00000002  00000000  00000002  RWIX
  INT05                 0000ff8a   00000002  00000000  00000002  RWIX
  INT06                 0000ff8c   00000002  00000000  00000002  RWIX
  INT07                 0000ff8e   00000002  00000000  00000002  RWIX
  INT08                 0000ff90   00000002  00000000  00000002  RWIX
  INT09                 0000ff92   00000002  00000000  00000002  RWIX
  INT10                 0000ff94   00000002  00000000  00000002  RWIX
  INT11                 0000ff96   00000002  00000000  00000002  RWIX
  INT12                 0000ff98   00000002  00000000  00000002  RWIX
  INT13                 0000ff9a   00000002  00000000  00000002  RWIX
  INT14                 0000ff9c   00000002  00000000  00000002  RWIX
  INT15                 0000ff9e   00000002  00000000  00000002  RWIX
  INT16                 0000ffa0   00000002  00000000  00000002  RWIX
  INT17                 0000ffa2   00000002  00000000  00000002  RWIX
  INT18                 0000ffa4   00000002  00000000  00000002  RWIX
  INT19                 0000ffa6   00000002  00000000  00000002  RWIX
  INT20                 0000ffa8   00000002  00000000  00000002  RWIX
  INT21                 0000ffaa   00000002  00000000  00000002  RWIX
  INT22                 0000ffac   00000002  00000000  00000002  RWIX
  INT23                 0000ffae   00000002  00000000  00000002  RWIX
  INT24                 0000ffb0   00000002  00000000  00000002  RWIX
  INT25                 0000ffb2   00000002  00000000  00000002  RWIX
  INT26                 0000ffb4   00000002  00000000  00000002  RWIX
  INT27                 0000ffb6   00000002  00000000  00000002  RWIX
  INT28                 0000ffb8   00000002  00000000  00000002  RWIX
  INT29                 0000ffba   00000002  00000000  00000002  RWIX
  INT30                 0000ffbc   00000002  00000000  00000002  RWIX
  INT31                 0000ffbe   00000002  00000000  00000002  RWIX
  INT32                 0000ffc0   00000002  00000000  00000002  RWIX
  INT33                 0000ffc2   00000002  00000000  00000002  RWIX
  INT34                 0000ffc4   00000002  00000000  00000002  RWIX
  INT35                 0000ffc6   00000002  00000000  00000002  RWIX
  INT36                 0000ffc8   00000002  00000000  00000002  RWIX
  INT37                 0000ffca   00000002  00000000  00000002  RWIX
  INT38                 0000ffcc   00000002  00000000  00000002  RWIX
  INT39                 0000ffce   00000002  00000000  00000002  RWIX
  INT40                 0000ffd0   00000002  00000000  00000002  RWIX
  INT41                 0000ffd2   00000002  00000002  00000000  RWIX
  INT42                 0000ffd4   00000002  00000002  00000000  RWIX
  INT43                 0000ffd6   00000002  00000002  00000000  RWIX
  INT44                 0000ffd8   00000002  00000002  00000000  RWIX
  INT45                 0000ffda   00000002  00000002  00000000  RWIX
  INT46                 0000ffdc   00000002  00000002  00000000  RWIX
  INT47                 0000ffde   00000002  00000002  00000000  RWIX
  INT48                 0000ffe0   00000002  00000002  00000000  RWIX
  INT49                 0000ffe2   00000002  00000002  00000000  RWIX
  INT50                 0000ffe4   00000002  00000002  00000000  RWIX
  INT51                 0000ffe6   00000002  00000002  00000000  RWIX
  INT52                 0000ffe8   00000002  00000002  00000000  RWIX
  INT53                 0000ffea   00000002  00000002  00000000  RWIX
  INT54                 0000ffec   00000002  00000002  00000000  RWIX
  INT55                 0000ffee   00000002  00000002  00000000  RWIX
  INT56                 0000fff0   00000002  00000002  00000000  RWIX
  INT57                 0000fff2   00000002  00000002  00000000  RWIX
  INT58                 0000fff4   00000002  00000002  00000000  RWIX
  INT59                 0000fff6   00000002  00000002  00000000  RWIX
  INT60                 0000fff8   00000002  00000002  00000000  RWIX
  INT61                 0000fffa   00000002  00000002  00000000  RWIX
  INT62                 0000fffc   00000002  00000002  00000000  RWIX
  RESET                 0000fffe   00000002  00000002  00000000  RWIX
  FLASH2                00010000   000143f8  00006e1c  0000d5dc  RWIX


SECTION ALLOCATION MAP

 output                                  attributes/
section   page    origin      length       input sections
--------  ----  ----------  ----------   ----------------
.bss       0    00002400    00001649     UNINITIALIZED
                  00002400    00000200     control_motors.obj (.bss:phi_align_task_stack_buffer$17)
                  00002600    00000200     control_motors.obj (.bss:phi_turnsteps_task_stack_buffer$13)
                  00002800    00000200     interface.obj (.bss:rx_task_stack_buffer$3)
                  00002a00    00000200     check_alignment.obj (.bss:task_stack_buffer)
                  00002c00    00000200     control_motors.obj (.bss:theta_align_task_stack_buffer$15)
                  00002e00    00000200     control_motors.obj (.bss:theta_turnsteps_task_stack_buffer$11)
                  00003000    00000200     main.obj (.bss:uxIdleTaskStack$2)
                  00003200    00000100     interface.obj (.bss:pending_cmds)
                  00003300    00000084     interface.obj (.bss:done_str$13)
                  00003384    00000062     control_motors.obj (.bss:phi_align_task_task_buffer$18)
                  000033e6    00000062     control_motors.obj (.bss:phi_turnsteps_task_task_buffer$14)
                  00003448    00000062     interface.obj (.bss:rx_task_task_buffer$4)
                  000034aa    00000062     check_alignment.obj (.bss:task_task_buffer)
                  0000350c    00000062     control_motors.obj (.bss:theta_align_task_task_buffer$16)
                  0000356e    00000062     control_motors.obj (.bss:theta_turnsteps_task_task_buffer$12)
                  000035d0    00000062     main.obj (.bss:xIdleTaskTCB$1)
                  00003632    00000040     interface.obj (.bss:args_mem$7)
                  00003672    00000040     interface.obj (.bss:rx_buffer$6)
                  000036b2    00000038     check_alignment.obj (.bss:item_ownership_buffer)
                  000036ea    00000038     control_motors.obj (.bss:phi_align_command_buffer$10)
                  00003722    00000038     control_motors.obj (.bss:phi_ownership_buffer$2)
                  0000375a    00000038     control_motors.obj (.bss:phi_turnsteps_command_buffer$6)
                  00003792    00000038     interface.obj (.bss:rx_available_buffer$1)
                  000037ca    00000038     control_motors.obj (.bss:theta_align_command_buffer$8)
                  00003802    00000038     control_motors.obj (.bss:theta_ownership_buffer$1)
                  0000383a    00000038     control_motors.obj (.bss:theta_turnsteps_command_buffer$4)
                  00003872    00000038     interface.obj (.bss:tx_available_buffer$2)
                  000038aa    00000030     tasks.obj (.bss:pxReadyTasksLists)
                  000038da    00000022     (.common:abramSerialStringDescriptor)
                  000038fc    0000001a     (.common:CdcReadCtrl)
                  00003916    00000010     usb.obj (.bss)
                  00003926    00000010     tasks.obj (.bss:xDelayedTaskList1)
                  00003936    00000010     tasks.obj (.bss:xDelayedTaskList2)
                  00003946    00000010     tasks.obj (.bss:xPendingReadyList)
                  00003956    00000010     tasks.obj (.bss:xSuspendedTaskList)
                  00003966    00000010     tasks.obj (.bss:xTasksWaitingTermination)
                  00003976    0000000e     control_motors.obj (.bss:phi_turnsteps_command_storage_buffer$5)
                  00003984    0000000e     control_motors.obj (.bss:theta_turnsteps_command_storage_buffer$3)
                  00003992    0000000c     error.obj (.bss:info$1)
                  0000399e    0000000c     interface.obj (.bss:rv_msg$12)
                  000039aa    0000000c     pwm.obj (.bss:taHandler)
                  000039b6    0000000c     pwm.obj (.bss:ta_const_phase)
                  000039c2    0000000c     pwm.obj (.bss:ta_down_phase)
                  000039ce    0000000c     pwm.obj (.bss:ta_up_phase)
                  000039da    0000000c     (.common:CdcWriteCtrl)
                  000039e6    0000000a     check_alignment.obj (.bss:cmd_struct)
                  000039f0    00000008     UsbCdc.obj (.bss:CdcControl)
                  000039f8    00000008     control_motors.obj (.bss:phi_align_command_storage_buffer$9)
                  00003a00    00000008     tasks.obj (.bss)
                  00003a08    00000008     control_motors.obj (.bss:theta_align_command_storage_buffer$7)
                  00003a10    00000008     (.common:abUsbRequestIncomingData)
                  00003a18    00000008     (.common:abUsbRequestReturnData)
                  00003a20    00000006     interface.obj (.bss:id_msg$10)
                  00003a26    00000006     interface.obj (.bss:rv_msg$11)
                  00003a2c    00000006     pwm.obj (.bss:ta_target_period)
                  00003a32    00000004     pwm.obj (.bss:ta_gradual)
                  00003a36    00000004     pwm.obj (.bss:ta_output)
                  00003a3a    00000004     (.common:USB_RX_memcpy)
                  00003a3e    00000004     (.common:USB_TX_memcpy)
                  00003a42    00000002     (.common:wBytesRemainingOnIEP0)
                  00003a44    00000002     (.common:wBytesRemainingOnOEP0)
                  00003a46    00000002     (.common:wUsbEventMask)
                  00003a48    00000001     (.common:bStatusAction)

.data      0    00003a4a    00000192     UNINITIALIZED
                  00003a4a    00000080     error.obj (.data:to_write$2)
                  00003aca    0000002c     control_motors.obj (.data:Phi)
                  00003af6    0000002c     control_motors.obj (.data:Theta)
                  00003b22    00000028     control_motors.obj (.data)
                  00003b4a    00000020     io_interrupts.obj (.data:p1_handlers)
                  00003b6a    00000020     io_interrupts.obj (.data:p2_handlers)
                  00003b8a    0000001e     tasks.obj (.data)
                  00003ba8    00000012     check_alignment.obj (.data)
                  00003bba    0000000c     interface.obj (.data)
                  00003bc6    00000008     ucs.obj (.data)
                  00003bce    00000008     usb.obj (.data)
                  00003bd6    00000004     interface.obj (.data:pending_cmds_empty)
                  00003bda    00000002     port.obj (.data)

.stack     0    00004360    000000a0     UNINITIALIZED
                  00004360    00000004     rts430x_lc_rd_eabi.lib : boot.c.obj (.stack)
                  00004364    0000009c     --HOLE--

.text:_isr 
*          0    00004400    00000442     
                  00004400    00000150     UsbIsr.obj (.text:_isr:iUsbInterruptHandler)
                  00004550    000000a0     pwm.obj (.text:_isr:ta0IRQHandler)
                  000045f0    000000a0     pwm.obj (.text:_isr:ta1IRQHandler)
                  00004690    000000a0     pwm.obj (.text:_isr:ta2IRQHandler)
                  00004730    0000004a     main.obj (.text:_isr:UNMI_ISR)
                  0000477a    00000040     io_interrupts.obj (.text:_isr:p2_IRQHandler)
                  000047ba    00000038     io_interrupts.obj (.text:_isr:p1_IRQHandler)
                  000047f2    0000001c     check_alignment.obj (.text:_isr:ADC12_A_IRQHandler)
                  0000480e    0000001c     rts430x_lc_rd_eabi.lib : boot.c.obj (.text:_isr:_c_int00_noargs)
                  0000482a    00000010     port.obj (.text:_isr:vTickISREntry)
                  0000483a    00000008     rts430x_lc_rd_eabi.lib : isr_trap.asm.obj (.text:_isr:__TI_ISR_TRAP)

.cinit     0    00005b26    00000078     
                  00005b26    00000055     (.cinit..data.load) [load image, compression = lzss]
                  00005b7b    00000001     --HOLE-- [fill = 0]
                  00005b7c    0000000c     (__TI_handler_table)
                  00005b88    00000006     (.cinit..bss.load) [load image, compression = zero_init]
                  00005b8e    00000010     (__TI_cinit_table)

.binit     0    00004400    00000000     

.init_array 
*          0    00004400    00000000     UNINITIALIZED

.const     0    00004842    000012e4     
                  00004842    000003b4     timerb_hal.obj (.const:.string)
                  00004bf6    0000033c     queue.obj (.const:.string)
                  00004f32    000002ee     tasks.obj (.const:.string)
                  00005220    00000280     control_motors.obj (.const:.string)
                  000054a0    0000018c     interface.obj (.const:.string)
                  0000562c    00000142     check_alignment.obj (.const:.string)
                  0000576e    0000010a     descriptors.obj (.const:tUsbRequestList)
                  00005878    00000092     descriptors.obj (.const:.string:abromStringDescriptor)
                  0000590a    00000052     pwm.obj (.const:.string)
                  0000595c    00000043     descriptors.obj (.const:abromConfigurationDescriptorGroup)
                  0000599f    00000001     --HOLE-- [fill = 0]
                  000059a0    0000002c     timera_hal.obj (.const:.string)
                  000059cc    00000022     io_interrupts.obj (.const:.string)
                  000059ee    00000022     usb.obj (.const:.string)
                  00005a10    0000001c     gpio.obj (.const:GPIO_PORT_TO_BASE)
                  00005a2c    00000012     descriptors.obj (.const:.string:abromDeviceDescriptor)
                  00005a3e    00000010     main.obj (.const:.string)
                  00005a4e    00000010     descriptors.obj (.const:stUsbHandle)
                  00005a5e    0000000e     control_motors.obj (.const:$P$T0$19)
                  00005a6c    0000000e     check_alignment.obj (.const:$P$T0$1)
                  00005a7a    0000000e     led_hil.obj (.const:$P$T0$1)
                  00005a88    0000000e     error.obj (.const:$P$T0$3)
                  00005a96    0000000e     interface.obj (.const:$P$T0$5)
                  00005aa4    0000000e     check_alignment.obj (.const:$P$T1$2)
                  00005ab2    0000000e     port.obj (.const:$P$T1$2)
                  00005ac0    0000000e     check_alignment.obj (.const:$P$T2$3)
                  00005ace    0000000e     pwm.obj (.const:$P$T2$3)
                  00005adc    0000000c     port.obj (.const:$P$T0$1)
                  00005ae8    0000000a     usbdma.obj (.const:$P$T0$1)
                  00005af2    0000000a     pwm.obj (.const:$P$T1$2)
                  00005afc    00000008     pwm.obj (.const:$P$T0$1)
                  00005b04    00000008     control_motors.obj (.const:$P$T1$20)
                  00005b0c    00000008     control_motors.obj (.const:$P$T2$21)
                  00005b14    00000006     interface.obj (.const:.string:nack_msg$9)
                  00005b1a    00000005     check_alignment.obj (.const:$P$T3$4)
                  00005b1f    00000001     --HOLE-- [fill = 0]
                  00005b20    00000003     interface.obj (.const:.string:ack_msg$8)
                  00005b23    00000001     --HOLE-- [fill = 0]
                  00005b24    00000002     tasks.obj (.const)

RTC        0    0000ffd2    00000002     
                  0000ffd2    00000002     rts430x_lc_rd_eabi.lib : int41.asm.obj (.int41)

PORT2      0    0000ffd4    00000002     
                  0000ffd4    00000002     io_interrupts.obj (.int42)

TIMER2_A1 
*          0    0000ffd6    00000002     
                  0000ffd6    00000002     rts430x_lc_rd_eabi.lib : int43.asm.obj (.int43)

TIMER2_A0 
*          0    0000ffd8    00000002     
                  0000ffd8    00000002     pwm.obj (.int44)

USCI_B1    0    0000ffda    00000002     
                  0000ffda    00000002     rts430x_lc_rd_eabi.lib : int45.asm.obj (.int45)

USCI_A1    0    0000ffdc    00000002     
                  0000ffdc    00000002     rts430x_lc_rd_eabi.lib : int46.asm.obj (.int46)

PORT1      0    0000ffde    00000002     
                  0000ffde    00000002     io_interrupts.obj (.int47)

TIMER1_A1 
*          0    0000ffe0    00000002     
                  0000ffe0    00000002     rts430x_lc_rd_eabi.lib : int48.asm.obj (.int48)

TIMER1_A0 
*          0    0000ffe2    00000002     
                  0000ffe2    00000002     pwm.obj (.int49)

DMA        0    0000ffe4    00000002     
                  0000ffe4    00000002     rts430x_lc_rd_eabi.lib : int50.asm.obj (.int50)

USB_UBM    0    0000ffe6    00000002     
                  0000ffe6    00000002     UsbIsr.obj (.int51)

TIMER0_A1 
*          0    0000ffe8    00000002     
                  0000ffe8    00000002     rts430x_lc_rd_eabi.lib : int52.asm.obj (.int52)

TIMER0_A0 
*          0    0000ffea    00000002     
                  0000ffea    00000002     pwm.obj (.int53)

ADC12      0    0000ffec    00000002     
                  0000ffec    00000002     check_alignment.obj (.int54)

USCI_B0    0    0000ffee    00000002     
                  0000ffee    00000002     rts430x_lc_rd_eabi.lib : int55.asm.obj (.int55)

USCI_A0    0    0000fff0    00000002     
                  0000fff0    00000002     rts430x_lc_rd_eabi.lib : int56.asm.obj (.int56)

WDT        0    0000fff2    00000002     
                  0000fff2    00000002     rts430x_lc_rd_eabi.lib : int57.asm.obj (.int57)

TIMER0_B1 
*          0    0000fff4    00000002     
                  0000fff4    00000002     rts430x_lc_rd_eabi.lib : int58.asm.obj (.int58)

TIMER0_B0 
*          0    0000fff6    00000002     
                  0000fff6    00000002     port.obj (.int59)

COMP_B     0    0000fff8    00000002     
                  0000fff8    00000002     rts430x_lc_rd_eabi.lib : int60.asm.obj (.int60)

UNMI       0    0000fffa    00000002     
                  0000fffa    00000002     main.obj (.int61)

SYSNMI     0    0000fffc    00000002     
                  0000fffc    00000002     rts430x_lc_rd_eabi.lib : int62.asm.obj (.int62)

.reset     0    0000fffe    00000002     
                  0000fffe    00000002     rts430x_lc_rd_eabi.lib : boot.c.obj (.reset)

.text      0    00010000    00006e1c     
                  00010000    000005c8     timerb_hal.obj (.text:TB_unitTest)
                  000105c8    00000558     interface.obj (.text:_parseAndExecuteCmd)
                  00010b20    000004b8     control_motors.obj (.text:CM_init)
                  00010fd8    00000478     UsbCdc.obj (.text:USBCDC_receiveData)
                  00011450    000002de     UsbCdc.obj (.text:CdcToHostFromBuffer)
                  0001172e    00000246     UsbCdc.obj (.text:CdcToBufferFromHost)
                  00011974    00000240     pwm.obj (.text:PWM_configure)
                  00011bb4    000001f0     usb.obj (.text:USB_reset)
                  00011da4    000001b6     queue.obj (.text:xQueueGenericSend)
                  00011f5a    0000019a     queue.obj (.text:xQueueReceive)
                  000120f4    0000018c     queue.obj (.text:xQueueSemaphoreTake)
                  00012280    00000184     timerb_hal.obj (.text:TB_configureCctl)
                  00012404    0000016c     timera_hal.obj (.text:TA_configureCctl)
                  00012570    0000016a     tasks.obj (.text:xTaskGenericNotify)
                  000126da    00000140     interface.obj (.text:IF_init)
                  0001281a    00000140     usb.obj (.text:USB_enable)
                  0001295a    00000140     check_alignment.obj (.text:_initProbe)
                  00012a9a    0000013e     pwm.obj (.text:PWM_start)
                  00012bd8    00000110     ucs.obj (.text:privateUCSSourceClockFromDCO)
                  00012ce8    0000010a     UsbCdc.obj (.text:CopyUsbToBuff)
                  00012df2    00000106     tasks.obj (.text:xTaskIncrementTick)
                  00012ef8    000000fe     usb.obj (.text:USB_InitSerialStringDescriptor)
                  00012ff6    000000fa     check_alignment.obj (.text:_initTest)
                  000130f0    000000fa     tasks.obj (.text:ulTaskGenericNotifyTake)
                  000131ea    000000f6     tasks.obj (.text:xTaskResumeAll)
                  000132e0    000000ec     UsbCdc.obj (.text:USBCDC_getInterfaceStatus)
                  000133cc    000000ec     usb.obj (.text:USB_determineFreq)
                  000134b8    000000ec     tasks.obj (.text:prvInitialiseNewTask)
                  000135a4    000000e8     control_motors.obj (.text:_alignTask)
                  0001368c    000000e6     ucs.obj (.text:privateUCSComputeCLKFrequency)
                  00013772    000000e2     ucs.obj (.text:UCS_initFLL)
                  00013854    000000e0     io_hal.obj (.text:IO_configurePin)
                  00013934    000000e0     pmm.obj (.text:PMM_setVCoreUp)
                  00013a14    000000d8     tasks.obj (.text:vTaskGenericNotifyGiveFromISR)
                  00013aec    000000ca     UsbCdc.obj (.text:USBCDC_getBytesInUSBBuffer)
                  00013bb6    000000ca     interface.obj (.text:_rassert)
                  00013c80    000000c0     check_alignment.obj (.text:_measureSensorTask)
                  00013d40    000000ba     usb.obj (.text:USB_determineXT2Freq)
                  00013dfa    000000ba     usb.obj (.text:USB_init)
                  00013eb4    000000b6     queue.obj (.text:xQueueGenericReset)
                  00013f6a    000000b4     tasks.obj (.text:xTaskCreateStatic)
                  0001401e    000000b2     UsbCdc.obj (.text:usbGetLineCoding)
                  000140d0    000000ae     interface.obj (.text:_rfreq)
                  0001417e    000000ae     queue.obj (.text:xQueueGiveFromISR)
                  0001422c    000000ac     queue.obj (.text:prvUnlockQueue)
                  000142d8    000000aa     tasks.obj (.text:prvAddNewTaskToReadyList)
                  00014382    000000a8     usb.obj (.text:usbGetEndpointStatus)
                  0001442a    000000a6     ucs.obj (.text:UCS_initClockSignal)
                  000144d0    000000a6     UsbCdc.obj (.text:USBCDC_sendData)
                  00014576    000000a6     portext.obj (.text)
                  0001461c    000000a4     queue.obj (.text:xQueueGenericCreateStatic)
                  000146c0    000000a2     pmm.obj (.text:PMM_setVCoreDown)
                  00014762    000000a2     tasks.obj (.text:vTaskStartScheduler)
                  00014804    0000009e     error.obj (.text:_updateLastAssertInfo)
                  000148a2    0000009c     usb.obj (.text:usbClearEndpointFeature)
                  0001493e    0000009a     error.obj (.text:_assert_failure)
                  000149d8    0000009a     tasks.obj (.text:xTaskCheckForTimeOut)
                  00014a72    00000090     usb.obj (.text:usbDecodeAndProcessUsbRequest)
                  00014b02    0000008e     usb.obj (.text:usbSendNextPacketOnIEP0)
                  00014b90    0000008e     tasks.obj (.text:xTaskRemoveFromEventList)
                  00014c1e    0000008c     control_motors.obj (.text:_turnMotorStepsTask)
                  00014caa    00000088     UsbCdc.obj (.text:Handler_SetLineCoding)
                  00014d32    00000088     tasks.obj (.text:vTaskSwitchContext)
                  00014dba    00000086     UsbIsr.obj (.text:PWRVBUSoffHandler)
                  00014e40    00000082     dma.obj (.text:DMA_init)
                  00014ec2    00000080     interface.obj (.text:_rsensor)
                  00014f42    00000080     queue.obj (.text:prvCopyDataToQueue)
                  00014fc2    0000007e     error.obj (.text:ERROR_lastAssertInfo)
                  00015040    00000078     interface.obj (.text:_storePendingCmd)
                  000150b8    00000076     rts430x_lc_rd_eabi.lib : copy_decompress_lzss.c.obj (.text:decompress:lzss:__TI_decompress_lzss)
                  0001512e    00000074     UsbIsr.obj (.text:PWRVBUSonHandler)
                  000151a2    00000074     timerb_hal.obj (.text:TB_configureCtl)
                  00015216    00000074     main.obj (.text:init)
                  0001528a    00000074     tasks.obj (.text:prvAddCurrentTaskToDelayedList)
                  000152fe    00000074     port.obj (.text:vPortSetupTimerInterrupt)
                  00015372    0000006e     usbConstructs.obj (.text:USBCDC_sendDataInBackground)
                  000153e0    0000006e     interface.obj (.text:_rxTask)
                  0001544e    00000064     usbdma.obj (.text:memcpyDMA)
                  000154b2    00000062     control_motors.obj (.text:_startTurnSteps)
                  00015514    00000060     check_alignment.obj (.text:_laserControlTask)
                  00015574    00000060     usb.obj (.text:usbGetStringDescriptor)
                  000155d4    00000060     usb.obj (.text:usbReceiveNextPacketOnOEP0)
                  00015634    0000005c     usbdma.obj (.text:USB_initMemcpy)
                  00015690    0000005c     interface.obj (.text:_done)
                  000156ec    0000005c     tasks.obj (.text:prvInitialiseTaskLists)
                  00015748    00000058     control_motors.obj (.text:CM_setFreq)
                  000157a0    00000058     UsbIsr.obj (.text:SetupPacketInterruptHandler)
                  000157f8    00000058     rts430x_lc_rd_eabi.lib : div32u.asm.obj (.text)
                  00015850    00000056     io_interrupts.obj (.text:IO_attachInterrupt)
                  000158a6    00000056     usbConstructs.obj (.text:USBCDC_receiveDataInBuffer)
                  000158fc    00000054     rts430x_lc_rd_eabi.lib : autoinit.c.obj (.text:__TI_auto_init_nobinit_nopinit_hold_wdt:__TI_auto_init_nobinit_nopinit_hold_wdt)
                  00015950    00000052     check_alignment.obj (.text:CA_writeLaser)
                  000159a2    00000052     pmm.obj (.text:PMM_setVCore)
                  000159f4    00000052     tasks.obj (.text:prvCheckTasksWaitingTermination)
                  00015a46    00000052     usb.obj (.text:usbSetEndpointFeature)
                  00015a98    00000050     adc12_a.obj (.text:ADC12_A_init)
                  00015ae8    00000050     timera_hal.obj (.text:TA_configureCtl)
                  00015b38    00000050     tlv.obj (.text:TLV_getInfo)
                  00015b88    00000050     interface.obj (.text:_iden)
                  00015bd8    0000004e     timera_hal.obj (.text:TA_reset)
                  00015c26    0000004e     timerb_hal.obj (.text:TB_reset)
                  00015c74    0000004c     control_motors.obj (.text:_startTurn)
                  00015cc0    0000004c     interface.obj (.text:_toCaps)
                  00015d0c    0000004a     check_alignment.obj (.text:CA_init)
                  00015d56    0000004a     check_alignment.obj (.text:CA_measureSensor)
                  00015da0    0000004a     pwm.obj (.text:PWM_stop)
                  00015dea    00000044     UsbIsr.obj (.text:OEP0InterruptHandler)
                  00015e2e    00000042     control_motors.obj (.text:CM_turnMotorSteps)
                  00015e70    00000042     usb.obj (.text:USB_lookUpPll)
                  00015eb2    00000040     adc12_a.obj (.text:ADC12_A_disableInterrupt)
                  00015ef2    00000040     adc12_a.obj (.text:ADC12_A_enableInterrupt)
                  00015f32    00000040     UsbCdc.obj (.text:CdcResetData)
                  00015f72    00000040     interface.obj (.text:_strEq)
                  00015fb2    00000040     rts430x_lc_rd_eabi.lib : div32s.asm.obj (.text)
                  00015ff2    00000040     list.obj (.text:vListInsert)
                  00016032    0000003e     hal.obj (.text:USBHAL_initClocks)
                  00016070    0000003e     usb.obj (.text:USB_suspend)
                  000160ae    0000003e     rts430x_lc_rd_eabi.lib : lsl32.asm.obj (.text:l_lsl_const)
                  000160ec    0000003e                            : lsr32.asm.obj (.text:l_lsr_const)
                  0001612a    0000003c     control_motors.obj (.text:CM_getFreq)
                  00016166    0000003a     ucs.obj (.text:UCS_turnOnXT2WithTimeout)
                  000161a0    0000003a     usb.obj (.text:USB_setup)
                  000161da    0000003a     list.obj (.text:uxListRemove)
                  00016214    00000038     usb.obj (.text:USB_getConnectionInformation)
                  0001624c    00000038     interface.obj (.text:_strCpy)
                  00016284    00000036     ucs.obj (.text:UCS_initFLLSettle)
                  000162ba    00000036     control_motors.obj (.text:_enableMotor)
                  000162f0    00000036     tasks.obj (.text:vTaskPlaceOnEventList)
                  00016326    00000034     queue.obj (.text:prvIsQueueFull)
                  0001635a    00000034     usb.obj (.text:usbGetDeviceStatus)
                  0001638e    00000032     adc12_a.obj (.text:ADC12_A_startConversion)
                  000163c0    00000032     led_hil.obj (.text:LEDI_init)
                  000163f2    00000032     interface.obj (.text:_invbsl)
                  00016424    00000032     interface.obj (.text:_strFind)
                  00016456    00000032     queue.obj (.text:prvCopyDataFromQueue)
                  00016488    00000032     queue.obj (.text:prvIsQueueEmpty)
                  000164ba    00000030     dma.obj (.text:DMA_setDstAddress)
                  000164ea    00000030     flashctl.obj (.text:FlashCtl_write8)
                  0001651a    0000002e     dma.obj (.text:DMA_setSrcAddress)
                  00016548    0000002e     usb.obj (.text:USB_disable)
                  00016576    0000002e     usb.obj (.text:usbSetConfiguration)
                  000165a4    0000002c     rts430x_lc_rd_eabi.lib : div16s.asm.obj (.text)
                  000165d0    0000002c     usb.obj (.text:usbSendDataPacketOnEP0)
                  000165fc    0000002a     control_motors.obj (.text:CM_align)
                  00016626    00000028     check_alignment.obj (.text:CA_idProbe)
                  0001664e    00000028     gpio.obj (.text:GPIO_setAsPeripheralModuleFunctionOutputPin)
                  00016676    00000028     interface.obj (.text:_sendData)
                  0001669e    00000028     usb.obj (.text:usbDisableInEndpointInterrupt)
                  000166c6    00000028     usb.obj (.text:usbDisableOutEndpointInterrupt)
                  000166ee    00000028     list.obj (.text:vListInitialise)
                  00016716    00000026     adc12_a.obj (.text:ADC12_A_configureMemory)
                  0001673c    00000026     adc12_a.obj (.text:ADC12_A_setupSamplingTimer)
                  00016762    00000026     list.obj (.text:vListInsertEnd)
                  00016788    00000024     flashctl.obj (.text:FlashCtl_eraseSegment)
                  000167ac    00000024     UsbIsr.obj (.text:IEP0InterruptHandler)
                  000167d0    00000024     interface.obj (.text:_rmPendingCmd)
                  000167f4    00000024     rts430x_lc_rd_eabi.lib : copy_zero_init.c.obj (.text:decompress:ZI:__TI_zero_init)
                  00016818    00000024     port.obj (.text:pxPortInitialiseStack)
                  0001683c    00000024     rts430x_lc_rd_eabi.lib : mult32_f5hw.asm.obj (.text)
                  00016860    00000024     usb.obj (.text:usbGetInterface)
                  00016884    00000024     usb.obj (.text:usbGetInterfaceStatus)
                  000168a8    00000024     usb.obj (.text:usbSetAddress)
                  000168cc    00000022     io_hal.obj (.text:IO_reset)
                  000168ee    00000022     usb.obj (.text:USB_connect)
                  00016910    00000022     usbdma.obj (.text:memcpyV)
                  00016932    00000022     tasks.obj (.text:prvResetNextTaskUnblockTime)
                  00016954    00000020     wdt_a.obj (.text:WDT_A_hold)
                  00016974    00000020     main.obj (.text:main)
                  00016994    00000020     queue.obj (.text:prvInitialiseNewQueue)
                  000169b4    0000001e     ucs.obj (.text:UCS_getACLK)
                  000169d2    0000001e     usb.obj (.text:USB_resume)
                  000169f0    0000001c     usb.obj (.text:usbClearDeviceFeature)
                  00016a0c    0000001c     usb.obj (.text:usbSetDeviceFeature)
                  00016a28    0000001c     tasks.obj (.text:xTaskGetSchedulerState)
                  00016a44    0000001a     UsbCdc.obj (.text:CdcIsReceiveInProgress)
                  00016a5e    0000001a     ucs.obj (.text:UCS_getSMCLK)
                  00016a78    0000001a     main.obj (.text:vApplicationGetIdleTaskMemory)
                  00016a92    00000018     control_motors.obj (.text:_eventAlignPhi)
                  00016aaa    00000018     control_motors.obj (.text:_eventAlignTheta)
                  00016ac2    00000018     rts430x_lc_rd_eabi.lib : mult16_f5hw.asm.obj (.text)
                  00016ada    00000018     usb.obj (.text:usbGetConfigurationDescriptor)
                  00016af2    00000018     usb.obj (.text:usbGetDeviceDescriptor)
                  00016b0a    00000018     usb.obj (.text:usbReceiveDataPacketOnEP0)
                  00016b22    00000018     UsbCdc.obj (.text:usbSetControlLineState)
                  00016b3a    00000016     rts430x_lc_rd_eabi.lib : memset.c.obj (.text:memset)
                  00016b50    00000016                            : div16u.asm.obj (.text)
                  00016b66    00000016     usb.obj (.text:usbGetConfiguration)
                  00016b7c    00000014     usbEventHandling.obj (.text:USB_handleVbusOnEvent)
                  00016b90    00000014     control_motors.obj (.text:_disableMotor)
                  00016ba4    00000014     rts430x_lc_rd_eabi.lib : memcpy.c.obj (.text:memcpy)
                  00016bb8    00000014     tasks.obj (.text:prvIdleTask)
                  00016bcc    00000014     usb.obj (.text:usbSendZeroLengthPacketOnIEP0)
                  00016be0    00000014     usb.obj (.text:usbSetInterface)
                  00016bf4    00000012     io_interrupts.obj (.text:_defaultHandler)
                  00016c06    00000012     control_motors.obj (.text:_faultPhi)
                  00016c18    00000012     control_motors.obj (.text:_faultTheta)
                  00016c2a    00000012     rts430x_lc_rd_eabi.lib : copy_decompress_none.c.obj (.text:decompress:none:__TI_decompress_none)
                  00016c3c    00000012     tasks.obj (.text:vTaskInternalSetTimeOutState)
                  00016c4e    00000010     adc12_a.obj (.text:ADC12_A_getResults)
                  00016c5e    00000010     dma.obj (.text:DMA_disableTransfers)
                  00016c6e    00000010     dma.obj (.text:DMA_enableTransfers)
                  00016c7e    00000010     usb.obj (.text:usbInvalidRequest)
                  00016c8e    0000000e     dma.obj (.text:DMA_getInterruptStatus)
                  00016c9c    0000000e     dma.obj (.text:DMA_startTransfer)
                  00016caa    0000000e     control_motors.obj (.text:_eventTurnPhi)
                  00016cb8    0000000e     control_motors.obj (.text:_eventTurnTheta)
                  00016cc6    0000000e     interface.obj (.text:_nack)
                  00016cd4    0000000e     usb.obj (.text:usbStallEndpoint0)
                  00016ce2    0000000c     adc12_a.obj (.text:ADC12_A_clearInterrupt)
                  00016cee    0000000c     dma.obj (.text:DMA_setTransferSize)
                  00016cfa    0000000c     interface.obj (.text:IF_informRx)
                  00016d06    0000000c     interface.obj (.text:IF_informTx)
                  00016d12    0000000c     interface.obj (.text:_ack)
                  00016d1e    0000000c     UsbCdc.obj (.text:usbSetLineCoding)
                  00016d2a    0000000a     usb.obj (.text:USB_setEnabledEvents)
                  00016d34    0000000a     rts430x_lc_rd_eabi.lib : lsl16.asm.obj (.text)
                  00016d3e    0000000a                            : lsr16.asm.obj (.text)
                  00016d48    0000000a     main.obj (.text:test)
                  00016d52    00000008     adc12_a.obj (.text:ADC12_A_disable)
                  00016d5a    00000008     adc12_a.obj (.text:ADC12_A_enable)
                  00016d62    00000008     flashctl.obj (.text:FlashCtl_getStatus)
                  00016d6a    00000008     ucs.obj (.text:UCS_turnOffXT2)
                  00016d72    00000008     usbEventHandling.obj (.text:USBCDC_handleDataReceived)
                  00016d7a    00000008     usbEventHandling.obj (.text:USBCDC_handleSendCompleted)
                  00016d82    00000008     usbEventHandling.obj (.text:USB_handleVbusOffEvent)
                  00016d8a    00000008     interface.obj (.text:_invbslButton)
                  00016d92    00000008     control_motors.obj (.text:_stopTurn)
                  00016d9a    00000008     usb.obj (.text:usbClearOEP0ByteCount)
                  00016da2    00000008     usb.obj (.text:usbRestoreInEndpointInterrupt)
                  00016daa    00000008     usb.obj (.text:usbRestoreOutEndpointInterrupt)
                  00016db2    00000008     usb.obj (.text:usbStallOEP0)
                  00016dba    00000008     list.obj (.text:vListInitialiseItem)
                  00016dc2    00000008     tasks.obj (.text:vTaskMissedYield)
                  00016dca    00000008     tasks.obj (.text:vTaskSuspendAll)
                  00016dd2    00000006     dma.obj (.text:DMA_disableTransferDuringReadModifyWrite)
                  00016dd8    00000006     dma.obj (.text:DMA_enableTransferDuringReadModifyWrite)
                  00016dde    00000006     sfr.obj (.text:SFR_clearInterrupt)
                  00016de4    00000006     ucs.obj (.text:UCS_clearFaultFlag)
                  00016dea    00000006     usb.obj (.text:USB_getVersion)
                  00016df0    00000006     rts430x_lc_rd_eabi.lib : exit.c.obj (.text:abort)
                  00016df6    00000004     usbEventHandling.obj (.text:USBCDC_handleReceiveCompleted)
                  00016dfa    00000004     usbEventHandling.obj (.text:USBCDC_handleSetControlLineState)
                  00016dfe    00000004     usbEventHandling.obj (.text:USBCDC_handleSetLineCoding)
                  00016e02    00000004     usbEventHandling.obj (.text:USB_handleClockEvent)
                  00016e06    00000004     usbEventHandling.obj (.text:USB_handleEnumerationCompleteEvent)
                  00016e0a    00000004     usbEventHandling.obj (.text:USB_handleResetEvent)
                  00016e0e    00000004     usbEventHandling.obj (.text:USB_handleResumeEvent)
                  00016e12    00000004     usbEventHandling.obj (.text:USB_handleSuspendEvent)
                  00016e16    00000004     rts430x_lc_rd_eabi.lib : pre_init.c.obj (.text:_system_pre_init)
                  00016e1a    00000002                            : startup.c.obj (.text:_system_post_cinit)

MODULE SUMMARY

       Module                       code    ro data   rw data
       ------                       ----    -------   -------
    .\
       main.obj                     258     18        610    
       hal.obj                      62      0         0      
    +--+----------------------------+-------+---------+---------+
       Total:                       320     18        610    
                                                             
    .\FreeRTOS\Source\
       tasks.obj                    2976    752       166    
       queue.obj                    2248    828       0      
       list.obj                     208     0         0      
    +--+----------------------------+-------+---------+---------+
       Total:                       5432    1580      166    
                                                             
    .\FreeRTOS\Source\portable\CCS\MSP430X\
       port.obj                     168     28        2      
       portext.obj                  166     0         0      
    +--+----------------------------+-------+---------+---------+
       Total:                       334     28        2      
                                                             
    .\USB_API\USB_CDC_API\
       UsbCdc.obj                   3770    0         46     
    +--+----------------------------+-------+---------+---------+
       Total:                       3770    0         46     
                                                             
    .\USB_API\USB_Common\
       usb.obj                      3512    34        81     
       usbdma.obj                   226     10        8      
    +--+----------------------------+-------+---------+---------+
       Total:                       3738    44        89     
                                                             
    .\USB_app\
       usbConstructs.obj            196     0         0      
       usbEventHandling.obj         76      0         0      
    +--+----------------------------+-------+---------+---------+
       Total:                       272     0         0      
                                                             
    .\USB_config\
       UsbIsr.obj                   778     2         0      
       descriptors.obj              0       513       0      
    +--+----------------------------+-------+---------+---------+
       Total:                       778     515       0      
                                                             
    .\app\src\
       control_motors.obj           2204    670       2948   
       interface.obj                3024    419       1278   
       check_alignment.obj          1156    371       694    
       error.obj                    438     14        140    
    +--+----------------------------+-------+---------+---------+
       Total:                       6822    1474      5060   
                                                             
    .\driverlib\MSP430F5xx_6xx\
       ucs.obj                      1076    0         8      
       pmm.obj                      468     0         0      
       adc12_a.obj                  378     0         0      
       dma.obj                      308     0         0      
       flashctl.obj                 92      0         0      
       tlv.obj                      80      0         0      
       gpio.obj                     40      28        0      
       wdt_a.obj                    32      0         0      
       sfr.obj                      6       0         0      
    +--+----------------------------+-------+---------+---------+
       Total:                       2480    28        8      
                                                             
    .\hal\src\
       timerb_hal.obj               2062    948       0      
       timera_hal.obj               522     44        0      
       io_hal.obj                   258     0         0      
    +--+----------------------------+-------+---------+---------+
       Total:                       2842    992       0      
                                                             
    .\hil\src\
       pwm.obj                      1448    120       62     
       io_interrupts.obj            224     38        64     
       led_hil.obj                  50      14        0      
    +--+----------------------------+-------+---------+---------+
       Total:                       1722    172       126    
                                                             
    C:\ti\ccs1011\ccs\tools\compiler\ti-cgt-msp430_20.2.1.LTS\lib\rts430x_lc_rd_eabi.lib
       copy_decompress_lzss.c.obj   118     0         0      
       div32u.asm.obj               88      0         0      
       autoinit.c.obj               84      0         0      
       div32s.asm.obj               64      0         0      
       lsl32.asm.obj                62      0         0      
       lsr32.asm.obj                62      0         0      
       div16s.asm.obj               44      0         0      
       copy_zero_init.c.obj         36      0         0      
       mult32_f5hw.asm.obj          36      0         0      
       boot.c.obj                   28      2         0      
       mult16_f5hw.asm.obj          24      0         0      
       div16u.asm.obj               22      0         0      
       memset.c.obj                 22      0         0      
       memcpy.c.obj                 20      0         0      
       copy_decompress_none.c.obj   18      0         0      
       lsl16.asm.obj                10      0         0      
       lsr16.asm.obj                10      0         0      
       isr_trap.asm.obj             8       0         0      
       exit.c.obj                   6       0         0      
       pre_init.c.obj               4       0         0      
       int41.asm.obj                0       2         0      
       int43.asm.obj                0       2         0      
       int45.asm.obj                0       2         0      
       int46.asm.obj                0       2         0      
       int48.asm.obj                0       2         0      
       int50.asm.obj                0       2         0      
       int52.asm.obj                0       2         0      
       int55.asm.obj                0       2         0      
       int56.asm.obj                0       2         0      
       int57.asm.obj                0       2         0      
       int58.asm.obj                0       2         0      
       int60.asm.obj                0       2         0      
       int62.asm.obj                0       2         0      
       startup.c.obj                2       0         0      
    +--+----------------------------+-------+---------+---------+
       Total:                       768     28        0      
                                                             
       Stack:                       0       0         160    
       Linker Generated:            0       119       0      
    +--+----------------------------+-------+---------+---------+
       Grand Total:                 29278   4998      6267   


LINKER GENERATED COPY TABLES

__TI_cinit_table @ 00005b8e records: 2, size/record: 8, table size: 16
	.data: load addr=00005b26, load size=00000055 bytes, run addr=00003a4a, run size=00000192 bytes, compression=lzss
	.bss: load addr=00005b88, load size=00000006 bytes, run addr=00002400, run size=00001649 bytes, compression=zero_init


LINKER GENERATED HANDLER TABLE

__TI_handler_table @ 00005b7c records: 3, size/record: 4, table size: 12
	index: 0, handler: __TI_zero_init
	index: 1, handler: __TI_decompress_lzss
	index: 2, handler: __TI_decompress_none


GLOBAL SYMBOLS: SORTED ALPHABETICALLY BY Name 

address   name                                       
-------   ----                                       
00000700  ADC12CTL0                                  
00000701  ADC12CTL0_H                                
00000700  ADC12CTL0_L                                
00000702  ADC12CTL1                                  
00000703  ADC12CTL1_H                                
00000702  ADC12CTL1_L                                
00000704  ADC12CTL2                                  
00000705  ADC12CTL2_H                                
00000704  ADC12CTL2_L                                
0000070c  ADC12IE                                    
0000070d  ADC12IE_H                                  
0000070c  ADC12IE_L                                  
0000070a  ADC12IFG                                   
0000070b  ADC12IFG_H                                 
0000070a  ADC12IFG_L                                 
0000070e  ADC12IV                                    
0000070f  ADC12IV_H                                  
0000070e  ADC12IV_L                                  
00000710  ADC12MCTL0                                 
00000711  ADC12MCTL1                                 
0000071a  ADC12MCTL10                                
0000071b  ADC12MCTL11                                
0000071c  ADC12MCTL12                                
0000071d  ADC12MCTL13                                
0000071e  ADC12MCTL14                                
0000071f  ADC12MCTL15                                
00000712  ADC12MCTL2                                 
00000713  ADC12MCTL3                                 
00000714  ADC12MCTL4                                 
00000715  ADC12MCTL5                                 
00000716  ADC12MCTL6                                 
00000717  ADC12MCTL7                                 
00000718  ADC12MCTL8                                 
00000719  ADC12MCTL9                                 
00000720  ADC12MEM0                                  
00000721  ADC12MEM0_H                                
00000720  ADC12MEM0_L                                
00000722  ADC12MEM1                                  
00000734  ADC12MEM10                                 
00000735  ADC12MEM10_H                               
00000734  ADC12MEM10_L                               
00000736  ADC12MEM11                                 
00000737  ADC12MEM11_H                               
00000736  ADC12MEM11_L                               
00000738  ADC12MEM12                                 
00000739  ADC12MEM12_H                               
00000738  ADC12MEM12_L                               
0000073a  ADC12MEM13                                 
0000073b  ADC12MEM13_H                               
0000073a  ADC12MEM13_L                               
0000073c  ADC12MEM14                                 
0000073d  ADC12MEM14_H                               
0000073c  ADC12MEM14_L                               
0000073e  ADC12MEM15                                 
0000073f  ADC12MEM15_H                               
0000073e  ADC12MEM15_L                               
00000723  ADC12MEM1_H                                
00000722  ADC12MEM1_L                                
00000724  ADC12MEM2                                  
00000725  ADC12MEM2_H                                
00000724  ADC12MEM2_L                                
00000726  ADC12MEM3                                  
00000727  ADC12MEM3_H                                
00000726  ADC12MEM3_L                                
00000728  ADC12MEM4                                  
00000729  ADC12MEM4_H                                
00000728  ADC12MEM4_L                                
0000072a  ADC12MEM5                                  
0000072b  ADC12MEM5_H                                
0000072a  ADC12MEM5_L                                
0000072c  ADC12MEM6                                  
0000072d  ADC12MEM6_H                                
0000072c  ADC12MEM6_L                                
0000072e  ADC12MEM7                                  
0000072f  ADC12MEM7_H                                
0000072e  ADC12MEM7_L                                
00000730  ADC12MEM8                                  
00000731  ADC12MEM8_H                                
00000730  ADC12MEM8_L                                
00000732  ADC12MEM9                                  
00000733  ADC12MEM9_H                                
00000732  ADC12MEM9_L                                
000047f2  ADC12_A_IRQHandler                         
00016ce2  ADC12_A_clearInterrupt                     
00016716  ADC12_A_configureMemory                    
00016d52  ADC12_A_disable                            
00015eb2  ADC12_A_disableInterrupt                   
00016d5a  ADC12_A_enable                             
00015ef2  ADC12_A_enableInterrupt                    
00016c4e  ADC12_A_getResults                         
00015a98  ADC12_A_init                               
0001673c  ADC12_A_setupSamplingTimer                 
0001638e  ADC12_A_startConversion                    
00016df0  C$$EXIT                                    
00016626  CA_idProbe                                 
00015d0c  CA_init                                    
00015d56  CA_measureSensor                           
00015950  CA_writeLaser                              
000008c0  CBCTL0                                     
000008c1  CBCTL0_H                                   
000008c0  CBCTL0_L                                   
000008c2  CBCTL1                                     
000008c3  CBCTL1_H                                   
000008c2  CBCTL1_L                                   
000008c4  CBCTL2                                     
000008c5  CBCTL2_H                                   
000008c4  CBCTL2_L                                   
000008c6  CBCTL3                                     
000008c7  CBCTL3_H                                   
000008c6  CBCTL3_L                                   
000008cc  CBINT                                      
000008cd  CBINT_H                                    
000008cc  CBINT_L                                    
000008ce  CBIV                                       
000165fc  CM_align                                   
0001612a  CM_getFreq                                 
00010b20  CM_init                                    
00015748  CM_setFreq                                 
00015e2e  CM_turnMotorSteps                          
00000150  CRCDI                                      
00000152  CRCDIRB                                    
00000153  CRCDIRB_H                                  
00000152  CRCDIRB_L                                  
00000151  CRCDI_H                                    
00000150  CRCDI_L                                    
00000154  CRCINIRES                                  
00000155  CRCINIRES_H                                
00000154  CRCINIRES_L                                
00000156  CRCRESR                                    
00000157  CRCRESR_H                                  
00000156  CRCRESR_L                                  
00016a44  CdcIsReceiveInProgress                     
000038fc  CdcReadCtrl                                
00015f32  CdcResetData                               
0001172e  CdcToBufferFromHost                        
00011450  CdcToHostFromBuffer                        
000039da  CdcWriteCtrl                               
00012ce8  CopyUsbToBuff                              
00000510  DMA0CTL                                    
00000516  DMA0DA                                     
00000518  DMA0DAH                                    
00000516  DMA0DAL                                    
00000512  DMA0SA                                     
00000514  DMA0SAH                                    
00000512  DMA0SAL                                    
0000051a  DMA0SZ                                     
00000520  DMA1CTL                                    
00000526  DMA1DA                                     
00000528  DMA1DAH                                    
00000526  DMA1DAL                                    
00000522  DMA1SA                                     
00000524  DMA1SAH                                    
00000522  DMA1SAL                                    
0000052a  DMA1SZ                                     
00000530  DMA2CTL                                    
00000536  DMA2DA                                     
00000538  DMA2DAH                                    
00000536  DMA2DAL                                    
00000532  DMA2SA                                     
00000534  DMA2SAH                                    
00000532  DMA2SAL                                    
0000053a  DMA2SZ                                     
00000500  DMACTL0                                    
00000502  DMACTL1                                    
00000504  DMACTL2                                    
00000506  DMACTL3                                    
00000508  DMACTL4                                    
0000050e  DMAIV                                      
00016dd2  DMA_disableTransferDuringReadModifyWrite   
00016c5e  DMA_disableTransfers                       
00016dd8  DMA_enableTransferDuringReadModifyWrite    
00016c6e  DMA_enableTransfers                        
00016c8e  DMA_getInterruptStatus                     
00014e40  DMA_init                                   
000164ba  DMA_setDstAddress                          
0001651a  DMA_setSrcAddress                          
00016cee  DMA_setTransferSize                        
00016c9c  DMA_startTransfer                          
00014fc2  ERROR_lastAssertInfo                       
00000140  FCTL1                                      
00000141  FCTL1_H                                    
00000140  FCTL1_L                                    
00000144  FCTL3                                      
00000145  FCTL3_H                                    
00000144  FCTL3_L                                    
00000146  FCTL4                                      
00000147  FCTL4_H                                    
00000146  FCTL4_L                                    
00016788  FlashCtl_eraseSegment                      
00016d62  FlashCtl_getStatus                         
000164ea  FlashCtl_write8                            
0001664e  GPIO_setAsPeripheralModuleFunctionOutputPin
00014caa  Handler_SetLineCoding                      
000167ac  IEP0InterruptHandler                       
00016cfa  IF_informRx                                
00016d06  IF_informTx                                
000126da  IF_init                                    
00015850  IO_attachInterrupt                         
00013854  IO_configurePin                            
000168cc  IO_reset                                   
000163c0  LEDI_init                                  
000004c4  MAC                                        
000004da  MAC32H                                     
000004db  MAC32H_H                                   
000004da  MAC32H_L                                   
000004d8  MAC32L                                     
000004d9  MAC32L_H                                   
000004d8  MAC32L_L                                   
000004c6  MACS                                       
000004de  MACS32H                                    
000004df  MACS32H_H                                  
000004de  MACS32H_L                                  
000004dc  MACS32L                                    
000004dd  MACS32L_H                                  
000004dc  MACS32L_L                                  
000004c7  MACS_H                                     
000004c6  MACS_L                                     
000004c5  MAC_H                                      
000004c4  MAC_L                                      
000004c0  MPY                                        
000004ec  MPY32CTL0                                  
000004ed  MPY32CTL0_H                                
000004ec  MPY32CTL0_L                                
000004d2  MPY32H                                     
000004d3  MPY32H_H                                   
000004d2  MPY32H_L                                   
000004d0  MPY32L                                     
000004d1  MPY32L_H                                   
000004d0  MPY32L_L                                   
000004c2  MPYS                                       
000004d6  MPYS32H                                    
000004d7  MPYS32H_H                                  
000004d6  MPYS32H_L                                  
000004d4  MPYS32L                                    
000004d5  MPYS32L_H                                  
000004d4  MPYS32L_L                                  
000004c3  MPYS_H                                     
000004c2  MPYS_L                                     
000004c1  MPY_H                                      
000004c0  MPY_L                                      
00015dea  OEP0InterruptHandler                       
000004c8  OP2                                        
000004e2  OP2H                                       
000004e3  OP2H_H                                     
000004e2  OP2H_L                                     
000004e0  OP2L                                       
000004e1  OP2L_H                                     
000004e0  OP2L_L                                     
000004c9  OP2_H                                      
000004c8  OP2_L                                      
0000020e  P1IV                                       
0000021e  P2IV                                       
000001e0  P4MAP01                                    
000001e1  P4MAP01_H                                  
000001e0  P4MAP01_L                                  
000001e2  P4MAP23                                    
000001e3  P4MAP23_H                                  
000001e2  P4MAP23_L                                  
000001e4  P4MAP45                                    
000001e5  P4MAP45_H                                  
000001e4  P4MAP45_L                                  
000001e6  P4MAP67                                    
000001e7  P4MAP67_H                                  
000001e6  P4MAP67_L                                  
00000204  PADIR                                      
00000205  PADIR_H                                    
00000204  PADIR_L                                    
00000208  PADS                                       
00000209  PADS_H                                     
00000208  PADS_L                                     
0000021a  PAIE                                       
00000218  PAIES                                      
00000219  PAIES_H                                    
00000218  PAIES_L                                    
0000021b  PAIE_H                                     
0000021a  PAIE_L                                     
0000021c  PAIFG                                      
0000021d  PAIFG_H                                    
0000021c  PAIFG_L                                    
00000200  PAIN                                       
00000201  PAIN_H                                     
00000200  PAIN_L                                     
00000202  PAOUT                                      
00000203  PAOUT_H                                    
00000202  PAOUT_L                                    
00000206  PAREN                                      
00000207  PAREN_H                                    
00000206  PAREN_L                                    
0000020a  PASEL                                      
0000020b  PASEL_H                                    
0000020a  PASEL_L                                    
00000224  PBDIR                                      
00000225  PBDIR_H                                    
00000224  PBDIR_L                                    
00000228  PBDS                                       
00000229  PBDS_H                                     
00000228  PBDS_L                                     
00000220  PBIN                                       
00000221  PBIN_H                                     
00000220  PBIN_L                                     
00000222  PBOUT                                      
00000223  PBOUT_H                                    
00000222  PBOUT_L                                    
00000226  PBREN                                      
00000227  PBREN_H                                    
00000226  PBREN_L                                    
0000022a  PBSEL                                      
0000022b  PBSEL_H                                    
0000022a  PBSEL_L                                    
00000244  PCDIR                                      
00000245  PCDIR_H                                    
00000244  PCDIR_L                                    
00000248  PCDS                                       
00000249  PCDS_H                                     
00000248  PCDS_L                                     
00000240  PCIN                                       
00000241  PCIN_H                                     
00000240  PCIN_L                                     
00000242  PCOUT                                      
00000243  PCOUT_H                                    
00000242  PCOUT_L                                    
00000246  PCREN                                      
00000247  PCREN_H                                    
00000246  PCREN_L                                    
0000024a  PCSEL                                      
0000024b  PCSEL_H                                    
0000024a  PCSEL_L                                    
00000264  PDDIR                                      
00000265  PDDIR_H                                    
00000264  PDDIR_L                                    
00000268  PDDS                                       
00000269  PDDS_H                                     
00000268  PDDS_L                                     
00000260  PDIN                                       
00000261  PDIN_H                                     
00000260  PDIN_L                                     
00000262  PDOUT                                      
00000263  PDOUT_H                                    
00000262  PDOUT_L                                    
00000266  PDREN                                      
00000267  PDREN_H                                    
00000266  PDREN_L                                    
0000026a  PDSEL                                      
0000026b  PDSEL_H                                    
0000026a  PDSEL_L                                    
00000324  PJDIR                                      
00000325  PJDIR_H                                    
00000324  PJDIR_L                                    
00000328  PJDS                                       
00000329  PJDS_H                                     
00000328  PJDS_L                                     
00000320  PJIN                                       
00000321  PJIN_H                                     
00000320  PJIN_L                                     
00000322  PJOUT                                      
00000323  PJOUT_H                                    
00000322  PJOUT_L                                    
00000326  PJREN                                      
00000327  PJREN_H                                    
00000326  PJREN_L                                    
00000130  PM5CTL0                                    
00000131  PM5CTL0_H                                  
00000130  PM5CTL0_L                                  
000001c2  PMAPCTL                                    
000001c3  PMAPCTL_H                                  
000001c2  PMAPCTL_L                                  
000001c0  PMAPKEYID                                  
000001c1  PMAPKEYID_H                                
000001c0  PMAPKEYID_L                                
00000120  PMMCTL0                                    
00000121  PMMCTL0_H                                  
00000120  PMMCTL0_L                                  
00000122  PMMCTL1                                    
00000123  PMMCTL1_H                                  
00000122  PMMCTL1_L                                  
0000012c  PMMIFG                                     
0000012d  PMMIFG_H                                   
0000012c  PMMIFG_L                                   
0000012e  PMMRIE                                     
0000012f  PMMRIE_H                                   
0000012e  PMMRIE_L                                   
000159a2  PMM_setVCore                               
000146c0  PMM_setVCoreDown                           
00013934  PMM_setVCoreUp                             
00011974  PWM_configure                              
00012a9a  PWM_start                                  
00015da0  PWM_stop                                   
00014dba  PWRVBUSoffHandler                          
0001512e  PWRVBUSonHandler                           
00000158  RCCTL0                                     
00000159  RCCTL0_H                                   
00000158  RCCTL0_L                                   
000001b0  REFCTL0                                    
000001b1  REFCTL0_H                                  
000001b0  REFCTL0_L                                  
000004e4  RES0                                       
000004e5  RES0_H                                     
000004e4  RES0_L                                     
000004e6  RES1                                       
000004e7  RES1_H                                     
000004e6  RES1_L                                     
000004e8  RES2                                       
000004e9  RES2_H                                     
000004e8  RES2_L                                     
000004ea  RES3                                       
000004eb  RES3_H                                     
000004ea  RES3_L                                     
000004cc  RESHI                                      
000004cd  RESHI_H                                    
000004cc  RESHI_L                                    
000004ca  RESLO                                      
000004cb  RESLO_H                                    
000004ca  RESLO_L                                    
000004ba  RTCADOWDAY                                 
000004bb  RTCADOWDAY_H                               
000004ba  RTCADOWDAY_L                               
000004b8  RTCAMINHR                                  
000004b9  RTCAMINHR_H                                
000004b8  RTCAMINHR_L                                
000004a0  RTCCTL01                                   
000004a1  RTCCTL01_H                                 
000004a0  RTCCTL01_L                                 
000004a2  RTCCTL23                                   
000004a3  RTCCTL23_H                                 
000004a2  RTCCTL23_L                                 
000004b4  RTCDATE                                    
000004b5  RTCDATE_H                                  
000004b4  RTCDATE_L                                  
000004ae  RTCIV                                      
000004ac  RTCPS                                      
000004a8  RTCPS0CTL                                  
000004a9  RTCPS0CTL_H                                
000004a8  RTCPS0CTL_L                                
000004aa  RTCPS1CTL                                  
000004ab  RTCPS1CTL_H                                
000004aa  RTCPS1CTL_L                                
000004ad  RTCPS_H                                    
000004ac  RTCPS_L                                    
000004b0  RTCTIM0                                    
000004b1  RTCTIM0_H                                  
000004b0  RTCTIM0_L                                  
000004b2  RTCTIM1                                    
000004b3  RTCTIM1_H                                  
000004b2  RTCTIM1_L                                  
000004b6  RTCYEAR                                    
000004b7  RTCYEAR_H                                  
000004b6  RTCYEAR_L                                  
00000100  SFRIE1                                     
00000101  SFRIE1_H                                   
00000100  SFRIE1_L                                   
00000102  SFRIFG1                                    
00000103  SFRIFG1_H                                  
00000102  SFRIFG1_L                                  
00000104  SFRRPCR                                    
00000105  SFRRPCR_H                                  
00000104  SFRRPCR_L                                  
00016dde  SFR_clearInterrupt                         
000004ce  SUMEXT                                     
000004cf  SUMEXT_H                                   
000004ce  SUMEXT_L                                   
00000124  SVSMHCTL                                   
00000125  SVSMHCTL_H                                 
00000124  SVSMHCTL_L                                 
00000128  SVSMIO                                     
00000129  SVSMIO_H                                   
00000128  SVSMIO_L                                   
00000126  SVSMLCTL                                   
00000127  SVSMLCTL_H                                 
00000126  SVSMLCTL_L                                 
00000198  SYSBERRIV                                  
00000199  SYSBERRIV_H                                
00000198  SYSBERRIV_L                                
00000182  SYSBSLC                                    
00000183  SYSBSLC_H                                  
00000182  SYSBSLC_L                                  
00000180  SYSCTL                                     
00000181  SYSCTL_H                                   
00000180  SYSCTL_L                                   
00000186  SYSJMBC                                    
00000187  SYSJMBC_H                                  
00000186  SYSJMBC_L                                  
00000188  SYSJMBI0                                   
00000189  SYSJMBI0_H                                 
00000188  SYSJMBI0_L                                 
0000018a  SYSJMBI1                                   
0000018b  SYSJMBI1_H                                 
0000018a  SYSJMBI1_L                                 
0000018c  SYSJMBO0                                   
0000018d  SYSJMBO0_H                                 
0000018c  SYSJMBO0_L                                 
0000018e  SYSJMBO1                                   
0000018f  SYSJMBO1_H                                 
0000018e  SYSJMBO1_L                                 
0000019e  SYSRSTIV                                   
0000019f  SYSRSTIV_H                                 
0000019e  SYSRSTIV_L                                 
0000019c  SYSSNIV                                    
0000019d  SYSSNIV_H                                  
0000019c  SYSSNIV_L                                  
0000019a  SYSUNIV                                    
0000019b  SYSUNIV_H                                  
0000019a  SYSUNIV_L                                  
000157a0  SetupPacketInterruptHandler                
00000352  TA0CCR0                                    
00000354  TA0CCR1                                    
00000356  TA0CCR2                                    
00000358  TA0CCR3                                    
0000035a  TA0CCR4                                    
00000342  TA0CCTL0                                   
00000344  TA0CCTL1                                   
00000346  TA0CCTL2                                   
00000348  TA0CCTL3                                   
0000034a  TA0CCTL4                                   
00000340  TA0CTL                                     
00000360  TA0EX0                                     
0000036e  TA0IV                                      
00000350  TA0R                                       
00000392  TA1CCR0                                    
00000394  TA1CCR1                                    
00000396  TA1CCR2                                    
00000382  TA1CCTL0                                   
00000384  TA1CCTL1                                   
00000386  TA1CCTL2                                   
00000380  TA1CTL                                     
000003a0  TA1EX0                                     
000003ae  TA1IV                                      
00000390  TA1R                                       
00000412  TA2CCR0                                    
00000414  TA2CCR1                                    
00000416  TA2CCR2                                    
00000402  TA2CCTL0                                   
00000404  TA2CCTL1                                   
00000406  TA2CCTL2                                   
00000400  TA2CTL                                     
00000420  TA2EX0                                     
0000042e  TA2IV                                      
00000410  TA2R                                       
00012404  TA_configureCctl                           
00015ae8  TA_configureCtl                            
00015bd8  TA_reset                                   
000003d2  TB0CCR0                                    
000003d4  TB0CCR1                                    
000003d6  TB0CCR2                                    
000003d8  TB0CCR3                                    
000003da  TB0CCR4                                    
000003dc  TB0CCR5                                    
000003de  TB0CCR6                                    
000003c2  TB0CCTL0                                   
000003c4  TB0CCTL1                                   
000003c6  TB0CCTL2                                   
000003c8  TB0CCTL3                                   
000003ca  TB0CCTL4                                   
000003cc  TB0CCTL5                                   
000003ce  TB0CCTL6                                   
000003c0  TB0CTL                                     
000003e0  TB0EX0                                     
000003ee  TB0IV                                      
000003d0  TB0R                                       
00012280  TB_configureCctl                           
000151a2  TB_configureCtl                            
00015c26  TB_reset                                   
00010000  TB_unitTest                                
00015b38  TLV_getInfo                                
000005d0  UCA0ABCTL                                  
000005c6  UCA0BRW                                    
000005c7  UCA0BRW_H                                  
000005c6  UCA0BRW_L                                  
000005c0  UCA0CTLW0                                  
000005c1  UCA0CTLW0_H                                
000005c0  UCA0CTLW0_L                                
000005dc  UCA0ICTL                                   
000005dd  UCA0ICTL_H                                 
000005dc  UCA0ICTL_L                                 
000005d2  UCA0IRCTL                                  
000005d3  UCA0IRCTL_H                                
000005d2  UCA0IRCTL_L                                
000005de  UCA0IV                                     
000005c8  UCA0MCTL                                   
000005cc  UCA0RXBUF                                  
000005ca  UCA0STAT                                   
000005ce  UCA0TXBUF                                  
00000610  UCA1ABCTL                                  
[...]
0000239d  USBOEPBBAY_3                               
0000239e  USBOEPBCTY_3                               
0000239f  USBOEPSIZXY_3                              
000023a0  USBOEPCNF_4                                
000023a1  USBOEPBBAX_4                               
000023a2  USBOEPBCTX_4                               
000023a5  USBOEPBBAY_4                               
000023a6  USBOEPBCTY_4                               
000023a7  USBOEPSIZXY_4                              
000023a8  USBOEPCNF_5                                
000023a9  USBOEPBBAX_5                               
000023aa  USBOEPBCTX_5                               
000023ad  USBOEPBBAY_5                               
000023ae  USBOEPBCTY_5                               
000023af  USBOEPSIZXY_5                              
000023b0  USBOEPCNF_6                                
000023b1  USBOEPBBAX_6                               
000023b2  USBOEPBCTX_6                               
000023b5  USBOEPBBAY_6                               
000023b6  USBOEPBCTY_6                               
000023b7  USBOEPSIZXY_6                              
000023b8  USBOEPCNF_7                                
000023b9  USBOEPBBAX_7                               
000023ba  USBOEPBCTX_7                               
000023bd  USBOEPBBAY_7                               
000023be  USBOEPBCTY_7                               
000023bf  USBOEPSIZXY_7                              
000023c8  USBIEPCNF_1                                
000023c8  tInputEndPointDescriptorBlock              
000023c9  USBIEPBBAX_1                               
000023ca  USBIEPBCTX_1                               
000023cd  USBIEPBBAY_1                               
000023ce  USBIEPBCTY_1                               
000023cf  USBIEPSIZXY_1                              
000023d0  USBIEPCNF_2                                
000023d1  USBIEPBBAX_2                               
000023d2  USBIEPBCTX_2                               
000023d5  USBIEPBBAY_2                               
000023d6  USBIEPBCTY_2                               
000023d7  USBIEPSIZXY_2                              
000023d8  USBIEPCNF_3                                
000023d9  USBIEPBBAX_3                               
000023da  USBIEPBCTX_3                               
000023dd  USBIEPBBAY_3                               
000023de  USBIEPBCTY_3                               
000023df  USBIEPSIZXY_3                              
000023e0  USBIEPCNF_4                                
000023e1  USBIEPBBAX_4                               
000023e2  USBIEPBCTX_4                               
000023e5  USBIEPBBAY_4                               
000023e6  USBIEPBCTY_4                               
000023e7  USBIEPSIZXY_4                              
000023e8  USBIEPCNF_5                                
000023e9  USBIEPBBAX_5                               
000023ea  USBIEPBCTX_5                               
000023ed  USBIEPBBAY_5                               
000023ee  USBIEPBCTY_5                               
000023ef  USBIEPSIZXY_5                              
000023f0  USBIEPCNF_6                                
000023f1  USBIEPBBAX_6                               
000023f2  USBIEPBCTX_6                               
000023f5  USBIEPBBAY_6                               
000023f6  USBIEPBCTY_6                               
000023f7  USBIEPSIZXY_6                              
000023f8  USBIEPCNF_7                                
000023f9  USBIEPBBAX_7                               
000023fa  USBIEPBCTX_7                               
000023fd  USBIEPBBAY_7                               
000023fe  USBIEPBCTY_7                               
000023ff  USBIEPSIZXY_7                              
000038da  abramSerialStringDescriptor                
000038fc  CdcReadCtrl                                
000039da  CdcWriteCtrl                               
00003a10  abUsbRequestIncomingData                   
00003a18  abUsbRequestReturnData                     
00003a3a  USB_RX_memcpy                              
00003a3e  USB_TX_memcpy                              
00003a42  wBytesRemainingOnIEP0                      
00003a44  wBytesRemainingOnOEP0                      
00003a46  wUsbEventMask                              
00003a48  bStatusAction                              
00003b8a  pxCurrentTCB                               
00003bcf  bFunctionSuspended                         
00003bd0  bEnumerationStatus                         
00003bd2  VERSION                                    
00003bda  usCriticalNesting                          
00004360  _stack                                     
00004400  __STACK_END                                
00004400  iUsbInterruptHandler                       
00004550  ta0IRQHandler                              
000045f0  ta1IRQHandler                              
00004690  ta2IRQHandler                              
00004730  UNMI_ISR                                   
0000477a  p2_IRQHandler                              
000047ba  p1_IRQHandler                              
000047f2  ADC12_A_IRQHandler                         
0000480e  _c_int00_noargs                            
0000482a  vTickISREntry                              
0000483a  __TI_ISR_TRAP                              
0000576e  tUsbRequestList                            
00005878  abromStringDescriptor                      
0000595c  abromConfigurationDescriptorGroup          
00005a2c  abromDeviceDescriptor                      
00005a4e  stUsbHandle                                
00005b24  uxTopUsedPriority                          
00005b7c  __TI_Handler_Table_Base                    
00005b88  __TI_Handler_Table_Limit                   
00005b8e  __TI_CINIT_Base                            
00005b9e  __TI_CINIT_Limit                           
0000ffd2  __TI_int41                                 
0000ffd4  __TI_int42                                 
0000ffd6  __TI_int43                                 
0000ffd8  __TI_int44                                 
0000ffda  __TI_int45                                 
0000ffdc  __TI_int46                                 
0000ffde  __TI_int47                                 
0000ffe0  __TI_int48                                 
0000ffe2  __TI_int49                                 
0000ffe4  __TI_int50                                 
0000ffe6  __TI_int51                                 
0000ffe8  __TI_int52                                 
0000ffea  __TI_int53                                 
0000ffec  __TI_int54                                 
0000ffee  __TI_int55                                 
0000fff0  __TI_int56                                 
0000fff2  __TI_int57                                 
0000fff4  __TI_int58                                 
0000fff6  __TI_int59                                 
0000fff8  __TI_int60                                 
0000fffa  __TI_int61                                 
0000fffc  __TI_int62                                 
0000fffe  _reset_vector                              
00010000  TB_unitTest                                
00010b20  CM_init                                    
00010fd8  USBCDC_receiveData                         
00011450  CdcToHostFromBuffer                        
0001172e  CdcToBufferFromHost                        
00011974  PWM_configure                              
00011bb4  USB_reset                                  
00011da4  xQueueGenericSend                          
00011f5a  xQueueReceive                              
000120f4  xQueueSemaphoreTake                        
00012280  TB_configureCctl                           
00012404  TA_configureCctl                           
00012570  xTaskGenericNotify                         
000126da  IF_init                                    
0001281a  USB_enable                                 
00012a9a  PWM_start                                  
00012ce8  CopyUsbToBuff                              
00012df2  xTaskIncrementTick                         
00012ef8  USB_InitSerialStringDescriptor             
000130f0  ulTaskGenericNotifyTake                    
000131ea  xTaskResumeAll                             
000132e0  USBCDC_getInterfaceStatus                  
000133cc  USB_determineFreq                          
00013772  UCS_initFLL                                
00013854  IO_configurePin                            
00013934  PMM_setVCoreUp                             
00013a14  vTaskGenericNotifyGiveFromISR              
00013aec  USBCDC_getBytesInUSBBuffer                 
00013d40  USB_determineXT2Freq                       
00013dfa  USB_init                                   
00013eb4  xQueueGenericReset                         
00013f6a  xTaskCreateStatic                          
0001401e  usbGetLineCoding                           
0001417e  xQueueGiveFromISR                          
00014382  usbGetEndpointStatus                       
0001442a  UCS_initClockSignal                        
000144d0  USBCDC_sendData                            
00014576  vPortPreemptiveTickISR                     
000145a6  vPortCooperativeTickISR                    
000145d2  vPortYield                                 
00014602  xPortStartScheduler                        
0001461c  xQueueGenericCreateStatic                  
000146c0  PMM_setVCoreDown                           
00014762  vTaskStartScheduler                        
000148a2  usbClearEndpointFeature                    
0001493e  _assert_failure                            
000149d8  xTaskCheckForTimeOut                       
00014a72  usbDecodeAndProcessUsbRequest              
00014b02  usbSendNextPacketOnIEP0                    
00014b90  xTaskRemoveFromEventList                   
00014caa  Handler_SetLineCoding                      
00014d32  vTaskSwitchContext                         
00014dba  PWRVBUSoffHandler                          
00014e40  DMA_init                                   
00014fc2  ERROR_lastAssertInfo                       
000150b8  __TI_decompress_lzss                       
0001512e  PWRVBUSonHandler                           
000151a2  TB_configureCtl                            
00015216  init                                       
000152fe  vPortSetupTimerInterrupt                   
00015372  USBCDC_sendDataInBackground                
0001544e  memcpyDMA                                  
00015574  usbGetStringDescriptor                     
000155d4  usbReceiveNextPacketOnOEP0                 
00015634  USB_initMemcpy                             
00015748  CM_setFreq                                 
000157a0  SetupPacketInterruptHandler                
000157f8  __mspabi_divul                             
000157f8  __mspabi_remul                             
00015850  IO_attachInterrupt                         
000158a6  USBCDC_receiveDataInBuffer                 
000158fc  __TI_auto_init_nobinit_nopinit_hold_wdt    
00015950  CA_writeLaser                              
000159a2  PMM_setVCore                               
00015a46  usbSetEndpointFeature                      
00015a98  ADC12_A_init                               
00015ae8  TA_configureCtl                            
00015b38  TLV_getInfo                                
00015bd8  TA_reset                                   
00015c26  TB_reset                                   
00015d0c  CA_init                                    
00015d56  CA_measureSensor                           
00015da0  PWM_stop                                   
00015dea  OEP0InterruptHandler                       
00015e2e  CM_turnMotorSteps                          
00015e70  USB_lookUpPll                              
00015eb2  ADC12_A_disableInterrupt                   
00015ef2  ADC12_A_enableInterrupt                    
00015f32  CdcResetData                               
00015fb2  __mspabi_divli                             
00015fb2  __mspabi_remli                             
00015ff2  vListInsert                                
00016032  USBHAL_initClocks                          
00016070  USB_suspend                                
000160ae  __mspabi_slll_15                           
000160b2  __mspabi_slll_14                           
000160b6  __mspabi_slll_13                           
000160ba  __mspabi_slll_12                           
000160be  __mspabi_slll_11                           
000160c2  __mspabi_slll_10                           
000160c6  __mspabi_slll_9                            
000160ca  __mspabi_slll_8                            
000160ce  __mspabi_slll_7                            
000160d2  __mspabi_slll_6                            
000160d6  __mspabi_slll_5                            
000160da  __mspabi_slll_4                            
000160de  __mspabi_slll_3                            
000160e2  __mspabi_slll_2                            
000160e6  __mspabi_slll_1                            
000160ec  __mspabi_srll_15                           
000160f0  __mspabi_srll_14                           
000160f4  __mspabi_srll_13                           
000160f8  __mspabi_srll_12                           
000160fc  __mspabi_srll_11                           
00016100  __mspabi_srll_10                           
00016104  __mspabi_srll_9                            
00016108  __mspabi_srll_8                            
0001610c  __mspabi_srll_7                            
00016110  __mspabi_srll_6                            
00016114  __mspabi_srll_5                            
00016118  __mspabi_srll_4                            
0001611c  __mspabi_srll_3                            
00016120  __mspabi_srll_2                            
00016124  __mspabi_srll_1                            
0001612a  CM_getFreq                                 
00016166  UCS_turnOnXT2WithTimeout                   
000161a0  USB_setup                                  
000161da  uxListRemove                               
00016214  USB_getConnectionInformation               
00016284  UCS_initFLLSettle                          
000162f0  vTaskPlaceOnEventList                      
0001635a  usbGetDeviceStatus                         
0001638e  ADC12_A_startConversion                    
000163c0  LEDI_init                                  
000164ba  DMA_setDstAddress                          
000164ea  FlashCtl_write8                            
0001651a  DMA_setSrcAddress                          
00016548  USB_disable                                
00016576  usbSetConfiguration                        
000165a4  __mspabi_divi                              
000165a4  __mspabi_remi                              
000165d0  usbSendDataPacketOnEP0                     
000165fc  CM_align                                   
00016626  CA_idProbe                                 
0001664e  GPIO_setAsPeripheralModuleFunctionOutputPin
0001669e  usbDisableInEndpointInterrupt              
000166c6  usbDisableOutEndpointInterrupt             
000166ee  vListInitialise                            
00016716  ADC12_A_configureMemory                    
0001673c  ADC12_A_setupSamplingTimer                 
00016762  vListInsertEnd                             
00016788  FlashCtl_eraseSegment                      
000167ac  IEP0InterruptHandler                       
000167f4  __TI_zero_init                             
00016818  pxPortInitialiseStack                      
0001683c  __mspabi_mpyl_f5hw                         
00016860  usbGetInterface                            
00016884  usbGetInterfaceStatus                      
000168a8  usbSetAddress                              
000168cc  IO_reset                                   
000168ee  USB_connect                                
00016910  memcpyV                                    
00016954  WDT_A_hold                                 
00016974  main                                       
000169b4  UCS_getACLK                                
000169d2  USB_resume                                 
000169f0  usbClearDeviceFeature                      
00016a0c  usbSetDeviceFeature                        
00016a28  xTaskGetSchedulerState                     
00016a44  CdcIsReceiveInProgress                     
00016a5e  UCS_getSMCLK                               
00016a78  vApplicationGetIdleTaskMemory              
00016ac2  __mspabi_mpyi_f5hw                         
00016ada  usbGetConfigurationDescriptor              
00016af2  usbGetDeviceDescriptor                     
00016b0a  usbReceiveDataPacketOnEP0                  
00016b22  usbSetControlLineState                     
00016b3a  memset                                     
00016b50  __mspabi_divu                              
00016b50  __mspabi_remu                              
00016b66  usbGetConfiguration                        
00016b7c  USB_handleVbusOnEvent                      
00016ba4  memcpy                                     
00016bcc  usbSendZeroLengthPacketOnIEP0              
00016be0  usbSetInterface                            
00016c2a  __TI_decompress_none                       
00016c3c  vTaskInternalSetTimeOutState               
00016c4e  ADC12_A_getResults                         
00016c5e  DMA_disableTransfers                       
00016c6e  DMA_enableTransfers                        
00016c7e  usbInvalidRequest                          
00016c8e  DMA_getInterruptStatus                     
00016c9c  DMA_startTransfer                          
00016cd4  usbStallEndpoint0                          
00016ce2  ADC12_A_clearInterrupt                     
00016cee  DMA_setTransferSize                        
00016cfa  IF_informRx                                
00016d06  IF_informTx                                
00016d1e  usbSetLineCoding                           
00016d2a  USB_setEnabledEvents                       
00016d34  __mspabi_slli                              
00016d3e  __mspabi_srli                              
00016d48  test                                       
00016d52  ADC12_A_disable                            
00016d5a  ADC12_A_enable                             
00016d62  FlashCtl_getStatus                         
00016d6a  UCS_turnOffXT2                             
00016d72  USBCDC_handleDataReceived                  
00016d7a  USBCDC_handleSendCompleted                 
00016d82  USB_handleVbusOffEvent                     
00016d9a  usbClearOEP0ByteCount                      
00016da2  usbRestoreInEndpointInterrupt              
00016daa  usbRestoreOutEndpointInterrupt             
00016db2  usbStallOEP0                               
00016dba  vListInitialiseItem                        
00016dc2  vTaskMissedYield                           
00016dca  vTaskSuspendAll                            
00016dd2  DMA_disableTransferDuringReadModifyWrite   
00016dd8  DMA_enableTransferDuringReadModifyWrite    
00016dde  SFR_clearInterrupt                         
00016de4  UCS_clearFaultFlag                         
00016dea  USB_getVersion                             
00016df0  C$$EXIT                                    
00016df0  abort                                      
00016df6  USBCDC_handleReceiveCompleted              
00016dfa  USBCDC_handleSetControlLineState           
00016dfe  USBCDC_handleSetLineCoding                 
00016e02  USB_handleClockEvent                       
00016e06  USB_handleEnumerationCompleteEvent         
00016e0a  USB_handleResetEvent                       
00016e0e  USB_handleResumeEvent                      
00016e12  USB_handleSuspendEvent                     
00016e16  _system_pre_init                           
00016e1a  _system_post_cinit                         
ffffffff  __TI_pprof_out_hndl                        
ffffffff  __TI_prof_data_size                        
ffffffff  __TI_prof_data_start                       
ffffffff  __c_args__                                 

[1065 symbols]
